Archive member included to satisfy reference by file (symbol)

/usr/lib/gcc/arm-none-eabi/10.3.1/thumb/v6-m/nofp/libgcc.a(_dvmd_tls.o)
                              CMakeFiles/pico-rtos.dir/home/ubuntu/pico-sdk/src/rp2_common/pico_divider/divider.S.obj (__aeabi_idiv0)
/usr/lib/gcc/arm-none-eabi/10.3.1/../../../arm-none-eabi/lib/thumb/v6-m/nofp/libc.a(lib_a-atexit.o)
                              /usr/lib/gcc/arm-none-eabi/10.3.1/../../../arm-none-eabi/lib/thumb/v6-m/nofp/crt0.o (atexit)
/usr/lib/gcc/arm-none-eabi/10.3.1/../../../arm-none-eabi/lib/thumb/v6-m/nofp/libc.a(lib_a-calloc.o)
                              CMakeFiles/pico-rtos.dir/home/ubuntu/pico-sdk/src/rp2_common/pico_malloc/pico_malloc.c.obj (calloc)
/usr/lib/gcc/arm-none-eabi/10.3.1/../../../arm-none-eabi/lib/thumb/v6-m/nofp/libc.a(lib_a-callocr.o)
                              /usr/lib/gcc/arm-none-eabi/10.3.1/../../../arm-none-eabi/lib/thumb/v6-m/nofp/libc.a(lib_a-calloc.o) (_calloc_r)
/usr/lib/gcc/arm-none-eabi/10.3.1/../../../arm-none-eabi/lib/thumb/v6-m/nofp/libc.a(lib_a-fini.o)
                              /usr/lib/gcc/arm-none-eabi/10.3.1/../../../arm-none-eabi/lib/thumb/v6-m/nofp/crt0.o (__libc_fini_array)
/usr/lib/gcc/arm-none-eabi/10.3.1/../../../arm-none-eabi/lib/thumb/v6-m/nofp/libc.a(lib_a-impure.o)
                              /usr/lib/gcc/arm-none-eabi/10.3.1/../../../arm-none-eabi/lib/thumb/v6-m/nofp/libc.a(lib_a-calloc.o) (_impure_ptr)
/usr/lib/gcc/arm-none-eabi/10.3.1/../../../arm-none-eabi/lib/thumb/v6-m/nofp/libc.a(lib_a-init.o)
                              /usr/lib/gcc/arm-none-eabi/10.3.1/../../../arm-none-eabi/lib/thumb/v6-m/nofp/crt0.o (__libc_init_array)
/usr/lib/gcc/arm-none-eabi/10.3.1/../../../arm-none-eabi/lib/thumb/v6-m/nofp/libc.a(lib_a-malloc.o)
                              CMakeFiles/pico-rtos.dir/home/ubuntu/pico-sdk/src/rp2_common/pico_malloc/pico_malloc.c.obj (malloc)
/usr/lib/gcc/arm-none-eabi/10.3.1/../../../arm-none-eabi/lib/thumb/v6-m/nofp/libc.a(lib_a-mallocr.o)
                              /usr/lib/gcc/arm-none-eabi/10.3.1/../../../arm-none-eabi/lib/thumb/v6-m/nofp/libc.a(lib_a-callocr.o) (_malloc_r)
/usr/lib/gcc/arm-none-eabi/10.3.1/../../../arm-none-eabi/lib/thumb/v6-m/nofp/libc.a(lib_a-mlock.o)
                              /usr/lib/gcc/arm-none-eabi/10.3.1/../../../arm-none-eabi/lib/thumb/v6-m/nofp/libc.a(lib_a-mallocr.o) (__malloc_lock)
/usr/lib/gcc/arm-none-eabi/10.3.1/../../../arm-none-eabi/lib/thumb/v6-m/nofp/libc.a(lib_a-realloc.o)
                              CMakeFiles/pico-rtos.dir/home/ubuntu/pico-sdk/src/rp2_common/pico_malloc/pico_malloc.c.obj (realloc)
/usr/lib/gcc/arm-none-eabi/10.3.1/../../../arm-none-eabi/lib/thumb/v6-m/nofp/libc.a(lib_a-reallocr.o)
                              /usr/lib/gcc/arm-none-eabi/10.3.1/../../../arm-none-eabi/lib/thumb/v6-m/nofp/libc.a(lib_a-realloc.o) (_realloc_r)
/usr/lib/gcc/arm-none-eabi/10.3.1/../../../arm-none-eabi/lib/thumb/v6-m/nofp/libc.a(lib_a-sbrkr.o)
                              /usr/lib/gcc/arm-none-eabi/10.3.1/../../../arm-none-eabi/lib/thumb/v6-m/nofp/libc.a(lib_a-mallocr.o) (_sbrk_r)
/usr/lib/gcc/arm-none-eabi/10.3.1/../../../arm-none-eabi/lib/thumb/v6-m/nofp/libc.a(lib_a-strlen-stub.o)
                              CMakeFiles/pico-rtos.dir/home/ubuntu/pico-sdk/src/rp2_common/pico_stdio/stdio.c.obj (strlen)
/usr/lib/gcc/arm-none-eabi/10.3.1/../../../arm-none-eabi/lib/thumb/v6-m/nofp/libc.a(lib_a-__atexit.o)
                              /usr/lib/gcc/arm-none-eabi/10.3.1/../../../arm-none-eabi/lib/thumb/v6-m/nofp/libc.a(lib_a-atexit.o) (__register_exitproc)
/usr/lib/gcc/arm-none-eabi/10.3.1/../../../arm-none-eabi/lib/thumb/v6-m/nofp/libc.a(lib_a-freer.o)
                              /usr/lib/gcc/arm-none-eabi/10.3.1/../../../arm-none-eabi/lib/thumb/v6-m/nofp/libc.a(lib_a-malloc.o) (_free_r)
/usr/lib/gcc/arm-none-eabi/10.3.1/../../../arm-none-eabi/lib/thumb/v6-m/nofp/libc.a(lib_a-memmove.o)
                              /usr/lib/gcc/arm-none-eabi/10.3.1/../../../arm-none-eabi/lib/thumb/v6-m/nofp/libc.a(lib_a-reallocr.o) (memmove)
/usr/lib/gcc/arm-none-eabi/10.3.1/../../../arm-none-eabi/lib/thumb/v6-m/nofp/libc.a(lib_a-reent.o)
                              /usr/lib/gcc/arm-none-eabi/10.3.1/../../../arm-none-eabi/lib/thumb/v6-m/nofp/libc.a(lib_a-sbrkr.o) (errno)

Discarded input sections

 .text          0x0000000000000000        0x0 /usr/lib/gcc/arm-none-eabi/10.3.1/thumb/v6-m/nofp/crti.o
 .data          0x0000000000000000        0x0 /usr/lib/gcc/arm-none-eabi/10.3.1/thumb/v6-m/nofp/crti.o
 .bss           0x0000000000000000        0x0 /usr/lib/gcc/arm-none-eabi/10.3.1/thumb/v6-m/nofp/crti.o
 .data          0x0000000000000000        0x4 /usr/lib/gcc/arm-none-eabi/10.3.1/thumb/v6-m/nofp/crtbegin.o
 .rodata        0x0000000000000000       0x24 /usr/lib/gcc/arm-none-eabi/10.3.1/thumb/v6-m/nofp/crtbegin.o
 .fini_array    0x0000000000000000        0x4 /usr/lib/gcc/arm-none-eabi/10.3.1/thumb/v6-m/nofp/crtbegin.o
[...]
Memory Configuration

Name             Origin             Length             Attributes
FLASH            0x0000000010000000 0x0000000000200000 xr
RAM              0x0000000020000000 0x0000000000040000 xrw
SCRATCH_X        0x0000000020040000 0x0000000000001000 xrw
SCRATCH_Y        0x0000000020041000 0x0000000000001000 xrw
*default*        0x0000000000000000 0xffffffffffffffff

Linker script and memory map

LOAD /usr/lib/gcc/arm-none-eabi/10.3.1/thumb/v6-m/nofp/crti.o
LOAD /usr/lib/gcc/arm-none-eabi/10.3.1/thumb/v6-m/nofp/crtbegin.o
LOAD /usr/lib/gcc/arm-none-eabi/10.3.1/../../../arm-none-eabi/lib/thumb/v6-m/nofp/crt0.o

.flash_begin    0x0000000010000000        0x0
                0x0000000010000000                __flash_binary_start = .

.boot2          0x0000000010000000      0x100
                0x0000000010000000                __boot2_start__ = .
 *(.boot2)
 .boot2         0x0000000010000000      0x100 /tmp/ccQ3SCy4.o
                0x0000000010000100                __boot2_end__ = .
                0x0000000000000001                ASSERT (((__boot2_end__ - __boot2_start__) == 0x100), ERROR: Pico second stage bootloader must be 256 bytes in size)

.text           0x0000000010000100     0x9748
                0x0000000010000100                __logical_binary_start = .
 *(.vectors)
 .vectors       0x0000000010000100       0xd4 CMakeFiles/pico-rtos.dir/home/ubuntu/pico-sdk/src/rp2_common/pico_standard_link/crt0.S.obj
                0x0000000010000100                __vectors
                0x0000000010000100                __VECTOR_TABLE
                0x00000000100001c0                isr_invalid
                0x00000000100001c0                __default_isrs_start
                0x00000000100001c2                isr_nmi
                0x00000000100001c4                isr_hardfault
                0x00000000100001c6                isr_svcall
                0x00000000100001c8                isr_pendsv
                0x00000000100001ca                isr_systick
                0x00000000100001cc                isr_irq30
                0x00000000100001cc                __unhandled_user_irq
                0x00000000100001cc                isr_irq13
                0x00000000100001cc                isr_irq27
                0x00000000100001cc                isr_irq31
                0x00000000100001cc                isr_irq5
                0x00000000100001cc                isr_irq11
                0x00000000100001cc                isr_irq23
                0x00000000100001cc                isr_irq18
                0x00000000100001cc                isr_irq28
                0x00000000100001cc                isr_irq19
                0x00000000100001cc                isr_irq0
                0x00000000100001cc                isr_irq6
                0x00000000100001cc                isr_irq22
                0x00000000100001cc                isr_irq17
                0x00000000100001cc                isr_irq14
                0x00000000100001cc                isr_irq2
                0x00000000100001cc                isr_irq10
                0x00000000100001cc                isr_irq8
                0x00000000100001cc                isr_irq24
                0x00000000100001cc                isr_irq1
                0x00000000100001cc                isr_irq7
                0x00000000100001cc                isr_irq21
                0x00000000100001cc                isr_irq20
                0x00000000100001cc                isr_irq15
                0x00000000100001cc                isr_irq25
                0x00000000100001cc                isr_irq4
                0x00000000100001cc                isr_irq16
                0x00000000100001cc                isr_irq29
                0x00000000100001cc                isr_irq26
                0x00000000100001cc                __default_isrs_end
                0x00000000100001cc                isr_irq3
                0x00000000100001cc                isr_irq12
                0x00000000100001cc                isr_irq9
                0x00000000100001d2                unhandled_user_irq_num_in_r0
 *(.binary_info_header)
 .binary_info_header
                0x00000000100001d4       0x14 CMakeFiles/pico-rtos.dir/home/ubuntu/pico-sdk/src/rp2_common/pico_standard_link/crt0.S.obj
                0x00000000100001e8                __binary_info_header_end = .
 *(.reset)
 .reset         0x00000000100001e8       0xa0 CMakeFiles/pico-rtos.dir/home/ubuntu/pico-sdk/src/rp2_common/pico_standard_link/crt0.S.obj
                0x00000000100001e8                _entry_point
 .reset         0x0000000010000288       0x30 CMakeFiles/pico-rtos.dir/home/ubuntu/pico-sdk/src/rp2_common/pico_standard_link/binary_info.c.obj
 *(.init)
 .init          0x00000000100002b8        0x4 /usr/lib/gcc/arm-none-eabi/10.3.1/thumb/v6-m/nofp/crti.o
                0x00000000100002b8                _init
 *(EXCLUDE_FILE(*libm.a: *libc.a:*lib_a-mem*.o *libgcc.a:) .text*)
 .text          0x00000000100002bc       0x98 /usr/lib/gcc/arm-none-eabi/10.3.1/thumb/v6-m/nofp/crtbegin.o
 .text.task_get_orientation
                0x0000000010000354      0x368 CMakeFiles/pico-rtos.dir/main.c.obj
                0x0000000010000354                task_get_orientation
 .text.startup.main
                0x00000000100006bc       0x2c CMakeFiles/pico-rtos.dir/main.c.obj
                0x00000000100006bc                main
 .text.gpio_set_function
                0x00000000100006e8       0x30 CMakeFiles/pico-rtos.dir/home/ubuntu/pico-sdk/src/rp2_common/hardware_gpio/gpio.c.obj
                0x00000000100006e8                gpio_set_function
 .text.gpio_set_pulls
                0x0000000010000718       0x30 CMakeFiles/pico-rtos.dir/home/ubuntu/pico-sdk/src/rp2_common/hardware_gpio/gpio.c.obj
                0x0000000010000718                gpio_set_pulls
 .text.running_on_fpga
                0x0000000010000748       0x10 CMakeFiles/pico-rtos.dir/home/ubuntu/pico-sdk/src/rp2_common/pico_platform/platform.c.obj
                0x0000000010000748                running_on_fpga
 .text.hw_claim_or_assert
                0x0000000010000758       0x44 CMakeFiles/pico-rtos.dir/home/ubuntu/pico-sdk/src/rp2_common/hardware_claim/claim.c.obj
                0x0000000010000758                hw_claim_or_assert
 .text.hw_claim_unused_from_range
                0x000000001000079c       0x9c CMakeFiles/pico-rtos.dir/home/ubuntu/pico-sdk/src/rp2_common/hardware_claim/claim.c.obj
                0x000000001000079c                hw_claim_unused_from_range
 .text.spin_locks_reset
                0x0000000010000838       0x1c CMakeFiles/pico-rtos.dir/home/ubuntu/pico-sdk/src/rp2_common/hardware_sync/sync.c.obj
                0x0000000010000838                spin_locks_reset
 .text.next_striped_spin_lock_num
                0x0000000010000854       0x18 CMakeFiles/pico-rtos.dir/home/ubuntu/pico-sdk/src/rp2_common/hardware_sync/sync.c.obj
                0x0000000010000854                next_striped_spin_lock_num
 .text.spin_lock_claim_unused
                0x000000001000086c       0x20 CMakeFiles/pico-rtos.dir/home/ubuntu/pico-sdk/src/rp2_common/hardware_sync/sync.c.obj
                0x000000001000086c                spin_lock_claim_unused
 .text.irq_set_enabled
                0x000000001000088c       0x24 CMakeFiles/pico-rtos.dir/home/ubuntu/pico-sdk/src/rp2_common/hardware_irq/irq.c.obj
                0x000000001000088c                irq_set_enabled
 .text.irq_set_pending
                0x00000000100008b0       0x10 CMakeFiles/pico-rtos.dir/home/ubuntu/pico-sdk/src/rp2_common/hardware_irq/irq.c.obj
                0x00000000100008b0                irq_set_pending
 .text.irq_has_shared_handler
                0x00000000100008c0       0x2c CMakeFiles/pico-rtos.dir/home/ubuntu/pico-sdk/src/rp2_common/hardware_irq/irq.c.obj
                0x00000000100008c0                irq_has_shared_handler
 .text.irq_get_vtable_handler
                0x00000000100008ec       0x10 CMakeFiles/pico-rtos.dir/home/ubuntu/pico-sdk/src/rp2_common/hardware_irq/irq.c.obj
                0x00000000100008ec                irq_get_vtable_handler
 .text.irq_set_exclusive_handler
                0x00000000100008fc       0x54 CMakeFiles/pico-rtos.dir/home/ubuntu/pico-sdk/src/rp2_common/hardware_irq/irq.c.obj
                0x00000000100008fc                irq_set_exclusive_handler
 .text.irq_add_shared_handler
                0x0000000010000950      0x1e8 CMakeFiles/pico-rtos.dir/home/ubuntu/pico-sdk/src/rp2_common/hardware_irq/irq.c.obj
                0x0000000010000950                irq_add_shared_handler
 .text.irq_remove_handler
                0x0000000010000b38      0x1b0 CMakeFiles/pico-rtos.dir/home/ubuntu/pico-sdk/src/rp2_common/hardware_irq/irq.c.obj
                0x0000000010000b38                irq_remove_handler
 .text.irq_set_priority
                0x0000000010000ce8       0x28 CMakeFiles/pico-rtos.dir/home/ubuntu/pico-sdk/src/rp2_common/hardware_irq/irq.c.obj
                0x0000000010000ce8                irq_set_priority
 .text.irq_add_tail_to_free_list
                0x0000000010000d10       0xb4 CMakeFiles/pico-rtos.dir/home/ubuntu/pico-sdk/src/rp2_common/hardware_irq/irq.c.obj
                0x0000000010000d10                irq_add_tail_to_free_list
 .text.irq_init_priorities
                0x0000000010000dc4       0x24 CMakeFiles/pico-rtos.dir/home/ubuntu/pico-sdk/src/rp2_common/hardware_irq/irq.c.obj
                0x0000000010000dc4                irq_init_priorities
 .text.user_irq_claim_unused
                0x0000000010000de8       0x28 CMakeFiles/pico-rtos.dir/home/ubuntu/pico-sdk/src/rp2_common/hardware_irq/irq.c.obj
                0x0000000010000de8                user_irq_claim_unused
 .text.lock_init
                0x0000000010000e10       0x10 CMakeFiles/pico-rtos.dir/home/ubuntu/pico-sdk/src/common/pico_sync/lock_core.c.obj
                0x0000000010000e10                lock_init
 .text.mutex_init
                0x0000000010000e20       0x1c CMakeFiles/pico-rtos.dir/home/ubuntu/pico-sdk/src/common/pico_sync/mutex.c.obj
                0x0000000010000e20                mutex_init
 .text.recursive_mutex_init
                0x0000000010000e3c       0x20 CMakeFiles/pico-rtos.dir/home/ubuntu/pico-sdk/src/common/pico_sync/mutex.c.obj
                0x0000000010000e3c                recursive_mutex_init
 .text.critical_section_init
                0x0000000010000e5c       0x20 CMakeFiles/pico-rtos.dir/home/ubuntu/pico-sdk/src/common/pico_sync/critical_section.c.obj
                0x0000000010000e5c                critical_section_init
 .text.critical_section_init_with_lock_num
                0x0000000010000e7c       0x14 CMakeFiles/pico-rtos.dir/home/ubuntu/pico-sdk/src/common/pico_sync/critical_section.c.obj
                0x0000000010000e7c                critical_section_init_with_lock_num
 .text.timer_pool_entry_comparator
                0x0000000010000e90       0x34 CMakeFiles/pico-rtos.dir/home/ubuntu/pico-sdk/src/common/pico_time/time.c.obj
                0x0000000010000e90                timer_pool_entry_comparator
 .text.sleep_until_callback
                0x0000000010000ec4       0x24 CMakeFiles/pico-rtos.dir/home/ubuntu/pico-sdk/src/common/pico_time/time.c.obj
 .text.add_alarm_under_lock.isra.0
                0x0000000010000ee8      0x100 CMakeFiles/pico-rtos.dir/home/ubuntu/pico-sdk/src/common/pico_time/time.c.obj
 .text.alarm_pool_alarm_callback
                0x0000000010000fe8      0x1bc CMakeFiles/pico-rtos.dir/home/ubuntu/pico-sdk/src/common/pico_time/time.c.obj
 .text.alarm_pool_init_default
                0x00000000100011a4       0x6c CMakeFiles/pico-rtos.dir/home/ubuntu/pico-sdk/src/common/pico_time/time.c.obj
                0x00000000100011a4                alarm_pool_init_default
 .text.alarm_pool_get_default
                0x0000000010001210        0x8 CMakeFiles/pico-rtos.dir/home/ubuntu/pico-sdk/src/common/pico_time/time.c.obj
                0x0000000010001210                alarm_pool_get_default
 .text.alarm_pool_add_alarm_at
                0x0000000010001218      0x178 CMakeFiles/pico-rtos.dir/home/ubuntu/pico-sdk/src/common/pico_time/time.c.obj
                0x0000000010001218                alarm_pool_add_alarm_at
 .text.alarm_pool_core_num
                0x0000000010001390        0x4 CMakeFiles/pico-rtos.dir/home/ubuntu/pico-sdk/src/common/pico_time/time.c.obj
                0x0000000010001390                alarm_pool_core_num
 .text.best_effort_wfe_or_timeout
                0x0000000010001394       0xd4 CMakeFiles/pico-rtos.dir/home/ubuntu/pico-sdk/src/common/pico_time/time.c.obj
                0x0000000010001394                best_effort_wfe_or_timeout
 .text.hardware_alarm_irq_handler
                0x0000000010001468       0xbc CMakeFiles/pico-rtos.dir/home/ubuntu/pico-sdk/src/rp2_common/hardware_timer/timer.c.obj
 .text.hardware_alarm_claim
                0x0000000010001524       0x18 CMakeFiles/pico-rtos.dir/home/ubuntu/pico-sdk/src/rp2_common/hardware_timer/timer.c.obj
                0x0000000010001524                hardware_alarm_claim
 .text.time_us_64
                0x000000001000153c       0x14 CMakeFiles/pico-rtos.dir/home/ubuntu/pico-sdk/src/rp2_common/hardware_timer/timer.c.obj
                0x000000001000153c                time_us_64
 .text.hardware_alarm_set_callback
                0x0000000010001550       0x8c CMakeFiles/pico-rtos.dir/home/ubuntu/pico-sdk/src/rp2_common/hardware_timer/timer.c.obj
                0x0000000010001550                hardware_alarm_set_callback
 .text.hardware_alarm_set_target
                0x00000000100015dc       0xd4 CMakeFiles/pico-rtos.dir/home/ubuntu/pico-sdk/src/rp2_common/hardware_timer/timer.c.obj
                0x00000000100015dc                hardware_alarm_set_target
 .text.hardware_alarm_cancel
                0x00000000100016b0       0x3c CMakeFiles/pico-rtos.dir/home/ubuntu/pico-sdk/src/rp2_common/hardware_timer/timer.c.obj
                0x00000000100016b0                hardware_alarm_cancel
 .text.ph_merge_nodes
                0x00000000100016ec       0x68 CMakeFiles/pico-rtos.dir/home/ubuntu/pico-sdk/src/common/pico_util/pheap.c.obj
 .text.ph_post_alloc_init
                0x0000000010001754       0x3c CMakeFiles/pico-rtos.dir/home/ubuntu/pico-sdk/src/common/pico_util/pheap.c.obj
                0x0000000010001754                ph_post_alloc_init
 .text.ph_merge_two_pass
                0x0000000010001790       0x90 CMakeFiles/pico-rtos.dir/home/ubuntu/pico-sdk/src/common/pico_util/pheap.c.obj
                0x0000000010001790                ph_merge_two_pass
 .text.ph_remove_any_head
                0x0000000010001820      0x100 CMakeFiles/pico-rtos.dir/home/ubuntu/pico-sdk/src/common/pico_util/pheap.c.obj
 .text.ph_remove_head
                0x0000000010001920      0x104 CMakeFiles/pico-rtos.dir/home/ubuntu/pico-sdk/src/common/pico_util/pheap.c.obj
                0x0000000010001920                ph_remove_head
 .text.ph_remove_and_free_node
                0x0000000010001a24       0x7c CMakeFiles/pico-rtos.dir/home/ubuntu/pico-sdk/src/common/pico_util/pheap.c.obj
                0x0000000010001a24                ph_remove_and_free_node
 .text.clocks_init
                0x0000000010001aa0      0x2d0 CMakeFiles/pico-rtos.dir/home/ubuntu/pico-sdk/src/rp2_common/hardware_clocks/clocks.c.obj
                0x0000000010001aa0                clocks_init
 .text.clock_get_hz
                0x0000000010001d70        0xc CMakeFiles/pico-rtos.dir/home/ubuntu/pico-sdk/src/rp2_common/hardware_clocks/clocks.c.obj
                0x0000000010001d70                clock_get_hz
 .text.pll_init
                0x0000000010001d7c       0xa0 CMakeFiles/pico-rtos.dir/home/ubuntu/pico-sdk/src/rp2_common/hardware_pll/pll.c.obj
                0x0000000010001d7c                pll_init
 .text.watchdog_start_tick
                0x0000000010001e1c       0x10 CMakeFiles/pico-rtos.dir/home/ubuntu/pico-sdk/src/rp2_common/hardware_watchdog/watchdog.c.obj
                0x0000000010001e1c                watchdog_start_tick
 .text.watchdog_reboot
                0x0000000010001e2c       0x98 CMakeFiles/pico-rtos.dir/home/ubuntu/pico-sdk/src/rp2_common/hardware_watchdog/watchdog.c.obj
                0x0000000010001e2c                watchdog_reboot
 .text.xosc_init
                0x0000000010001ec4       0x28 CMakeFiles/pico-rtos.dir/home/ubuntu/pico-sdk/src/rp2_common/hardware_xosc/xosc.c.obj
                0x0000000010001ec4                xosc_init
 .text.runtime_init
                0x0000000010001eec       0xf0 CMakeFiles/pico-rtos.dir/home/ubuntu/pico-sdk/src/rp2_common/pico_runtime/runtime.c.obj
                0x0000000010001eec                runtime_init
 .text._exit    0x0000000010001fdc        0x4 CMakeFiles/pico-rtos.dir/home/ubuntu/pico-sdk/src/rp2_common/pico_runtime/runtime.c.obj
                0x0000000010001fdc                _exit
 .text.exit     0x0000000010001fe0        0x8 CMakeFiles/pico-rtos.dir/home/ubuntu/pico-sdk/src/rp2_common/pico_runtime/runtime.c.obj
                0x0000000010001fe0                exit
 .text.panic    0x0000000010001fe8       0x30 CMakeFiles/pico-rtos.dir/home/ubuntu/pico-sdk/src/rp2_common/pico_runtime/runtime.c.obj
                0x0000000010001fe8                panic
 .text.panic_unsupported
                0x0000000010002018        0xc CMakeFiles/pico-rtos.dir/home/ubuntu/pico-sdk/src/rp2_common/pico_runtime/runtime.c.obj
                0x0000000010002018                panic_unsupported
 .text.hard_assertion_failure
                0x0000000010002024        0xc CMakeFiles/pico-rtos.dir/home/ubuntu/pico-sdk/src/rp2_common/pico_runtime/runtime.c.obj
                0x0000000010002024                hard_assertion_failure
 .text._out_null
                0x0000000010002030        0x4 CMakeFiles/pico-rtos.dir/home/ubuntu/pico-sdk/src/rp2_common/pico_printf/printf.c.obj
 .text._out_rev
                0x0000000010002034       0x9c CMakeFiles/pico-rtos.dir/home/ubuntu/pico-sdk/src/rp2_common/pico_printf/printf.c.obj
 .text._ntoa_format
                0x00000000100020d0      0x1cc CMakeFiles/pico-rtos.dir/home/ubuntu/pico-sdk/src/rp2_common/pico_printf/printf.c.obj
 .text._out_char
                0x000000001000229c       0x10 CMakeFiles/pico-rtos.dir/home/ubuntu/pico-sdk/src/rp2_common/pico_printf/printf.c.obj
 .text._out_fct
                0x00000000100022ac       0x10 CMakeFiles/pico-rtos.dir/home/ubuntu/pico-sdk/src/rp2_common/pico_printf/printf.c.obj
 .text._etoa    0x00000000100022bc      0x44c CMakeFiles/pico-rtos.dir/home/ubuntu/pico-sdk/src/rp2_common/pico_printf/printf.c.obj
 .text._ftoa    0x0000000010002708      0x398 CMakeFiles/pico-rtos.dir/home/ubuntu/pico-sdk/src/rp2_common/pico_printf/printf.c.obj
 .text._vsnprintf
                0x0000000010002aa0      0xb04 CMakeFiles/pico-rtos.dir/home/ubuntu/pico-sdk/src/rp2_common/pico_printf/printf.c.obj
 .text.vfctprintf
                0x00000000100035a4       0x20 CMakeFiles/pico-rtos.dir/home/ubuntu/pico-sdk/src/rp2_common/pico_printf/printf.c.obj
                0x00000000100035a4                vfctprintf
 .text.weak_raw_vprintf
                0x00000000100035c4       0x30 CMakeFiles/pico-rtos.dir/home/ubuntu/pico-sdk/src/rp2_common/pico_printf/printf.c.obj
                0x00000000100035c4                weak_raw_vprintf
 .text          0x00000000100035f4       0x10 CMakeFiles/pico-rtos.dir/home/ubuntu/pico-sdk/src/rp2_common/pico_bit_ops/bit_ops_aeabi.S.obj
 .text.rom_func_lookup
                0x0000000010003604       0x10 CMakeFiles/pico-rtos.dir/home/ubuntu/pico-sdk/src/rp2_common/pico_bootrom/bootrom.c.obj
                0x0000000010003604                rom_func_lookup
 .text.rom_data_lookup
                0x0000000010003614       0x10 CMakeFiles/pico-rtos.dir/home/ubuntu/pico-sdk/src/rp2_common/pico_bootrom/bootrom.c.obj
                0x0000000010003614                rom_data_lookup
 .text.rom_funcs_lookup
                0x0000000010003624       0x44 CMakeFiles/pico-rtos.dir/home/ubuntu/pico-sdk/src/rp2_common/pico_bootrom/bootrom.c.obj
                0x0000000010003624                rom_funcs_lookup
 .text.__wrap___aeabi_idiv
                0x0000000010003668       0x50 CMakeFiles/pico-rtos.dir/home/ubuntu/pico-sdk/src/rp2_common/pico_divider/divider.S.obj
                0x0000000010003668                __wrap___aeabi_idivmod
                0x0000000010003668                divmod_s32s32
                0x0000000010003668                div_s32s32
                0x0000000010003668                __wrap___aeabi_idiv
                0x0000000010003670                divmod_s32s32_unsafe
                0x000000001000369c                divmod_s32s32_savestate
 .text.__wrap___aeabi_uidiv
                0x00000000100036b8       0x4c CMakeFiles/pico-rtos.dir/home/ubuntu/pico-sdk/src/rp2_common/pico_divider/divider.S.obj
                0x00000000100036b8                __wrap___aeabi_uidiv
                0x00000000100036b8                __wrap___aeabi_uidivmod
                0x00000000100036b8                div_u32u32
                0x00000000100036b8                divmod_u32u32
                0x00000000100036c0                divmod_u32u32_unsafe
                0x00000000100036e8                divmod_u32u32_savestate
 .text.__wrap___aeabi_ldiv
                0x0000000010003704      0x424 CMakeFiles/pico-rtos.dir/home/ubuntu/pico-sdk/src/rp2_common/pico_divider/divider.S.obj
                0x0000000010003704                div_s64s64
                0x0000000010003704                divmod_s64s64
                0x0000000010003704                __wrap___aeabi_ldivmod
                0x0000000010003734                div_u64u64
                0x0000000010003734                divmod_u64u64
                0x0000000010003734                __wrap___aeabi_uldivmod
                0x0000000010003744                divmod_u64u64_savestate
                0x0000000010003764                divmod_s64s64_unsafe
                0x00000000100037ec                divmod_u64u64_unsafe
 .text.push_r8_r11
                0x0000000010003b28        0xc CMakeFiles/pico-rtos.dir/home/ubuntu/pico-sdk/src/rp2_common/pico_double/double_aeabi.S.obj
                0x0000000010003b28                push_r8_r11
 .text.pop_r8_r11
                0x0000000010003b34        0xc CMakeFiles/pico-rtos.dir/home/ubuntu/pico-sdk/src/rp2_common/pico_double/double_aeabi.S.obj
                0x0000000010003b34                pop_r8_r11
 .text.__wrap___aeabi_darithmetic
                0x0000000010003b40       0x80 CMakeFiles/pico-rtos.dir/home/ubuntu/pico-sdk/src/rp2_common/pico_double/double_aeabi.S.obj
                0x0000000010003b40                __wrap___aeabi_drsub
                0x0000000010003b46                __wrap___aeabi_dsub
                0x0000000010003b58                __wrap___aeabi_dadd
                0x0000000010003b6a                __wrap___aeabi_ddiv
                0x0000000010003ba6                __wrap___aeabi_dmul
 .text.__wrap___aeabi_cdcmple
                0x0000000010003bc0       0x6c CMakeFiles/pico-rtos.dir/home/ubuntu/pico-sdk/src/rp2_common/pico_double/double_aeabi.S.obj
                0x0000000010003bc0                __wrap___aeabi_cdrcmple
                0x0000000010003bd0                __wrap___aeabi_cdcmple
                0x0000000010003bd0                __wrap___aeabi_cdcmpeq
 .text.__wrap___aeabi_dcmplt
                0x0000000010003c2c        0xc CMakeFiles/pico-rtos.dir/home/ubuntu/pico-sdk/src/rp2_common/pico_double/double_aeabi.S.obj
                0x0000000010003c2c                __wrap___aeabi_dcmplt
 .text.__wrap___aeabi_dcmple
                0x0000000010003c38       0x10 CMakeFiles/pico-rtos.dir/home/ubuntu/pico-sdk/src/rp2_common/pico_double/double_aeabi.S.obj
                0x0000000010003c38                __wrap___aeabi_dcmple
 .text.__wrap___aeabi_dcmpge
                0x0000000010003c48       0x10 CMakeFiles/pico-rtos.dir/home/ubuntu/pico-sdk/src/rp2_common/pico_double/double_aeabi.S.obj
                0x0000000010003c48                __wrap___aeabi_dcmpge
 .text.__wrap___aeabi_dcmpgt
                0x0000000010003c58        0xa CMakeFiles/pico-rtos.dir/home/ubuntu/pico-sdk/src/rp2_common/pico_double/double_aeabi.S.obj
                0x0000000010003c58                __wrap___aeabi_dcmpgt
 .text.__wrap___aeabi_dcmpun
                0x0000000010003c62       0x1c CMakeFiles/pico-rtos.dir/home/ubuntu/pico-sdk/src/rp2_common/pico_double/double_aeabi.S.obj
                0x0000000010003c62                __wrap___aeabi_dcmpun
 *fill*         0x0000000010003c7e        0x2 
 .text.__wrap___aeabi_i2d
                0x0000000010003c80       0x38 CMakeFiles/pico-rtos.dir/home/ubuntu/pico-sdk/src/rp2_common/pico_double/double_aeabi.S.obj
                0x0000000010003c80                __wrap___aeabi_ui2d
                0x0000000010003c88                __wrap___aeabi_i2d
 .text.__wrap___aeabi_d2iz
                0x0000000010003cb8       0x48 CMakeFiles/pico-rtos.dir/home/ubuntu/pico-sdk/src/rp2_common/pico_double/double_aeabi.S.obj
                0x0000000010003cb8                __wrap___aeabi_d2iz
                0x0000000010003cb8                double2int_z
 .text.__wrap___aeabi_d2uiz
                0x0000000010003d00       0x18 CMakeFiles/pico-rtos.dir/home/ubuntu/pico-sdk/src/rp2_common/pico_double/double_aeabi.S.obj
                0x0000000010003d00                double2uint
                0x0000000010003d00                __wrap___aeabi_d2uiz
 .text.__wrap___aeabi_d2f
                0x0000000010003d18       0x18 CMakeFiles/pico-rtos.dir/home/ubuntu/pico-sdk/src/rp2_common/pico_double/double_aeabi.S.obj
                0x0000000010003d18                __wrap___aeabi_d2f
 .text.__wrap_srqt
                0x0000000010003d30       0x18 CMakeFiles/pico-rtos.dir/home/ubuntu/pico-sdk/src/rp2_common/pico_double/double_aeabi.S.obj
                0x0000000010003d30                __wrap_sqrt
 .text.__wrap_atan2
                0x0000000010003d48       0x18 CMakeFiles/pico-rtos.dir/home/ubuntu/pico-sdk/src/rp2_common/pico_double/double_aeabi.S.obj
                0x0000000010003d48                __wrap_atan2
 .text.__aeabi_double_init
                0x0000000010003d60       0x94 CMakeFiles/pico-rtos.dir/home/ubuntu/pico-sdk/src/rp2_common/pico_double/double_init_rom.c.obj
                0x0000000010003d60                __aeabi_double_init
 .text.double_table_shim_on_use_helper
                0x0000000010003df4       0x2c CMakeFiles/pico-rtos.dir/home/ubuntu/pico-sdk/src/rp2_common/pico_double/double_v1_rom_shim.S.obj
                0x0000000010003df4                double_table_shim_on_use_helper
 .text.__wrap___aeabi_dsub
                0x0000000010003e20       0x10 CMakeFiles/pico-rtos.dir/home/ubuntu/pico-sdk/src/rp2_common/pico_double/double_v1_rom_shim.S.obj
                0x0000000010003e20                drsub_shim
                0x0000000010003e26                dsub_shim
 .text.dadd_shim
                0x0000000010003e30      0x15c CMakeFiles/pico-rtos.dir/home/ubuntu/pico-sdk/src/rp2_common/pico_double/double_v1_rom_shim.S.obj
                0x0000000010003e30                dadd_shim
 .text.dmul_shim
                0x0000000010003f8c      0x15c CMakeFiles/pico-rtos.dir/home/ubuntu/pico-sdk/src/rp2_common/pico_double/double_v1_rom_shim.S.obj
                0x0000000010003f8c                dmul_shim
 .text.ddiv_shim
                0x00000000100040e8      0x1b0 CMakeFiles/pico-rtos.dir/home/ubuntu/pico-sdk/src/rp2_common/pico_double/double_v1_rom_shim.S.obj
                0x00000000100040e8                ddiv_shim
 .text.dsqrt_shim
                0x0000000010004298      0x1a8 CMakeFiles/pico-rtos.dir/home/ubuntu/pico-sdk/src/rp2_common/pico_double/double_v1_rom_shim.S.obj
                0x00000000100042b4                dsqrt_shim
 .text.dcordic_vec_step
                0x0000000010004440        0xe CMakeFiles/pico-rtos.dir/home/ubuntu/pico-sdk/src/rp2_common/pico_double/double_v1_rom_shim.S.obj
                0x0000000010004440                dcordic_vec_step
 .text.dcordic_rot_step
                0x000000001000444e       0x76 CMakeFiles/pico-rtos.dir/home/ubuntu/pico-sdk/src/rp2_common/pico_double/double_v1_rom_shim.S.obj
                0x000000001000444e                dcordic_rot_step
 .text.double2uint_shim
                0x00000000100044c4        0xe CMakeFiles/pico-rtos.dir/home/ubuntu/pico-sdk/src/rp2_common/pico_double/double_v1_rom_shim.S.obj
                0x00000000100044c4                double2uint_shim
                0x00000000100044c6                double2ufix_shim
 .text.double2int64_shim
                0x00000000100044d2       0x1a CMakeFiles/pico-rtos.dir/home/ubuntu/pico-sdk/src/rp2_common/pico_double/double_v1_rom_shim.S.obj
                0x00000000100044d2                double2int64_shim
                0x00000000100044d4                double2fix64_shim
 .text.double2uint64_shim
                0x00000000100044ec       0x70 CMakeFiles/pico-rtos.dir/home/ubuntu/pico-sdk/src/rp2_common/pico_double/double_v1_rom_shim.S.obj
                0x00000000100044ec                double2uint64_shim
                0x00000000100044ee                double2ufix64_shim
                0x000000001000450e                d2fix_a
 .text.double2float_shim
                0x000000001000455c       0x5c CMakeFiles/pico-rtos.dir/home/ubuntu/pico-sdk/src/rp2_common/pico_double/double_v1_rom_shim.S.obj
                0x000000001000455c                double2float_shim
 .text.x2double_shims
                0x00000000100045b8       0x90 CMakeFiles/pico-rtos.dir/home/ubuntu/pico-sdk/src/rp2_common/pico_double/double_v1_rom_shim.S.obj
                0x00000000100045b8                uint2double_shim
                0x00000000100045ba                ufix2double_shim
                0x00000000100045c0                int2double_shim
                0x00000000100045c2                fix2double_shim
                0x00000000100045c8                uint642double_shim
                0x00000000100045ca                ufix642double_shim
                0x00000000100045d0                int642double_shim
                0x00000000100045d2                fix642double_shim
 .text.dunpacks
                0x0000000010004648       0x3c CMakeFiles/pico-rtos.dir/home/ubuntu/pico-sdk/src/rp2_common/pico_double/double_v1_rom_shim.S.obj
                0x0000000010004648                dunpacks
 .text.dreduce  0x0000000010004684       0x82 CMakeFiles/pico-rtos.dir/home/ubuntu/pico-sdk/src/rp2_common/pico_double/double_v1_rom_shim.S.obj
                0x0000000010004684                dreduce
 *fill*         0x0000000010004706        0x2 
 .text.dtrig_guts
                0x0000000010004708      0x2ec CMakeFiles/pico-rtos.dir/home/ubuntu/pico-sdk/src/rp2_common/pico_double/double_v1_rom_shim.S.obj
                0x00000000100047e0                datan2_shim
 .text.__aeabi_lmul
                0x00000000100049f4       0x32 CMakeFiles/pico-rtos.dir/home/ubuntu/pico-sdk/src/rp2_common/pico_int64_ops/pico_int64_ops_aeabi.S.obj
                0x00000000100049f4                __wrap___aeabi_lmul
 *fill*         0x0000000010004a26        0x2 
 .text.__wrap___aeabi_farithmetic
                0x0000000010004a28       0x48 CMakeFiles/pico-rtos.dir/home/ubuntu/pico-sdk/src/rp2_common/pico_float/float_aeabi.S.obj
                0x0000000010004a28                __wrap___aeabi_frsub
                0x0000000010004a2e                __wrap___aeabi_fsub
                0x0000000010004a34                __wrap___aeabi_fadd
                0x0000000010004a3a                __wrap___aeabi_fdiv
                0x0000000010004a62                __wrap___aeabi_fmul
 .text.__wrap___aeabi_cfcmple
                0x0000000010004a70       0x50 CMakeFiles/pico-rtos.dir/home/ubuntu/pico-sdk/src/rp2_common/pico_float/float_aeabi.S.obj
                0x0000000010004a70                __wrap___aeabi_cfrcmple
                0x0000000010004a7c                __wrap___aeabi_cfcmpeq
                0x0000000010004a7c                __wrap___aeabi_cfcmple
 .text.__wrap___aeabi_fcmplt
                0x0000000010004ac0        0xc CMakeFiles/pico-rtos.dir/home/ubuntu/pico-sdk/src/rp2_common/pico_float/float_aeabi.S.obj
                0x0000000010004ac0                __wrap___aeabi_fcmplt
 .text.__wrap___aeabi_fcmpgt
                0x0000000010004acc        0xa CMakeFiles/pico-rtos.dir/home/ubuntu/pico-sdk/src/rp2_common/pico_float/float_aeabi.S.obj
                0x0000000010004acc                __wrap___aeabi_fcmpgt
 .text.__wrap___aeabi_ui2f
                0x0000000010004ad6        0xa CMakeFiles/pico-rtos.dir/home/ubuntu/pico-sdk/src/rp2_common/pico_float/float_aeabi.S.obj
                0x0000000010004ad6                __wrap___aeabi_ui2f
 .text.__wrap___aeabi_i2f
                0x0000000010004ae0       0x44 CMakeFiles/pico-rtos.dir/home/ubuntu/pico-sdk/src/rp2_common/pico_float/float_aeabi.S.obj
                0x0000000010004ae0                __wrap___aeabi_i2f
 .text.__wrap___aeabi_ul2f
                0x0000000010004b24       0x20 CMakeFiles/pico-rtos.dir/home/ubuntu/pico-sdk/src/rp2_common/pico_float/float_aeabi.S.obj
                0x0000000010004b28                __wrap___aeabi_ul2f
 .text.__wrap___aeabi_f2d
                0x0000000010004b44       0x14 CMakeFiles/pico-rtos.dir/home/ubuntu/pico-sdk/src/rp2_common/pico_float/float_aeabi.S.obj
                0x0000000010004b44                __wrap___aeabi_f2d
 .text.__aeabi_float_init
                0x0000000010004b58       0x64 CMakeFiles/pico-rtos.dir/home/ubuntu/pico-sdk/src/rp2_common/pico_float/float_init_rom.c.obj
                0x0000000010004b58                __aeabi_float_init
 .text.float_table_shim_on_use_helper
                0x0000000010004bbc       0x2c CMakeFiles/pico-rtos.dir/home/ubuntu/pico-sdk/src/rp2_common/pico_float/float_v1_rom_shim.S.obj
                0x0000000010004bbc                float_table_shim_on_use_helper
 .text.642float_shims
                0x0000000010004be8       0x44 CMakeFiles/pico-rtos.dir/home/ubuntu/pico-sdk/src/rp2_common/pico_float/float_v1_rom_shim.S.obj
                0x0000000010004be8                uint642float_shim
                0x0000000010004bea                ufix642float_shim
                0x0000000010004bfa                int642float_shim
                0x0000000010004bfc                fix642float_shim
 .text.float2double_shim
                0x0000000010004c2c       0x30 CMakeFiles/pico-rtos.dir/home/ubuntu/pico-sdk/src/rp2_common/pico_float/float_v1_rom_shim.S.obj
                0x0000000010004c2c                float2double_shim
 .text          0x0000000010004c5c       0x10 CMakeFiles/pico-rtos.dir/home/ubuntu/pico-sdk/src/rp2_common/pico_mem_ops/mem_ops_aeabi.S.obj
                0x0000000010004c5c                __aeabi_mem_init
 .text.memset   0x0000000010004c6c        0xc CMakeFiles/pico-rtos.dir/home/ubuntu/pico-sdk/src/rp2_common/pico_mem_ops/mem_ops_aeabi.S.obj
                0x0000000010004c6c                __wrap_memset
 .text.memcpy   0x0000000010004c78        0xc CMakeFiles/pico-rtos.dir/home/ubuntu/pico-sdk/src/rp2_common/pico_mem_ops/mem_ops_aeabi.S.obj
                0x0000000010004c78                __wrap___aeabi_memcpy
                0x0000000010004c78                __wrap_memcpy
 .text.stdio_out_chars_no_crlf
                0x0000000010004c84       0x10 CMakeFiles/pico-rtos.dir/home/ubuntu/pico-sdk/src/rp2_common/pico_stdio/stdio.c.obj
 .text.stdio_out_chars_crlf
                0x0000000010004c94       0xb4 CMakeFiles/pico-rtos.dir/home/ubuntu/pico-sdk/src/rp2_common/pico_stdio/stdio.c.obj
 .text.stdio_buffered_printer
                0x0000000010004d48       0x64 CMakeFiles/pico-rtos.dir/home/ubuntu/pico-sdk/src/rp2_common/pico_stdio/stdio.c.obj
 .text.stdio_put_string.isra.0
                0x0000000010004dac       0xfc CMakeFiles/pico-rtos.dir/home/ubuntu/pico-sdk/src/rp2_common/pico_stdio/stdio.c.obj
 .text.__wrap_putchar
                0x0000000010004ea8       0x98 CMakeFiles/pico-rtos.dir/home/ubuntu/pico-sdk/src/rp2_common/pico_stdio/stdio.c.obj
                0x0000000010004ea8                __wrap_putchar
 .text.__wrap_puts
                0x0000000010004f40       0x3c CMakeFiles/pico-rtos.dir/home/ubuntu/pico-sdk/src/rp2_common/pico_stdio/stdio.c.obj
                0x0000000010004f40                __wrap_puts
 .text.stdio_set_driver_enabled
                0x0000000010004f7c       0x30 CMakeFiles/pico-rtos.dir/home/ubuntu/pico-sdk/src/rp2_common/pico_stdio/stdio.c.obj
                0x0000000010004f7c                stdio_set_driver_enabled
 .text.__wrap_vprintf
                0x0000000010004fac       0xd8 CMakeFiles/pico-rtos.dir/home/ubuntu/pico-sdk/src/rp2_common/pico_stdio/stdio.c.obj
                0x0000000010004fac                __wrap_vprintf
 .text.__wrap_printf
                0x0000000010005084       0x18 CMakeFiles/pico-rtos.dir/home/ubuntu/pico-sdk/src/rp2_common/pico_stdio/stdio.c.obj
                0x0000000010005084                __wrap_printf
 .text.stdio_init_all
                0x000000001000509c        0x8 CMakeFiles/pico-rtos.dir/home/ubuntu/pico-sdk/src/rp2_common/pico_stdio/stdio.c.obj
                0x000000001000509c                stdio_init_all
 .text.resetd_init
                0x00000000100050a4        0x4 CMakeFiles/pico-rtos.dir/home/ubuntu/pico-sdk/src/rp2_common/pico_stdio_usb/reset_interface.c.obj
 .text.resetd_reset
                0x00000000100050a8        0xc CMakeFiles/pico-rtos.dir/home/ubuntu/pico-sdk/src/rp2_common/pico_stdio_usb/reset_interface.c.obj
 .text.resetd_open
                0x00000000100050b4       0x28 CMakeFiles/pico-rtos.dir/home/ubuntu/pico-sdk/src/rp2_common/pico_stdio_usb/reset_interface.c.obj
 .text.resetd_xfer_cb
                0x00000000100050dc        0x4 CMakeFiles/pico-rtos.dir/home/ubuntu/pico-sdk/src/rp2_common/pico_stdio_usb/reset_interface.c.obj
 .text.resetd_control_xfer_cb
                0x00000000100050e0       0x64 CMakeFiles/pico-rtos.dir/home/ubuntu/pico-sdk/src/rp2_common/pico_stdio_usb/reset_interface.c.obj
 .text.usbd_app_driver_get_cb
                0x0000000010005144        0xc CMakeFiles/pico-rtos.dir/home/ubuntu/pico-sdk/src/rp2_common/pico_stdio_usb/reset_interface.c.obj
                0x0000000010005144                usbd_app_driver_get_cb
 .text.tud_cdc_line_coding_cb
                0x0000000010005150       0x34 CMakeFiles/pico-rtos.dir/home/ubuntu/pico-sdk/src/rp2_common/pico_stdio_usb/reset_interface.c.obj
                0x0000000010005150                tud_cdc_line_coding_cb
 .text.stdio_usb_set_chars_available_callback
                0x0000000010005184       0x14 CMakeFiles/pico-rtos.dir/home/ubuntu/pico-sdk/src/rp2_common/pico_stdio_usb/stdio_usb.c.obj
                0x0000000010005184                stdio_usb_set_chars_available_callback
 .text.usb_irq  0x0000000010005198       0x10 CMakeFiles/pico-rtos.dir/home/ubuntu/pico-sdk/src/rp2_common/pico_stdio_usb/stdio_usb.c.obj
 .text.timer_task
                0x00000000100051a8       0x54 CMakeFiles/pico-rtos.dir/home/ubuntu/pico-sdk/src/rp2_common/pico_stdio_usb/stdio_usb.c.obj
 .text.stdio_usb_in_chars
                0x00000000100051fc       0x90 CMakeFiles/pico-rtos.dir/home/ubuntu/pico-sdk/src/rp2_common/pico_stdio_usb/stdio_usb.c.obj
                0x00000000100051fc                stdio_usb_in_chars
 .text.stdio_usb_out_chars
                0x000000001000528c      0x100 CMakeFiles/pico-rtos.dir/home/ubuntu/pico-sdk/src/rp2_common/pico_stdio_usb/stdio_usb.c.obj
 .text.low_priority_worker_irq
                0x000000001000538c       0xa8 CMakeFiles/pico-rtos.dir/home/ubuntu/pico-sdk/src/rp2_common/pico_stdio_usb/stdio_usb.c.obj
 .text.tud_cdc_rx_cb
                0x0000000010005434       0x20 CMakeFiles/pico-rtos.dir/home/ubuntu/pico-sdk/src/rp2_common/pico_stdio_usb/stdio_usb.c.obj
                0x0000000010005434                tud_cdc_rx_cb
 .text.stdio_usb_init
                0x0000000010005454       0xdc CMakeFiles/pico-rtos.dir/home/ubuntu/pico-sdk/src/rp2_common/pico_stdio_usb/stdio_usb.c.obj
                0x0000000010005454                stdio_usb_init
 .text.tud_descriptor_device_cb
                0x0000000010005530        0x8 CMakeFiles/pico-rtos.dir/home/ubuntu/pico-sdk/src/rp2_common/pico_stdio_usb/stdio_usb_descriptors.c.obj
                0x0000000010005530                tud_descriptor_device_cb
 .text.tud_descriptor_configuration_cb
                0x0000000010005538        0x8 CMakeFiles/pico-rtos.dir/home/ubuntu/pico-sdk/src/rp2_common/pico_stdio_usb/stdio_usb_descriptors.c.obj
                0x0000000010005538                tud_descriptor_configuration_cb
 .text.tud_descriptor_string_cb
                0x0000000010005540       0x74 CMakeFiles/pico-rtos.dir/home/ubuntu/pico-sdk/src/rp2_common/pico_stdio_usb/stdio_usb_descriptors.c.obj
                0x0000000010005540                tud_descriptor_string_cb
 .text.startup._retrieve_unique_id_on_boot
                0x00000000100055b4       0x10 CMakeFiles/pico-rtos.dir/home/ubuntu/pico-sdk/src/rp2_common/pico_unique_id/unique_id.c.obj
 .text.pico_get_unique_board_id_string
                0x00000000100055c4      0x1a8 CMakeFiles/pico-rtos.dir/home/ubuntu/pico-sdk/src/rp2_common/pico_unique_id/unique_id.c.obj
                0x00000000100055c4                pico_get_unique_board_id_string
 .text.flash_get_unique_id
                0x000000001000576c       0x40 CMakeFiles/pico-rtos.dir/home/ubuntu/pico-sdk/src/rp2_common/hardware_flash/flash.c.obj
                0x000000001000576c                flash_get_unique_id
 .text.dcd_int_enable
                0x00000000100057ac        0xc CMakeFiles/pico-rtos.dir/home/ubuntu/pico-sdk/lib/tinyusb/src/portable/raspberrypi/rp2040/dcd_rp2040.c.obj
                0x00000000100057ac                dcd_int_enable
 .text.dcd_set_address
                0x00000000100057b8       0x14 CMakeFiles/pico-rtos.dir/home/ubuntu/pico-sdk/lib/tinyusb/src/portable/raspberrypi/rp2040/dcd_rp2040.c.obj
                0x00000000100057b8                dcd_set_address
 .text.dcd_connect
                0x00000000100057cc       0x10 CMakeFiles/pico-rtos.dir/home/ubuntu/pico-sdk/lib/tinyusb/src/portable/raspberrypi/rp2040/dcd_rp2040.c.obj
                0x00000000100057cc                dcd_connect
 .text.dcd_init
                0x00000000100057dc       0x98 CMakeFiles/pico-rtos.dir/home/ubuntu/pico-sdk/lib/tinyusb/src/portable/raspberrypi/rp2040/dcd_rp2040.c.obj
                0x00000000100057dc                dcd_init
 .text.dcd_edpt0_status_complete
                0x0000000010005874       0x1c CMakeFiles/pico-rtos.dir/home/ubuntu/pico-sdk/lib/tinyusb/src/portable/raspberrypi/rp2040/dcd_rp2040.c.obj
                0x0000000010005874                dcd_edpt0_status_complete
 .text.dcd_edpt_open
                0x0000000010005890      0x108 CMakeFiles/pico-rtos.dir/home/ubuntu/pico-sdk/lib/tinyusb/src/portable/raspberrypi/rp2040/dcd_rp2040.c.obj
                0x0000000010005890                dcd_edpt_open
 .text.dcd_edpt_close_all
                0x0000000010005998        0x8 CMakeFiles/pico-rtos.dir/home/ubuntu/pico-sdk/lib/tinyusb/src/portable/raspberrypi/rp2040/dcd_rp2040.c.obj
                0x0000000010005998                dcd_edpt_close_all
 .text.dcd_edpt_xfer
                0x00000000100059a0       0x24 CMakeFiles/pico-rtos.dir/home/ubuntu/pico-sdk/lib/tinyusb/src/portable/raspberrypi/rp2040/dcd_rp2040.c.obj
                0x00000000100059a0                dcd_edpt_xfer
 .text.dcd_edpt_stall
                0x00000000100059c4       0x38 CMakeFiles/pico-rtos.dir/home/ubuntu/pico-sdk/lib/tinyusb/src/portable/raspberrypi/rp2040/dcd_rp2040.c.obj
                0x00000000100059c4                dcd_edpt_stall
 .text.dcd_edpt_clear_stall
                0x00000000100059fc       0x30 CMakeFiles/pico-rtos.dir/home/ubuntu/pico-sdk/lib/tinyusb/src/portable/raspberrypi/rp2040/dcd_rp2040.c.obj
                0x00000000100059fc                dcd_edpt_clear_stall
 .text.rp2040_usb_init
                0x0000000010005a2c       0x4c CMakeFiles/pico-rtos.dir/home/ubuntu/pico-sdk/lib/tinyusb/src/portable/raspberrypi/rp2040/rp2040_usb.c.obj
                0x0000000010005a2c                rp2040_usb_init
 .text.hw_endpoint_xfer_start
                0x0000000010005a78       0x50 CMakeFiles/pico-rtos.dir/home/ubuntu/pico-sdk/lib/tinyusb/src/portable/raspberrypi/rp2040/rp2040_usb.c.obj
                0x0000000010005a78                hw_endpoint_xfer_start
 .text.tud_mounted
                0x0000000010005ac8       0x10 CMakeFiles/pico-rtos.dir/home/ubuntu/pico-sdk/lib/tinyusb/src/device/usbd.c.obj
                0x0000000010005ac8                tud_mounted
 .text.tud_suspended
                0x0000000010005ad8       0x10 CMakeFiles/pico-rtos.dir/home/ubuntu/pico-sdk/lib/tinyusb/src/device/usbd.c.obj
                0x0000000010005ad8                tud_suspended
 .text.tud_inited
                0x0000000010005ae8       0x14 CMakeFiles/pico-rtos.dir/home/ubuntu/pico-sdk/lib/tinyusb/src/device/usbd.c.obj
                0x0000000010005ae8                tud_inited
 .text.tud_init
                0x0000000010005afc       0xe4 CMakeFiles/pico-rtos.dir/home/ubuntu/pico-sdk/lib/tinyusb/src/device/usbd.c.obj
                0x0000000010005afc                tud_init
 .text.tud_task_ext
                0x0000000010005be0      0x854 CMakeFiles/pico-rtos.dir/home/ubuntu/pico-sdk/lib/tinyusb/src/device/usbd.c.obj
                0x0000000010005be0                tud_task_ext
 .text.usbd_open_edpt_pair
                0x0000000010006434       0x9c CMakeFiles/pico-rtos.dir/home/ubuntu/pico-sdk/lib/tinyusb/src/device/usbd.c.obj
                0x0000000010006434                usbd_open_edpt_pair
 .text.usbd_defer_func
                0x00000000100064d0       0x48 CMakeFiles/pico-rtos.dir/home/ubuntu/pico-sdk/lib/tinyusb/src/device/usbd.c.obj
                0x00000000100064d0                usbd_defer_func
 .text.usbd_edpt_open
                0x0000000010006518       0x34 CMakeFiles/pico-rtos.dir/home/ubuntu/pico-sdk/lib/tinyusb/src/device/usbd.c.obj
                0x0000000010006518                usbd_edpt_open
 .text.usbd_edpt_claim
                0x000000001000654c       0x28 CMakeFiles/pico-rtos.dir/home/ubuntu/pico-sdk/lib/tinyusb/src/device/usbd.c.obj
                0x000000001000654c                usbd_edpt_claim
 .text.usbd_edpt_release
                0x0000000010006574       0x28 CMakeFiles/pico-rtos.dir/home/ubuntu/pico-sdk/lib/tinyusb/src/device/usbd.c.obj
                0x0000000010006574                usbd_edpt_release
 .text.usbd_edpt_xfer
                0x000000001000659c       0x4c CMakeFiles/pico-rtos.dir/home/ubuntu/pico-sdk/lib/tinyusb/src/device/usbd.c.obj
                0x000000001000659c                usbd_edpt_xfer
 .text.tud_control_status
                0x00000000100065e8       0x30 CMakeFiles/pico-rtos.dir/home/ubuntu/pico-sdk/lib/tinyusb/src/device/usbd_control.c.obj
                0x00000000100065e8                tud_control_status
 .text.tud_control_xfer
                0x0000000010006618       0xbc CMakeFiles/pico-rtos.dir/home/ubuntu/pico-sdk/lib/tinyusb/src/device/usbd_control.c.obj
                0x0000000010006618                tud_control_xfer
 .text.usbd_control_reset
                0x00000000100066d4       0x14 CMakeFiles/pico-rtos.dir/home/ubuntu/pico-sdk/lib/tinyusb/src/device/usbd_control.c.obj
                0x00000000100066d4                usbd_control_reset
 .text.usbd_control_set_complete_callback
                0x00000000100066e8        0xc CMakeFiles/pico-rtos.dir/home/ubuntu/pico-sdk/lib/tinyusb/src/device/usbd_control.c.obj
                0x00000000100066e8                usbd_control_set_complete_callback
 .text.usbd_control_set_request
                0x00000000100066f4       0x1c CMakeFiles/pico-rtos.dir/home/ubuntu/pico-sdk/lib/tinyusb/src/device/usbd_control.c.obj
                0x00000000100066f4                usbd_control_set_request
 .text.usbd_control_xfer_cb
                0x0000000010006710       0xfc CMakeFiles/pico-rtos.dir/home/ubuntu/pico-sdk/lib/tinyusb/src/device/usbd_control.c.obj
                0x0000000010006710                usbd_control_xfer_cb
 .text.tud_cdc_n_connected
                0x000000001000680c       0x30 CMakeFiles/pico-rtos.dir/home/ubuntu/pico-sdk/lib/tinyusb/src/class/cdc/cdc_device.c.obj
                0x000000001000680c                tud_cdc_n_connected
 .text.tud_cdc_n_available
                0x000000001000683c       0x18 CMakeFiles/pico-rtos.dir/home/ubuntu/pico-sdk/lib/tinyusb/src/class/cdc/cdc_device.c.obj
                0x000000001000683c                tud_cdc_n_available
 .text.tud_cdc_n_read
                0x0000000010006854       0x70 CMakeFiles/pico-rtos.dir/home/ubuntu/pico-sdk/lib/tinyusb/src/class/cdc/cdc_device.c.obj
                0x0000000010006854                tud_cdc_n_read
 .text.tud_cdc_n_write_flush
                0x00000000100068c4       0x78 CMakeFiles/pico-rtos.dir/home/ubuntu/pico-sdk/lib/tinyusb/src/class/cdc/cdc_device.c.obj
                0x00000000100068c4                tud_cdc_n_write_flush
 .text.tud_cdc_n_write
                0x000000001000693c       0x34 CMakeFiles/pico-rtos.dir/home/ubuntu/pico-sdk/lib/tinyusb/src/class/cdc/cdc_device.c.obj
                0x000000001000693c                tud_cdc_n_write
 .text.tud_cdc_n_write_available
                0x0000000010006970       0x18 CMakeFiles/pico-rtos.dir/home/ubuntu/pico-sdk/lib/tinyusb/src/class/cdc/cdc_device.c.obj
                0x0000000010006970                tud_cdc_n_write_available
 .text.cdcd_init
                0x0000000010006988       0x7c CMakeFiles/pico-rtos.dir/home/ubuntu/pico-sdk/lib/tinyusb/src/class/cdc/cdc_device.c.obj
                0x0000000010006988                cdcd_init
 .text.cdcd_reset
                0x0000000010006a04       0x2c CMakeFiles/pico-rtos.dir/home/ubuntu/pico-sdk/lib/tinyusb/src/class/cdc/cdc_device.c.obj
                0x0000000010006a04                cdcd_reset
 .text.cdcd_open
                0x0000000010006a30       0xe8 CMakeFiles/pico-rtos.dir/home/ubuntu/pico-sdk/lib/tinyusb/src/class/cdc/cdc_device.c.obj
                0x0000000010006a30                cdcd_open
 .text.cdcd_control_xfer_cb
                0x0000000010006b18       0xe4 CMakeFiles/pico-rtos.dir/home/ubuntu/pico-sdk/lib/tinyusb/src/class/cdc/cdc_device.c.obj
                0x0000000010006b18                cdcd_control_xfer_cb
 .text.cdcd_xfer_cb
                0x0000000010006bfc      0x148 CMakeFiles/pico-rtos.dir/home/ubuntu/pico-sdk/lib/tinyusb/src/class/cdc/cdc_device.c.obj
                0x0000000010006bfc                cdcd_xfer_cb
 .text.tusb_init
                0x0000000010006d44        0xc CMakeFiles/pico-rtos.dir/home/ubuntu/pico-sdk/lib/tinyusb/src/tusb.c.obj
                0x0000000010006d44                tusb_init
 .text.tusb_inited
                0x0000000010006d50        0x8 CMakeFiles/pico-rtos.dir/home/ubuntu/pico-sdk/lib/tinyusb/src/tusb.c.obj
                0x0000000010006d50                tusb_inited
 .text.tu_edpt_claim
                0x0000000010006d58       0x50 CMakeFiles/pico-rtos.dir/home/ubuntu/pico-sdk/lib/tinyusb/src/tusb.c.obj
                0x0000000010006d58                tu_edpt_claim
 .text.tu_edpt_release
                0x0000000010006da8       0x38 CMakeFiles/pico-rtos.dir/home/ubuntu/pico-sdk/lib/tinyusb/src/tusb.c.obj
                0x0000000010006da8                tu_edpt_release
 .text.tu_edpt_validate
                0x0000000010006de0       0x78 CMakeFiles/pico-rtos.dir/home/ubuntu/pico-sdk/lib/tinyusb/src/tusb.c.obj
                0x0000000010006de0                tu_edpt_validate
 .text.tu_edpt_bind_driver
                0x0000000010006e58       0x34 CMakeFiles/pico-rtos.dir/home/ubuntu/pico-sdk/lib/tinyusb/src/tusb.c.obj
                0x0000000010006e58                tu_edpt_bind_driver
 .text.tu_fifo_config
                0x0000000010006e8c       0x70 CMakeFiles/pico-rtos.dir/home/ubuntu/pico-sdk/lib/tinyusb/src/common/tusb_fifo.c.obj
                0x0000000010006e8c                tu_fifo_config
 .text.tu_fifo_count
                0x0000000010006efc       0x2c CMakeFiles/pico-rtos.dir/home/ubuntu/pico-sdk/lib/tinyusb/src/common/tusb_fifo.c.obj
                0x0000000010006efc                tu_fifo_count
 .text.tu_fifo_empty
                0x0000000010006f28       0x10 CMakeFiles/pico-rtos.dir/home/ubuntu/pico-sdk/lib/tinyusb/src/common/tusb_fifo.c.obj
                0x0000000010006f28                tu_fifo_empty
 .text.tu_fifo_remaining
                0x0000000010006f38       0x2c CMakeFiles/pico-rtos.dir/home/ubuntu/pico-sdk/lib/tinyusb/src/common/tusb_fifo.c.obj
                0x0000000010006f38                tu_fifo_remaining
 .text.tu_fifo_read
                0x0000000010006f64       0xa0 CMakeFiles/pico-rtos.dir/home/ubuntu/pico-sdk/lib/tinyusb/src/common/tusb_fifo.c.obj
                0x0000000010006f64                tu_fifo_read
 .text.tu_fifo_read_n
                0x0000000010007004       0xec CMakeFiles/pico-rtos.dir/home/ubuntu/pico-sdk/lib/tinyusb/src/common/tusb_fifo.c.obj
                0x0000000010007004                tu_fifo_read_n
 .text.tu_fifo_write
                0x00000000100070f0       0x88 CMakeFiles/pico-rtos.dir/home/ubuntu/pico-sdk/lib/tinyusb/src/common/tusb_fifo.c.obj
                0x00000000100070f0                tu_fifo_write
 .text.tu_fifo_write_n
                0x0000000010007178      0x168 CMakeFiles/pico-rtos.dir/home/ubuntu/pico-sdk/lib/tinyusb/src/common/tusb_fifo.c.obj
                0x0000000010007178                tu_fifo_write_n
 .text.tu_fifo_clear
                0x00000000100072e0       0x40 CMakeFiles/pico-rtos.dir/home/ubuntu/pico-sdk/lib/tinyusb/src/common/tusb_fifo.c.obj
                0x00000000100072e0                tu_fifo_clear
 .text.tu_fifo_set_overwritable
                0x0000000010007320       0x48 CMakeFiles/pico-rtos.dir/home/ubuntu/pico-sdk/lib/tinyusb/src/common/tusb_fifo.c.obj
                0x0000000010007320                tu_fifo_set_overwritable
 .text.pvPortMalloc
                0x0000000010007368      0x118 CMakeFiles/pico-rtos.dir/__/lib/free_rtos/portable/MemMang/heap_4.c.obj
                0x0000000010007368                pvPortMalloc
 .text.vPortFree
                0x0000000010007480       0x8c CMakeFiles/pico-rtos.dir/__/lib/free_rtos/portable/MemMang/heap_4.c.obj
                0x0000000010007480                vPortFree
 .text.vPortSVCHandler
                0x000000001000750c        0x4 CMakeFiles/pico-rtos.dir/__/lib/free_rtos/portable/ThirdParty/GCC/RP2040/port.c.obj
                0x000000001000750c                vPortSVCHandler
 .text.vPortStartFirstTask
                0x0000000010007510       0x34 CMakeFiles/pico-rtos.dir/__/lib/free_rtos/portable/ThirdParty/GCC/RP2040/port.c.obj
 *fill*         0x0000000010007544        0xc 
 .text.xPortPendSVHandler
                0x0000000010007550       0x64 CMakeFiles/pico-rtos.dir/__/lib/free_rtos/portable/ThirdParty/GCC/RP2040/port.c.obj
                0x0000000010007550                xPortPendSVHandler
 .text.prvFIFOInterruptHandler
                0x00000000100075b4       0x78 CMakeFiles/pico-rtos.dir/__/lib/free_rtos/portable/ThirdParty/GCC/RP2040/port.c.obj
 .text.prvTaskExitError
                0x000000001000762c        0x8 CMakeFiles/pico-rtos.dir/__/lib/free_rtos/portable/ThirdParty/GCC/RP2040/port.c.obj
 .text.pxPortInitialiseStack
                0x0000000010007634       0x20 CMakeFiles/pico-rtos.dir/__/lib/free_rtos/portable/ThirdParty/GCC/RP2040/port.c.obj
                0x0000000010007634                pxPortInitialiseStack
 .text.vPortYield
                0x0000000010007654       0x18 CMakeFiles/pico-rtos.dir/__/lib/free_rtos/portable/ThirdParty/GCC/RP2040/port.c.obj
                0x0000000010007654                vPortYield
 .text.vPortEnterCritical
                0x000000001000766c       0x18 CMakeFiles/pico-rtos.dir/__/lib/free_rtos/portable/ThirdParty/GCC/RP2040/port.c.obj
                0x000000001000766c                vPortEnterCritical
 .text.vPortExitCritical
                0x0000000010007684       0x34 CMakeFiles/pico-rtos.dir/__/lib/free_rtos/portable/ThirdParty/GCC/RP2040/port.c.obj
                0x0000000010007684                vPortExitCritical
 .text.ulSetInterruptMaskFromISR
                0x00000000100076b8        0x8 CMakeFiles/pico-rtos.dir/__/lib/free_rtos/portable/ThirdParty/GCC/RP2040/port.c.obj
                0x00000000100076b8                ulSetInterruptMaskFromISR
 .text.vClearInterruptMaskFromISR
                0x00000000100076c0        0x8 CMakeFiles/pico-rtos.dir/__/lib/free_rtos/portable/ThirdParty/GCC/RP2040/port.c.obj
                0x00000000100076c0                vClearInterruptMaskFromISR
 .text.xPortSysTickHandler
                0x00000000100076c8       0x24 CMakeFiles/pico-rtos.dir/__/lib/free_rtos/portable/ThirdParty/GCC/RP2040/port.c.obj
                0x00000000100076c8                xPortSysTickHandler
 .text.vPortSetupTimerInterrupt
                0x00000000100076ec       0x34 CMakeFiles/pico-rtos.dir/__/lib/free_rtos/portable/ThirdParty/GCC/RP2040/port.c.obj
                0x00000000100076ec                vPortSetupTimerInterrupt
 .text.xPortStartScheduler
                0x0000000010007720       0xa8 CMakeFiles/pico-rtos.dir/__/lib/free_rtos/portable/ThirdParty/GCC/RP2040/port.c.obj
                0x0000000010007720                xPortStartScheduler
 .text.ulPortLockGetCurrentOwnerId
                0x00000000100077c8       0x2c CMakeFiles/pico-rtos.dir/__/lib/free_rtos/portable/ThirdParty/GCC/RP2040/port.c.obj
                0x00000000100077c8                ulPortLockGetCurrentOwnerId
 .text.vPortLockInternalSpinUnlockWithNotify
                0x00000000100077f4       0xc8 CMakeFiles/pico-rtos.dir/__/lib/free_rtos/portable/ThirdParty/GCC/RP2040/port.c.obj
                0x00000000100077f4                vPortLockInternalSpinUnlockWithNotify
 .text.xPortLockInternalSpinUnlockWithBestEffortWaitOrTimeout
                0x00000000100078bc       0xfc CMakeFiles/pico-rtos.dir/__/lib/free_rtos/portable/ThirdParty/GCC/RP2040/port.c.obj
                0x00000000100078bc                xPortLockInternalSpinUnlockWithBestEffortWaitOrTimeout
 .text.startup.prvRuntimeInitializer
                0x00000000100079b8       0x28 CMakeFiles/pico-rtos.dir/__/lib/free_rtos/portable/ThirdParty/GCC/RP2040/port.c.obj
 .text.vEventGroupSetBitsCallback
                0x00000000100079e0       0x8c CMakeFiles/pico-rtos.dir/__/lib/free_rtos/event_groups.c.obj
                0x00000000100079e0                vEventGroupSetBitsCallback
 .text.xEventGroupCreate
                0x0000000010007a6c       0x18 CMakeFiles/pico-rtos.dir/__/lib/free_rtos/event_groups.c.obj
                0x0000000010007a6c                xEventGroupCreate
 .text.xEventGroupWaitBits
                0x0000000010007a84       0xb8 CMakeFiles/pico-rtos.dir/__/lib/free_rtos/event_groups.c.obj
                0x0000000010007a84                xEventGroupWaitBits
 .text.xEventGroupSetBits
                0x0000000010007b3c       0x90 CMakeFiles/pico-rtos.dir/__/lib/free_rtos/event_groups.c.obj
                0x0000000010007b3c                xEventGroupSetBits
 .text.xEventGroupSetBitsFromISR
                0x0000000010007bcc       0x14 CMakeFiles/pico-rtos.dir/__/lib/free_rtos/event_groups.c.obj
                0x0000000010007bcc                xEventGroupSetBitsFromISR
 .text.vListInitialise
                0x0000000010007be0       0x18 CMakeFiles/pico-rtos.dir/__/lib/free_rtos/list.c.obj
                0x0000000010007be0                vListInitialise
 .text.vListInitialiseItem
                0x0000000010007bf8        0x8 CMakeFiles/pico-rtos.dir/__/lib/free_rtos/list.c.obj
                0x0000000010007bf8                vListInitialiseItem
 .text.vListInsert
                0x0000000010007c00       0x30 CMakeFiles/pico-rtos.dir/__/lib/free_rtos/list.c.obj
                0x0000000010007c00                vListInsert
 .text.uxListRemove
                0x0000000010007c30       0x24 CMakeFiles/pico-rtos.dir/__/lib/free_rtos/list.c.obj
                0x0000000010007c30                uxListRemove
 .text.prvUnlockQueue
                0x0000000010007c54      0x148 CMakeFiles/pico-rtos.dir/__/lib/free_rtos/queue.c.obj
 .text.prvNotifyQueueSetContainer
                0x0000000010007d9c       0x9c CMakeFiles/pico-rtos.dir/__/lib/free_rtos/queue.c.obj
 .text.xQueueGenericCreate
                0x0000000010007e38       0xa0 CMakeFiles/pico-rtos.dir/__/lib/free_rtos/queue.c.obj
                0x0000000010007e38                xQueueGenericCreate
 .text.xQueueGenericSendFromISR
                0x0000000010007ed8      0x138 CMakeFiles/pico-rtos.dir/__/lib/free_rtos/queue.c.obj
                0x0000000010007ed8                xQueueGenericSendFromISR
 .text.xQueueReceive
                0x0000000010008010      0x11c CMakeFiles/pico-rtos.dir/__/lib/free_rtos/queue.c.obj
                0x0000000010008010                xQueueReceive
 .text.vQueueAddToRegistry
                0x000000001000812c       0xec CMakeFiles/pico-rtos.dir/__/lib/free_rtos/queue.c.obj
                0x000000001000812c                vQueueAddToRegistry
 .text.vQueueWaitForMessageRestricted
                0x0000000010008218       0x48 CMakeFiles/pico-rtos.dir/__/lib/free_rtos/queue.c.obj
                0x0000000010008218                vQueueWaitForMessageRestricted
 .text.prvIdleTask
                0x0000000010008260       0x60 CMakeFiles/pico-rtos.dir/__/lib/free_rtos/tasks.c.obj
 .text.xTaskIncrementTick.part.0
                0x00000000100082c0      0x1a0 CMakeFiles/pico-rtos.dir/__/lib/free_rtos/tasks.c.obj
 .text.xTaskCreate
                0x0000000010008460      0x280 CMakeFiles/pico-rtos.dir/__/lib/free_rtos/tasks.c.obj
                0x0000000010008460                xTaskCreate
 .text.vTaskStartScheduler
                0x00000000100086e0      0x1e0 CMakeFiles/pico-rtos.dir/__/lib/free_rtos/tasks.c.obj
                0x00000000100086e0                vTaskStartScheduler
 .text.vTaskSuspendAll
                0x00000000100088c0       0x10 CMakeFiles/pico-rtos.dir/__/lib/free_rtos/tasks.c.obj
                0x00000000100088c0                vTaskSuspendAll
 .text.xTaskResumeAll
                0x00000000100088d0      0x18c CMakeFiles/pico-rtos.dir/__/lib/free_rtos/tasks.c.obj
                0x00000000100088d0                xTaskResumeAll
 .text.vTaskDelay
                0x0000000010008a5c       0x78 CMakeFiles/pico-rtos.dir/__/lib/free_rtos/tasks.c.obj
                0x0000000010008a5c                vTaskDelay
 .text.xTaskGetTickCount
                0x0000000010008ad4        0xc CMakeFiles/pico-rtos.dir/__/lib/free_rtos/tasks.c.obj
                0x0000000010008ad4                xTaskGetTickCount
 .text.uxTaskGetNumberOfTasks
                0x0000000010008ae0        0xc CMakeFiles/pico-rtos.dir/__/lib/free_rtos/tasks.c.obj
                0x0000000010008ae0                uxTaskGetNumberOfTasks
 .text.xTaskIncrementTick
                0x0000000010008aec       0x24 CMakeFiles/pico-rtos.dir/__/lib/free_rtos/tasks.c.obj
                0x0000000010008aec                xTaskIncrementTick
 .text.vTaskSwitchContext
                0x0000000010008b10       0x6c CMakeFiles/pico-rtos.dir/__/lib/free_rtos/tasks.c.obj
                0x0000000010008b10                vTaskSwitchContext
 .text.vTaskPlaceOnEventList
                0x0000000010008b7c       0x98 CMakeFiles/pico-rtos.dir/__/lib/free_rtos/tasks.c.obj
                0x0000000010008b7c                vTaskPlaceOnEventList
 .text.vTaskPlaceOnUnorderedEventList
                0x0000000010008c14       0xbc CMakeFiles/pico-rtos.dir/__/lib/free_rtos/tasks.c.obj
                0x0000000010008c14                vTaskPlaceOnUnorderedEventList
 .text.vTaskPlaceOnEventListRestricted
                0x0000000010008cd0       0xc4 CMakeFiles/pico-rtos.dir/__/lib/free_rtos/tasks.c.obj
                0x0000000010008cd0                vTaskPlaceOnEventListRestricted
 .text.xTaskRemoveFromEventList
                0x0000000010008d94       0xd8 CMakeFiles/pico-rtos.dir/__/lib/free_rtos/tasks.c.obj
                0x0000000010008d94                xTaskRemoveFromEventList
 .text.vTaskRemoveFromUnorderedEventList
                0x0000000010008e6c       0x98 CMakeFiles/pico-rtos.dir/__/lib/free_rtos/tasks.c.obj
                0x0000000010008e6c                vTaskRemoveFromUnorderedEventList
 .text.vTaskInternalSetTimeOutState
                0x0000000010008f04       0x18 CMakeFiles/pico-rtos.dir/__/lib/free_rtos/tasks.c.obj
                0x0000000010008f04                vTaskInternalSetTimeOutState
 .text.xTaskCheckForTimeOut
                0x0000000010008f1c       0x74 CMakeFiles/pico-rtos.dir/__/lib/free_rtos/tasks.c.obj
                0x0000000010008f1c                xTaskCheckForTimeOut
 .text.vTaskMissedYield
                0x0000000010008f90        0xc CMakeFiles/pico-rtos.dir/__/lib/free_rtos/tasks.c.obj
                0x0000000010008f90                vTaskMissedYield
 .text.xTaskGetCurrentTaskHandle
                0x0000000010008f9c        0xc CMakeFiles/pico-rtos.dir/__/lib/free_rtos/tasks.c.obj
                0x0000000010008f9c                xTaskGetCurrentTaskHandle
 .text.xTaskPriorityDisinherit
                0x0000000010008fa8       0x64 CMakeFiles/pico-rtos.dir/__/lib/free_rtos/tasks.c.obj
                0x0000000010008fa8                xTaskPriorityDisinherit
 .text.uxTaskResetEventItemValue
                0x000000001000900c       0x18 CMakeFiles/pico-rtos.dir/__/lib/free_rtos/tasks.c.obj
                0x000000001000900c                uxTaskResetEventItemValue
 .text.prvTimerTask
                0x0000000010009024      0x360 CMakeFiles/pico-rtos.dir/__/lib/free_rtos/timers.c.obj
 .text.xTimerCreateTimerTask
                0x0000000010009384       0x8c CMakeFiles/pico-rtos.dir/__/lib/free_rtos/timers.c.obj
                0x0000000010009384                xTimerCreateTimerTask
 .text.xTimerPendFunctionCallFromISR
                0x0000000010009410       0x28 CMakeFiles/pico-rtos.dir/__/lib/free_rtos/timers.c.obj
                0x0000000010009410                xTimerPendFunctionCallFromISR
 .text.exception_set_exclusive_handler
                0x0000000010009438       0x48 CMakeFiles/pico-rtos.dir/home/ubuntu/pico-sdk/src/rp2_common/hardware_exception/exception.c.obj
                0x0000000010009438                exception_set_exclusive_handler
 .text.i2c_set_baudrate
                0x0000000010009480       0xc4 CMakeFiles/pico-rtos.dir/home/ubuntu/pico-sdk/src/rp2_common/hardware_i2c/i2c.c.obj
                0x0000000010009480                i2c_set_baudrate
 .text.i2c_init
                0x0000000010009544       0x54 CMakeFiles/pico-rtos.dir/home/ubuntu/pico-sdk/src/rp2_common/hardware_i2c/i2c.c.obj
                0x0000000010009544                i2c_init
 .text.i2c_write_blocking
                0x0000000010009598       0xd0 CMakeFiles/pico-rtos.dir/home/ubuntu/pico-sdk/src/rp2_common/hardware_i2c/i2c.c.obj
                0x0000000010009598                i2c_write_blocking
 .text.i2c_read_blocking
                0x0000000010009668       0xac CMakeFiles/pico-rtos.dir/home/ubuntu/pico-sdk/src/rp2_common/hardware_i2c/i2c.c.obj
                0x0000000010009668                i2c_read_blocking
 .text          0x0000000010009714       0x5c /usr/lib/gcc/arm-none-eabi/10.3.1/../../../arm-none-eabi/lib/thumb/v6-m/nofp/libc.a(lib_a-strlen-stub.o)
                0x0000000010009714                strlen
 *(.fini)
 .fini          0x0000000010009770        0x4 /usr/lib/gcc/arm-none-eabi/10.3.1/thumb/v6-m/nofp/crti.o
                0x0000000010009770                _fini
 *fill*         0x0000000010009774        0x4 
 .fini.__stub   0x0000000010009778       0xd0 linker stubs
 *crtbegin.o(.ctors)
 *crtbegin?.o(.ctors)
 *(EXCLUDE_FILE(*crtend.o *crtend?.o) .ctors)
 *(SORT_BY_NAME(.ctors.*))
 *(.ctors)
 *crtbegin.o(.dtors)
 *crtbegin?.o(.dtors)
 *(EXCLUDE_FILE(*crtend.o *crtend?.o) .dtors)
 *(SORT_BY_NAME(.dtors.*))
 *(.dtors)
 *(.eh_frame*)
 .eh_frame      0x0000000010009848        0x0 /usr/lib/gcc/arm-none-eabi/10.3.1/thumb/v6-m/nofp/crtbegin.o
                0x0000000010009848                . = ALIGN (0x4)

.glue_7         0x0000000010009848        0x0
 .glue_7        0x0000000010009848        0x0 linker stubs

.glue_7t        0x0000000010009848        0x0
 .glue_7t       0x0000000010009848        0x0 linker stubs

.vfp11_veneer   0x0000000010009848        0x0
 .vfp11_veneer  0x0000000010009848        0x0 linker stubs

.v4_bx          0x0000000010009848        0x0
 .v4_bx         0x0000000010009848        0x0 linker stubs

.iplt           0x0000000010009848        0x0
 .iplt          0x0000000010009848        0x0 /usr/lib/gcc/arm-none-eabi/10.3.1/thumb/v6-m/nofp/crtbegin.o

.rodata         0x0000000010009848      0x5a8
 *(EXCLUDE_FILE(*libm.a: *libc.a:*lib_a-mem*.o *libgcc.a:) .rodata*)
 .rodata.task_get_orientation.str1.4
                0x0000000010009848       0x2a CMakeFiles/pico-rtos.dir/main.c.obj
 *fill*         0x0000000010009872        0x2 
 .rodata.main.str1.4
                0x0000000010009874       0x15 CMakeFiles/pico-rtos.dir/main.c.obj
 *fill*         0x0000000010009889        0x3 
 .rodata.spin_lock_claim_unused.str1.4
                0x000000001000988c       0x1b CMakeFiles/pico-rtos.dir/home/ubuntu/pico-sdk/src/rp2_common/hardware_sync/sync.c.obj
 *fill*         0x00000000100098a7        0x1 
 .rodata.user_irq_claim_unused.str1.4
                0x00000000100098a8       0x1b CMakeFiles/pico-rtos.dir/home/ubuntu/pico-sdk/src/rp2_common/hardware_irq/irq.c.obj
 *fill*         0x00000000100098c3        0x1 
 .rodata.hardware_alarm_claim.str1.4
                0x00000000100098c4       0x22 CMakeFiles/pico-rtos.dir/home/ubuntu/pico-sdk/src/rp2_common/hardware_timer/timer.c.obj
 *fill*         0x00000000100098e6        0x2 
 .rodata.panic.str1.4
                0x00000000100098e8       0x10 CMakeFiles/pico-rtos.dir/home/ubuntu/pico-sdk/src/rp2_common/pico_runtime/runtime.c.obj
                                         0x12 (size before relaxing)
 .rodata.panic_unsupported.str1.4
                0x00000000100098f8        0xe CMakeFiles/pico-rtos.dir/home/ubuntu/pico-sdk/src/rp2_common/pico_runtime/runtime.c.obj
 *fill*         0x0000000010009906        0x2 
 .rodata.hard_assertion_failure.str1.4
                0x0000000010009908        0xc CMakeFiles/pico-rtos.dir/home/ubuntu/pico-sdk/src/rp2_common/pico_runtime/runtime.c.obj
 .rodata._ftoa.str1.4
                0x0000000010009914       0x15 CMakeFiles/pico-rtos.dir/home/ubuntu/pico-sdk/src/rp2_common/pico_printf/printf.c.obj
 *fill*         0x0000000010009929        0x3 
 .rodata._vsnprintf
                0x000000001000992c      0x1e0 CMakeFiles/pico-rtos.dir/home/ubuntu/pico-sdk/src/rp2_common/pico_printf/printf.c.obj
 *fill*         0x0000000010009b0c        0x4 
 .rodata.pow10.0
                0x0000000010009b10       0x50 CMakeFiles/pico-rtos.dir/home/ubuntu/pico-sdk/src/rp2_common/pico_printf/printf.c.obj
 .rodata.str1.4
                0x0000000010009b60       0x40 CMakeFiles/pico-rtos.dir/home/ubuntu/pico-sdk/src/rp2_common/pico_standard_link/binary_info.c.obj
 .rodata.__bi_44
                0x0000000010009ba0        0xc CMakeFiles/pico-rtos.dir/home/ubuntu/pico-sdk/src/rp2_common/pico_standard_link/binary_info.c.obj
 .rodata.__bi_75
                0x0000000010009bac        0xc CMakeFiles/pico-rtos.dir/home/ubuntu/pico-sdk/src/rp2_common/pico_standard_link/binary_info.c.obj
 .rodata.__bi_81
                0x0000000010009bb8        0xc CMakeFiles/pico-rtos.dir/home/ubuntu/pico-sdk/src/rp2_common/pico_standard_link/binary_info.c.obj
 .rodata.crlf_str.0
                0x0000000010009bc4        0x2 CMakeFiles/pico-rtos.dir/home/ubuntu/pico-sdk/src/rp2_common/pico_stdio/stdio.c.obj
 *fill*         0x0000000010009bc6        0x2 
 .rodata._resetd_driver
                0x0000000010009bc8       0x18 CMakeFiles/pico-rtos.dir/home/ubuntu/pico-sdk/src/rp2_common/pico_stdio_usb/reset_interface.c.obj
 .rodata.str1.4
                0x0000000010009be0       0x13 CMakeFiles/pico-rtos.dir/home/ubuntu/pico-sdk/src/rp2_common/pico_stdio_usb/stdio_usb.c.obj
 *fill*         0x0000000010009bf3        0x1 
 .rodata.__bi_182.0
                0x0000000010009bf4        0xc CMakeFiles/pico-rtos.dir/home/ubuntu/pico-sdk/src/rp2_common/pico_stdio_usb/stdio_usb.c.obj
 .rodata.str1.4
                0x0000000010009c00       0x2a CMakeFiles/pico-rtos.dir/home/ubuntu/pico-sdk/src/rp2_common/pico_stdio_usb/stdio_usb_descriptors.c.obj
 *fill*         0x0000000010009c2a        0x2 
 .rodata.usbd_desc_cfg
                0x0000000010009c2c       0x54 CMakeFiles/pico-rtos.dir/home/ubuntu/pico-sdk/src/rp2_common/pico_stdio_usb/stdio_usb_descriptors.c.obj
 .rodata.usbd_desc_device
                0x0000000010009c80       0x12 CMakeFiles/pico-rtos.dir/home/ubuntu/pico-sdk/src/rp2_common/pico_stdio_usb/stdio_usb_descriptors.c.obj
 *fill*         0x0000000010009c92        0x2 
 .rodata.usbd_desc_str
                0x0000000010009c94       0x18 CMakeFiles/pico-rtos.dir/home/ubuntu/pico-sdk/src/rp2_common/pico_stdio_usb/stdio_usb_descriptors.c.obj
 .rodata.str1.4
                0x0000000010009cac       0x14 CMakeFiles/pico-rtos.dir/home/ubuntu/pico-sdk/lib/tinyusb/src/portable/raspberrypi/rp2040/dcd_rp2040.c.obj
 .rodata.str1.4
                0x0000000010009cc0       0x53 CMakeFiles/pico-rtos.dir/home/ubuntu/pico-sdk/lib/tinyusb/src/portable/raspberrypi/rp2040/rp2040_usb.c.obj
 *fill*         0x0000000010009d13        0x1 
 .rodata.tud_task_ext
                0x0000000010009d14       0x8c CMakeFiles/pico-rtos.dir/home/ubuntu/pico-sdk/lib/tinyusb/src/device/usbd.c.obj
 .rodata._usbd_driver
                0x0000000010009da0       0x18 CMakeFiles/pico-rtos.dir/home/ubuntu/pico-sdk/lib/tinyusb/src/device/usbd.c.obj
 .rodata.prvTimerTask
                0x0000000010009db8       0x28 CMakeFiles/pico-rtos.dir/__/lib/free_rtos/timers.c.obj
 .rodata.xTimerCreateTimerTask.str1.4
                0x0000000010009de0       0x10 CMakeFiles/pico-rtos.dir/__/lib/free_rtos/timers.c.obj
                0x0000000010009df0                . = ALIGN (0x4)
 *(SORT_BY_ALIGNMENT(SORT_BY_NAME(.flashdata*)))
                0x0000000010009df0                . = ALIGN (0x4)

.ARM.extab
 *(.ARM.extab* .gnu.linkonce.armextab.*)
                0x0000000010009df0                __exidx_start = .

.ARM.exidx
 *(.ARM.exidx* .gnu.linkonce.armexidx.*)
                0x0000000010009df0                __exidx_end = .
                0x0000000010009df0                . = ALIGN (0x4)
                0x0000000010009df0                __binary_info_start = .

.binary_info    0x0000000010009df0       0x20
 *(.binary_info.keep.*)
 .binary_info.keep.__bi_ptr22
                0x0000000010009df0        0x4 CMakeFiles/pico-rtos.dir/home/ubuntu/pico-sdk/src/rp2_common/pico_standard_link/binary_info.c.obj
 .binary_info.keep.__bi_ptr30
                0x0000000010009df4        0x4 CMakeFiles/pico-rtos.dir/home/ubuntu/pico-sdk/src/rp2_common/pico_standard_link/binary_info.c.obj
 .binary_info.keep.__bi_ptr38
                0x0000000010009df8        0x4 CMakeFiles/pico-rtos.dir/home/ubuntu/pico-sdk/src/rp2_common/pico_standard_link/binary_info.c.obj
 .binary_info.keep.__bi_ptr44
                0x0000000010009dfc        0x4 CMakeFiles/pico-rtos.dir/home/ubuntu/pico-sdk/src/rp2_common/pico_standard_link/binary_info.c.obj
 .binary_info.keep.__bi_ptr50
                0x0000000010009e00        0x4 CMakeFiles/pico-rtos.dir/home/ubuntu/pico-sdk/src/rp2_common/pico_standard_link/binary_info.c.obj
 .binary_info.keep.__bi_ptr75
                0x0000000010009e04        0x4 CMakeFiles/pico-rtos.dir/home/ubuntu/pico-sdk/src/rp2_common/pico_standard_link/binary_info.c.obj
 .binary_info.keep.__bi_ptr81
                0x0000000010009e08        0x4 CMakeFiles/pico-rtos.dir/home/ubuntu/pico-sdk/src/rp2_common/pico_standard_link/binary_info.c.obj
 *(.binary_info.*)
 .binary_info.__bi_ptr182
                0x0000000010009e0c        0x4 CMakeFiles/pico-rtos.dir/home/ubuntu/pico-sdk/src/rp2_common/pico_stdio_usb/stdio_usb.c.obj
                0x0000000010009e10                __binary_info_end = .

.rel.dyn        0x0000000010009e10        0x0
 .rel.iplt      0x0000000010009e10        0x0 /usr/lib/gcc/arm-none-eabi/10.3.1/thumb/v6-m/nofp/crtbegin.o
                0x0000000010009e10                . = ALIGN (0x4)

.ram_vector_table
                0x0000000020000000       0xc0
 *(.ram_vector_table)
 .ram_vector_table
                0x0000000020000000       0xc0 CMakeFiles/pico-rtos.dir/home/ubuntu/pico-sdk/src/rp2_common/pico_runtime/runtime.c.obj
                0x0000000020000000                ram_vector_table

.data           0x00000000200000c0      0xe68 load address 0x0000000010009e10
                0x00000000200000c0                __data_start__ = .
 *(vtable)
 *(.time_critical*)
 .time_critical.mutex_try_enter
                0x00000000200000c0       0x44 CMakeFiles/pico-rtos.dir/home/ubuntu/pico-sdk/src/common/pico_sync/mutex.c.obj
                0x00000000200000c0                mutex_try_enter
 .time_critical.mutex_try_enter_block_until
                0x0000000020000104       0x9c CMakeFiles/pico-rtos.dir/home/ubuntu/pico-sdk/src/common/pico_sync/mutex.c.obj
                0x0000000020000104                mutex_try_enter_block_until
 .time_critical.mutex_enter_timeout_ms
                0x00000000200001a0       0x78 CMakeFiles/pico-rtos.dir/home/ubuntu/pico-sdk/src/common/pico_sync/mutex.c.obj
                0x00000000200001a0                mutex_enter_timeout_ms
 .time_critical.mutex_exit
                0x0000000020000218       0x20 CMakeFiles/pico-rtos.dir/home/ubuntu/pico-sdk/src/common/pico_sync/mutex.c.obj
                0x0000000020000218                mutex_exit
 .time_critical.flash_init_boot2_copyout
                0x0000000020000238       0x30 CMakeFiles/pico-rtos.dir/home/ubuntu/pico-sdk/src/rp2_common/hardware_flash/flash.c.obj
 .time_critical.flash_enable_xip_via_boot2
                0x0000000020000268       0x10 CMakeFiles/pico-rtos.dir/home/ubuntu/pico-sdk/src/rp2_common/hardware_flash/flash.c.obj
 .time_critical.flash_cs_force
                0x0000000020000278       0x38 CMakeFiles/pico-rtos.dir/home/ubuntu/pico-sdk/src/rp2_common/hardware_flash/flash.c.obj
 .time_critical.flash_do_cmd
                0x00000000200002b0       0xc4 CMakeFiles/pico-rtos.dir/home/ubuntu/pico-sdk/src/rp2_common/hardware_flash/flash.c.obj
                0x00000000200002b0                flash_do_cmd
 .time_critical.reset_non_control_endpoints
                0x0000000020000374       0xbc CMakeFiles/pico-rtos.dir/home/ubuntu/pico-sdk/lib/tinyusb/src/portable/raspberrypi/rp2040/dcd_rp2040.c.obj
 .time_critical.hw_handle_buff_status
                0x0000000020000430       0xa8 CMakeFiles/pico-rtos.dir/home/ubuntu/pico-sdk/lib/tinyusb/src/portable/raspberrypi/rp2040/dcd_rp2040.c.obj
 .time_critical.dcd_rp2040_irq
                0x00000000200004d8      0x4d8 CMakeFiles/pico-rtos.dir/home/ubuntu/pico-sdk/lib/tinyusb/src/portable/raspberrypi/rp2040/dcd_rp2040.c.obj
 .time_critical.e15_is_bulkin_ep
                0x00000000200009b0       0x28 CMakeFiles/pico-rtos.dir/home/ubuntu/pico-sdk/lib/tinyusb/src/portable/raspberrypi/rp2040/rp2040_usb.c.obj
 .time_critical.e15_is_critical_frame_period
                0x00000000200009d8       0x34 CMakeFiles/pico-rtos.dir/home/ubuntu/pico-sdk/lib/tinyusb/src/portable/raspberrypi/rp2040/rp2040_usb.c.obj
 .time_critical.prepare_ep_buffer
                0x0000000020000a0c       0x70 CMakeFiles/pico-rtos.dir/home/ubuntu/pico-sdk/lib/tinyusb/src/portable/raspberrypi/rp2040/rp2040_usb.c.obj
 .time_critical.sync_ep_buffer
                0x0000000020000a7c       0x4c CMakeFiles/pico-rtos.dir/home/ubuntu/pico-sdk/lib/tinyusb/src/portable/raspberrypi/rp2040/rp2040_usb.c.obj
 .time_critical._hw_endpoint_xfer_sync
                0x0000000020000ac8       0x28 CMakeFiles/pico-rtos.dir/home/ubuntu/pico-sdk/lib/tinyusb/src/portable/raspberrypi/rp2040/rp2040_usb.c.obj
 .time_critical.hw_endpoint_reset_transfer
                0x0000000020000af0        0xc CMakeFiles/pico-rtos.dir/home/ubuntu/pico-sdk/lib/tinyusb/src/portable/raspberrypi/rp2040/rp2040_usb.c.obj
                0x0000000020000af0                hw_endpoint_reset_transfer
 .time_critical._hw_endpoint_buffer_control_update32
                0x0000000020000afc       0x58 CMakeFiles/pico-rtos.dir/home/ubuntu/pico-sdk/lib/tinyusb/src/portable/raspberrypi/rp2040/rp2040_usb.c.obj
                0x0000000020000afc                _hw_endpoint_buffer_control_update32
 .time_critical.hw_endpoint_start_next_buffer
                0x0000000020000b54       0x6c CMakeFiles/pico-rtos.dir/home/ubuntu/pico-sdk/lib/tinyusb/src/portable/raspberrypi/rp2040/rp2040_usb.c.obj
                0x0000000020000b54                hw_endpoint_start_next_buffer
 .time_critical.hw_endpoint_xfer_continue
                0x0000000020000bc0       0x50 CMakeFiles/pico-rtos.dir/home/ubuntu/pico-sdk/lib/tinyusb/src/portable/raspberrypi/rp2040/rp2040_usb.c.obj
                0x0000000020000bc0                hw_endpoint_xfer_continue
 .time_critical.tinyusb
                0x0000000020000c10      0x170 CMakeFiles/pico-rtos.dir/home/ubuntu/pico-sdk/lib/tinyusb/src/device/usbd.c.obj
                0x0000000020000c10                dcd_event_handler
 *(.text*)
 .text          0x0000000020000d80        0x4 /usr/lib/gcc/arm-none-eabi/10.3.1/thumb/v6-m/nofp/libgcc.a(_dvmd_tls.o)
                0x0000000020000d80                __aeabi_ldiv0
                0x0000000020000d80                __aeabi_idiv0
 *fill*         0x0000000020000d84        0x4 
 .text.__stub   0x0000000020000d88       0x90 linker stubs
                0x0000000020000e18                . = ALIGN (0x4)
 *(.rodata*)
                0x0000000020000e18                . = ALIGN (0x4)
 *(.data*)
 .data.striped_spin_lock_num
                0x0000000020000e18        0x1 CMakeFiles/pico-rtos.dir/home/ubuntu/pico-sdk/src/rp2_common/hardware_sync/sync.c.obj
 *fill*         0x0000000020000e19        0x3 
 .data          0x0000000020000e1c       0x48 CMakeFiles/pico-rtos.dir/home/ubuntu/pico-sdk/src/rp2_common/hardware_irq/irq_handler_chain.S.obj
                0x0000000020000e1c                irq_handler_chain_slots
                0x0000000020000e4c                irq_handler_chain_first_slot
                0x0000000020000e56                irq_handler_chain_remove_tail
 .data.default_alarm_pool
                0x0000000020000e64       0x18 CMakeFiles/pico-rtos.dir/home/ubuntu/pico-sdk/src/common/pico_time/time.c.obj
 .data.default_alarm_pool_heap
                0x0000000020000e7c       0x10 CMakeFiles/pico-rtos.dir/home/ubuntu/pico-sdk/src/common/pico_time/time.c.obj
 *fill*         0x0000000020000e8c        0x4 
 .data.aeabi_bits_funcs
                0x0000000020000e90       0x10 CMakeFiles/pico-rtos.dir/home/ubuntu/pico-sdk/src/rp2_common/pico_bit_ops/bit_ops_aeabi.S.obj
                0x0000000020000e90                aeabi_bits_funcs
                0x0000000020000ea0                aeabi_bits_funcs_end
 .data.aeabi_mem_funcs
                0x0000000020000ea0       0x10 CMakeFiles/pico-rtos.dir/home/ubuntu/pico-sdk/src/rp2_common/pico_mem_ops/mem_ops_aeabi.S.obj
                0x0000000020000ea0                aeabi_mem_funcs
                0x0000000020000eb0                aeabi_mem_funcs_end
 .data.stdio_usb
                0x0000000020000eb0       0x18 CMakeFiles/pico-rtos.dir/home/ubuntu/pico-sdk/src/rp2_common/pico_stdio_usb/stdio_usb.c.obj
                0x0000000020000eb0                stdio_usb
 .data.ep_dir_string
                0x0000000020000ec8        0x8 CMakeFiles/pico-rtos.dir/home/ubuntu/pico-sdk/lib/tinyusb/src/portable/raspberrypi/rp2040/rp2040_usb.c.obj
                0x0000000020000ec8                ep_dir_string
 .data._usbd_qdef
                0x0000000020000ed0       0x1c CMakeFiles/pico-rtos.dir/home/ubuntu/pico-sdk/lib/tinyusb/src/device/usbd.c.obj
                0x0000000020000ed0                _usbd_qdef
 .data._usbd_rhport
                0x0000000020000eec        0x1 CMakeFiles/pico-rtos.dir/home/ubuntu/pico-sdk/lib/tinyusb/src/device/usbd.c.obj
 .data.ucPrimaryCoreNum
                0x0000000020000eed        0x1 CMakeFiles/pico-rtos.dir/__/lib/free_rtos/portable/ThirdParty/GCC/RP2040/port.c.obj
 *fill*         0x0000000020000eee        0x2 
 .data.uxTopUsedPriority
                0x0000000020000ef0        0x4 CMakeFiles/pico-rtos.dir/__/lib/free_rtos/tasks.c.obj
                0x0000000020000ef0                uxTopUsedPriority
 .data.i2c0_inst
                0x0000000020000ef4        0x8 CMakeFiles/pico-rtos.dir/home/ubuntu/pico-sdk/src/rp2_common/hardware_i2c/i2c.c.obj
                0x0000000020000ef4                i2c0_inst
                0x0000000020000efc                . = ALIGN (0x4)
 *(.after_data.*)
                0x0000000020000efc                . = ALIGN (0x4)
                0x0000000020000efc                PROVIDE (__mutex_array_start = .)
 *(SORT_BY_NAME(.mutex_array.*))
 *(.mutex_array)
 .mutex_array   0x0000000020000efc        0x8 CMakeFiles/pico-rtos.dir/home/ubuntu/pico-sdk/src/rp2_common/pico_malloc/pico_malloc.c.obj
 .mutex_array   0x0000000020000f04        0x8 CMakeFiles/pico-rtos.dir/home/ubuntu/pico-sdk/src/rp2_common/pico_stdio/stdio.c.obj
                0x0000000020000f0c                PROVIDE (__mutex_array_end = .)
                0x0000000020000f0c                . = ALIGN (0x4)
                0x0000000020000f0c                PROVIDE (__preinit_array_start = .)
 *(SORT_BY_NAME(.preinit_array.*))
 .preinit_array.00001
                0x0000000020000f0c        0x4 CMakeFiles/pico-rtos.dir/home/ubuntu/pico-sdk/src/rp2_common/pico_mem_ops/mem_ops_aeabi.S.obj
 .preinit_array.00010
                0x0000000020000f10        0x4 CMakeFiles/pico-rtos.dir/home/ubuntu/pico-sdk/src/rp2_common/pico_bit_ops/bit_ops_aeabi.S.obj
 .preinit_array.00020
                0x0000000020000f14        0x4 CMakeFiles/pico-rtos.dir/home/ubuntu/pico-sdk/src/rp2_common/pico_double/double_aeabi.S.obj
 .preinit_array.00020
                0x0000000020000f18        0x4 CMakeFiles/pico-rtos.dir/home/ubuntu/pico-sdk/src/rp2_common/pico_float/float_aeabi.S.obj
 *(.preinit_array)
                0x0000000020000f1c                PROVIDE (__preinit_array_end = .)
                0x0000000020000f1c                . = ALIGN (0x4)
                0x0000000020000f1c                PROVIDE (__init_array_start = .)
 *(SORT_BY_NAME(.init_array.*))
 *(.init_array)
 .init_array    0x0000000020000f1c        0x4 /usr/lib/gcc/arm-none-eabi/10.3.1/thumb/v6-m/nofp/crtbegin.o
 .init_array    0x0000000020000f20        0x4 CMakeFiles/pico-rtos.dir/home/ubuntu/pico-sdk/src/rp2_common/pico_unique_id/unique_id.c.obj
 .init_array    0x0000000020000f24        0x4 CMakeFiles/pico-rtos.dir/__/lib/free_rtos/portable/ThirdParty/GCC/RP2040/port.c.obj
                0x0000000020000f28                PROVIDE (__init_array_end = .)
                0x0000000020000f28                . = ALIGN (0x4)
                0x0000000020000f28                PROVIDE (__fini_array_start = .)
 *(SORT_BY_NAME(.fini_array.*))
 *(.fini_array)
                0x0000000020000f28                PROVIDE (__fini_array_end = .)
 *(.jcr)
                0x0000000020000f28                . = ALIGN (0x4)
                0x0000000020000f28                __data_end__ = .
                0x0000000010009e10                __etext = LOADADDR (.data)

.tm_clone_table
                0x0000000020000f28        0x0 load address 0x000000001000ac78
 .tm_clone_table
                0x0000000020000f28        0x0 /usr/lib/gcc/arm-none-eabi/10.3.1/thumb/v6-m/nofp/crtbegin.o
 .tm_clone_table
                0x0000000020000f28        0x0 /usr/lib/gcc/arm-none-eabi/10.3.1/thumb/v6-m/nofp/crtend.o

.igot.plt       0x0000000020000f28        0x0 load address 0x000000001000ac78
 .igot.plt      0x0000000020000f28        0x0 /usr/lib/gcc/arm-none-eabi/10.3.1/thumb/v6-m/nofp/crtbegin.o

.uninitialized_data
                0x0000000020000f28        0x0 load address 0x000000001000ac78
                0x0000000020000f28                . = ALIGN (0x4)
 *(.uninitialized_data*)

.scratch_x      0x0000000020040000        0x0 load address 0x000000001000ac78
                0x0000000020040000                __scratch_x_start__ = .
 *(.scratch_x.*)
                0x0000000020040000                . = ALIGN (0x4)
                0x0000000020040000                __scratch_x_end__ = .
                0x000000001000ac78                __scratch_x_source__ = LOADADDR (.scratch_x)

.scratch_y      0x0000000020041000        0x0 load address 0x000000001000ac78
                0x0000000020041000                __scratch_y_start__ = .
 *(.scratch_y.*)
                0x0000000020041000                . = ALIGN (0x4)
                0x0000000020041000                __scratch_y_end__ = .
                0x000000001000ac78                __scratch_y_source__ = LOADADDR (.scratch_y)

.bss            0x0000000020000f28    0x2115c
                0x0000000020000f28                . = ALIGN (0x4)
                0x0000000020000f28                __bss_start__ = .
 *(SORT_BY_ALIGNMENT(SORT_BY_NAME(.bss*)))
 .bss.default_alarm_pool_entries
                0x0000000020000f28      0x100 CMakeFiles/pico-rtos.dir/home/ubuntu/pico-sdk/src/common/pico_time/time.c.obj
 .bss.last_avail_time.1
                0x0000000020001028        0x8 CMakeFiles/pico-rtos.dir/home/ubuntu/pico-sdk/src/rp2_common/pico_stdio_usb/stdio_usb.c.obj
 .bss.sd_table  0x0000000020001030      0x100 CMakeFiles/pico-rtos.dir/home/ubuntu/pico-sdk/src/rp2_common/pico_double/double_init_rom.c.obj
                0x0000000020001030                sd_table
 .bss.sf_table  0x0000000020001130      0x100 CMakeFiles/pico-rtos.dir/home/ubuntu/pico-sdk/src/rp2_common/pico_float/float_init_rom.c.obj
                0x0000000020001130                sf_table
 .bss.xQueueRegistry
                0x0000000020001230       0x40 CMakeFiles/pico-rtos.dir/__/lib/free_rtos/queue.c.obj
                0x0000000020001230                xQueueRegistry
 .bss           0x0000000020001270       0x1c /usr/lib/gcc/arm-none-eabi/10.3.1/thumb/v6-m/nofp/crtbegin.o
 .bss._app_driver
                0x000000002000128c        0x4 CMakeFiles/pico-rtos.dir/home/ubuntu/pico-sdk/lib/tinyusb/src/device/usbd.c.obj
 .bss._cdcd_itf
                0x0000000020001290      0x2c8 CMakeFiles/pico-rtos.dir/home/ubuntu/pico-sdk/lib/tinyusb/src/class/cdc/cdc_device.c.obj
 .bss._ctrl_xfer
                0x0000000020001558       0x14 CMakeFiles/pico-rtos.dir/home/ubuntu/pico-sdk/lib/tinyusb/src/device/usbd_control.c.obj
 .bss._ubsd_mutexdef
                0x000000002000156c        0x8 CMakeFiles/pico-rtos.dir/home/ubuntu/pico-sdk/lib/tinyusb/src/device/usbd.c.obj
 .bss._usbd_ctrl_buf
                0x0000000020001574       0x40 CMakeFiles/pico-rtos.dir/home/ubuntu/pico-sdk/lib/tinyusb/src/device/usbd_control.c.obj
 .bss._usbd_dev
                0x00000000200015b4       0x53 CMakeFiles/pico-rtos.dir/home/ubuntu/pico-sdk/lib/tinyusb/src/device/usbd.c.obj
 *fill*         0x0000000020001607        0x1 
 .bss._usbd_mutex
                0x0000000020001608        0x4 CMakeFiles/pico-rtos.dir/home/ubuntu/pico-sdk/lib/tinyusb/src/device/usbd.c.obj
 .bss._usbd_q   0x000000002000160c        0x4 CMakeFiles/pico-rtos.dir/home/ubuntu/pico-sdk/lib/tinyusb/src/device/usbd.c.obj
 .bss._usbd_qdef_buf
                0x0000000020001610       0xc0 CMakeFiles/pico-rtos.dir/home/ubuntu/pico-sdk/lib/tinyusb/src/device/usbd.c.obj
                0x0000000020001610                _usbd_qdef_buf
 .bss.alarm_callbacks
                0x00000000200016d0       0x10 CMakeFiles/pico-rtos.dir/home/ubuntu/pico-sdk/src/rp2_common/hardware_timer/timer.c.obj
 .bss.boot2_copyout
                0x00000000200016e0      0x100 CMakeFiles/pico-rtos.dir/home/ubuntu/pico-sdk/src/rp2_common/hardware_flash/flash.c.obj
 .bss.chars_available_callback
                0x00000000200017e0        0x4 CMakeFiles/pico-rtos.dir/home/ubuntu/pico-sdk/src/rp2_common/pico_stdio_usb/stdio_usb.c.obj
 .bss.chars_available_param
                0x00000000200017e4        0x4 CMakeFiles/pico-rtos.dir/home/ubuntu/pico-sdk/src/rp2_common/pico_stdio_usb/stdio_usb.c.obj
 .bss.claimed   0x00000000200017e8        0x4 CMakeFiles/pico-rtos.dir/home/ubuntu/pico-sdk/src/rp2_common/hardware_sync/sync.c.obj
 .bss.configured_freq
                0x00000000200017ec       0x28 CMakeFiles/pico-rtos.dir/home/ubuntu/pico-sdk/src/rp2_common/hardware_clocks/clocks.c.obj
 .bss.default_alarm_pool_entry_ids_high
                0x0000000020001814       0x10 CMakeFiles/pico-rtos.dir/home/ubuntu/pico-sdk/src/common/pico_time/time.c.obj
 .bss.default_alarm_pool_heap_nodes
                0x0000000020001824       0x30 CMakeFiles/pico-rtos.dir/home/ubuntu/pico-sdk/src/common/pico_time/time.c.obj
 .bss.desc_str.0
                0x0000000020001854       0x28 CMakeFiles/pico-rtos.dir/home/ubuntu/pico-sdk/src/rp2_common/pico_stdio_usb/stdio_usb_descriptors.c.obj
 .bss.drivers   0x000000002000187c        0x4 CMakeFiles/pico-rtos.dir/home/ubuntu/pico-sdk/src/rp2_common/pico_stdio/stdio.c.obj
 .bss.e15_last_sof
                0x0000000020001880        0x4 CMakeFiles/pico-rtos.dir/home/ubuntu/pico-sdk/lib/tinyusb/src/portable/raspberrypi/rp2040/rp2040_usb.c.obj
                0x0000000020001880                e15_last_sof
 .bss.filter    0x0000000020001884        0x4 CMakeFiles/pico-rtos.dir/home/ubuntu/pico-sdk/src/rp2_common/pico_stdio/stdio.c.obj
 .bss.hw_endpoints
                0x0000000020001888      0x400 CMakeFiles/pico-rtos.dir/home/ubuntu/pico-sdk/lib/tinyusb/src/portable/raspberrypi/rp2040/dcd_rp2040.c.obj
 .bss.lazy_vsnprintf
                0x0000000020001c88        0x4 CMakeFiles/pico-rtos.dir/home/ubuntu/pico-sdk/src/rp2_common/pico_printf/printf.c.obj
 .bss.load_value
                0x0000000020001c8c        0x4 CMakeFiles/pico-rtos.dir/home/ubuntu/pico-sdk/src/rp2_common/hardware_watchdog/watchdog.c.obj
 .bss.next_buffer_ptr
                0x0000000020001c90        0x4 CMakeFiles/pico-rtos.dir/home/ubuntu/pico-sdk/lib/tinyusb/src/portable/raspberrypi/rp2040/dcd_rp2040.c.obj
 .bss.one_shot_timer_crit_sec