Archive member included to satisfy reference by file (symbol)

/usr/lib/gcc/arm-none-eabi/10.3.1/thumb/v6-m/nofp/libgcc.a(_dvmd_tls.o)
                              CMakeFiles/mpu6050.dir/home/ubuntu/pico-sdk/src/rp2_common/pico_divider/divider.S.obj (__aeabi_idiv0)
/usr/lib/gcc/arm-none-eabi/10.3.1/../../../arm-none-eabi/lib/thumb/v6-m/nofp/libc.a(lib_a-atexit.o)
                              /usr/lib/gcc/arm-none-eabi/10.3.1/../../../arm-none-eabi/lib/thumb/v6-m/nofp/crt0.o (atexit)
/usr/lib/gcc/arm-none-eabi/10.3.1/../../../arm-none-eabi/lib/thumb/v6-m/nofp/libc.a(lib_a-calloc.o)
                              CMakeFiles/mpu6050.dir/home/ubuntu/pico-sdk/src/rp2_common/pico_malloc/pico_malloc.c.obj (calloc)
/usr/lib/gcc/arm-none-eabi/10.3.1/../../../arm-none-eabi/lib/thumb/v6-m/nofp/libc.a(lib_a-callocr.o)
                              /usr/lib/gcc/arm-none-eabi/10.3.1/../../../arm-none-eabi/lib/thumb/v6-m/nofp/libc.a(lib_a-calloc.o) (_calloc_r)
/usr/lib/gcc/arm-none-eabi/10.3.1/../../../arm-none-eabi/lib/thumb/v6-m/nofp/libc.a(lib_a-fini.o)
                              /usr/lib/gcc/arm-none-eabi/10.3.1/../../../arm-none-eabi/lib/thumb/v6-m/nofp/crt0.o (__libc_fini_array)
/usr/lib/gcc/arm-none-eabi/10.3.1/../../../arm-none-eabi/lib/thumb/v6-m/nofp/libc.a(lib_a-impure.o)
                              /usr/lib/gcc/arm-none-eabi/10.3.1/../../../arm-none-eabi/lib/thumb/v6-m/nofp/libc.a(lib_a-calloc.o) (_impure_ptr)
/usr/lib/gcc/arm-none-eabi/10.3.1/../../../arm-none-eabi/lib/thumb/v6-m/nofp/libc.a(lib_a-init.o)
                              /usr/lib/gcc/arm-none-eabi/10.3.1/../../../arm-none-eabi/lib/thumb/v6-m/nofp/crt0.o (__libc_init_array)
/usr/lib/gcc/arm-none-eabi/10.3.1/../../../arm-none-eabi/lib/thumb/v6-m/nofp/libc.a(lib_a-malloc.o)
                              CMakeFiles/mpu6050.dir/home/ubuntu/pico-sdk/src/rp2_common/pico_malloc/pico_malloc.c.obj (malloc)
/usr/lib/gcc/arm-none-eabi/10.3.1/../../../arm-none-eabi/lib/thumb/v6-m/nofp/libc.a(lib_a-mallocr.o)
                              /usr/lib/gcc/arm-none-eabi/10.3.1/../../../arm-none-eabi/lib/thumb/v6-m/nofp/libc.a(lib_a-callocr.o) (_malloc_r)
/usr/lib/gcc/arm-none-eabi/10.3.1/../../../arm-none-eabi/lib/thumb/v6-m/nofp/libc.a(lib_a-mlock.o)
                              /usr/lib/gcc/arm-none-eabi/10.3.1/../../../arm-none-eabi/lib/thumb/v6-m/nofp/libc.a(lib_a-mallocr.o) (__malloc_lock)
/usr/lib/gcc/arm-none-eabi/10.3.1/../../../arm-none-eabi/lib/thumb/v6-m/nofp/libc.a(lib_a-realloc.o)
                              CMakeFiles/mpu6050.dir/home/ubuntu/pico-sdk/src/rp2_common/pico_malloc/pico_malloc.c.obj (realloc)
/usr/lib/gcc/arm-none-eabi/10.3.1/../../../arm-none-eabi/lib/thumb/v6-m/nofp/libc.a(lib_a-reallocr.o)
                              /usr/lib/gcc/arm-none-eabi/10.3.1/../../../arm-none-eabi/lib/thumb/v6-m/nofp/libc.a(lib_a-realloc.o) (_realloc_r)
/usr/lib/gcc/arm-none-eabi/10.3.1/../../../arm-none-eabi/lib/thumb/v6-m/nofp/libc.a(lib_a-sbrkr.o)
                              /usr/lib/gcc/arm-none-eabi/10.3.1/../../../arm-none-eabi/lib/thumb/v6-m/nofp/libc.a(lib_a-mallocr.o) (_sbrk_r)
/usr/lib/gcc/arm-none-eabi/10.3.1/../../../arm-none-eabi/lib/thumb/v6-m/nofp/libc.a(lib_a-strlen-stub.o)
                              CMakeFiles/mpu6050.dir/home/ubuntu/pico-sdk/src/rp2_common/pico_stdio/stdio.c.obj (strlen)
/usr/lib/gcc/arm-none-eabi/10.3.1/../../../arm-none-eabi/lib/thumb/v6-m/nofp/libc.a(lib_a-__atexit.o)
                              /usr/lib/gcc/arm-none-eabi/10.3.1/../../../arm-none-eabi/lib/thumb/v6-m/nofp/libc.a(lib_a-atexit.o) (__register_exitproc)
/usr/lib/gcc/arm-none-eabi/10.3.1/../../../arm-none-eabi/lib/thumb/v6-m/nofp/libc.a(lib_a-freer.o)
                              /usr/lib/gcc/arm-none-eabi/10.3.1/../../../arm-none-eabi/lib/thumb/v6-m/nofp/libc.a(lib_a-malloc.o) (_free_r)
/usr/lib/gcc/arm-none-eabi/10.3.1/../../../arm-none-eabi/lib/thumb/v6-m/nofp/libc.a(lib_a-memmove.o)
                              /usr/lib/gcc/arm-none-eabi/10.3.1/../../../arm-none-eabi/lib/thumb/v6-m/nofp/libc.a(lib_a-reallocr.o) (memmove)
/usr/lib/gcc/arm-none-eabi/10.3.1/../../../arm-none-eabi/lib/thumb/v6-m/nofp/libc.a(lib_a-reent.o)
                              /usr/lib/gcc/arm-none-eabi/10.3.1/../../../arm-none-eabi/lib/thumb/v6-m/nofp/libc.a(lib_a-sbrkr.o) (errno)

Discarded input sections

 .text          0x0000000000000000        0x0 /usr/lib/gcc/arm-none-eabi/10.3.1/thumb/v6-m/nofp/crti.o
 .data          0x0000000000000000        0x0 /usr/lib/gcc/arm-none-eabi/10.3.1/thumb/v6-m/nofp/crti.o
 .bss           0x0000000000000000        0x0 /usr/lib/gcc/arm-none-eabi/10.3.1/thumb/v6-m/nofp/crti.o
 .data          0x0000000000000000        0x4 /usr/lib/gcc/arm-none-eabi/10.3.1/thumb/v6-m/nofp/crtbegin.o
 .rodata        0x0000000000000000       0x24 /usr/lib/gcc/arm-none-eabi/10.3.1/thumb/v6-m/nofp/crtbegin.o
 .fini_array    0x0000000000000000        0x4 /usr/lib/gcc/arm-none-eabi/10.3.1/thumb/v6-m/nofp/crtbegin.o
[...]
Memory Configuration

Name             Origin             Length             Attributes
FLASH            0x0000000010000000 0x0000000000200000 xr
RAM              0x0000000020000000 0x0000000000040000 xrw
SCRATCH_X        0x0000000020040000 0x0000000000001000 xrw
SCRATCH_Y        0x0000000020041000 0x0000000000001000 xrw
*default*        0x0000000000000000 0xffffffffffffffff

Linker script and memory map

LOAD /usr/lib/gcc/arm-none-eabi/10.3.1/thumb/v6-m/nofp/crti.o
LOAD /usr/lib/gcc/arm-none-eabi/10.3.1/thumb/v6-m/nofp/crtbegin.o
LOAD /usr/lib/gcc/arm-none-eabi/10.3.1/../../../arm-none-eabi/lib/thumb/v6-m/nofp/crt0.o

.flash_begin    0x0000000010000000        0x0
                0x0000000010000000                __flash_binary_start = .

.boot2          0x0000000010000000      0x100
                0x0000000010000000                __boot2_start__ = .
 *(.boot2)
 .boot2         0x0000000010000000      0x100 /tmp/ccOovNPY.o
                0x0000000010000100                __boot2_end__ = .
                0x0000000000000001                ASSERT (((__boot2_end__ - __boot2_start__) == 0x100), ERROR: Pico second stage bootloader must be 256 bytes in size)

.text           0x0000000010000100     0x7678
                0x0000000010000100                __logical_binary_start = .
 *(.vectors)
 .vectors       0x0000000010000100       0xd4 CMakeFiles/mpu6050.dir/home/ubuntu/pico-sdk/src/rp2_common/pico_standard_link/crt0.S.obj
                0x0000000010000100                __vectors
                0x0000000010000100                __VECTOR_TABLE
                0x00000000100001c0                isr_invalid
                0x00000000100001c0                __default_isrs_start
                0x00000000100001c2                isr_nmi
                0x00000000100001c4                isr_hardfault
                0x00000000100001c6                isr_svcall
                0x00000000100001c8                isr_pendsv
                0x00000000100001ca                isr_systick
                0x00000000100001cc                isr_irq30
                0x00000000100001cc                __unhandled_user_irq
                0x00000000100001cc                isr_irq13
                0x00000000100001cc                isr_irq27
                0x00000000100001cc                isr_irq31
                0x00000000100001cc                isr_irq5
                0x00000000100001cc                isr_irq11
                0x00000000100001cc                isr_irq23
                0x00000000100001cc                isr_irq18
                0x00000000100001cc                isr_irq28
                0x00000000100001cc                isr_irq19
                0x00000000100001cc                isr_irq0
                0x00000000100001cc                isr_irq6
                0x00000000100001cc                isr_irq22
                0x00000000100001cc                isr_irq17
                0x00000000100001cc                isr_irq14
                0x00000000100001cc                isr_irq2
                0x00000000100001cc                isr_irq10
                0x00000000100001cc                isr_irq8
                0x00000000100001cc                isr_irq24
                0x00000000100001cc                isr_irq1
                0x00000000100001cc                isr_irq7
                0x00000000100001cc                isr_irq21
                0x00000000100001cc                isr_irq20
                0x00000000100001cc                isr_irq15
                0x00000000100001cc                isr_irq25
                0x00000000100001cc                isr_irq4
                0x00000000100001cc                isr_irq16
                0x00000000100001cc                isr_irq29
                0x00000000100001cc                isr_irq26
                0x00000000100001cc                __default_isrs_end
                0x00000000100001cc                isr_irq3
                0x00000000100001cc                isr_irq12
                0x00000000100001cc                isr_irq9
                0x00000000100001d2                unhandled_user_irq_num_in_r0
 *(.binary_info_header)
 .binary_info_header
                0x00000000100001d4       0x14 CMakeFiles/mpu6050.dir/home/ubuntu/pico-sdk/src/rp2_common/pico_standard_link/crt0.S.obj
                0x00000000100001e8                __binary_info_header_end = .
 *(.reset)
 .reset         0x00000000100001e8       0xa0 CMakeFiles/mpu6050.dir/home/ubuntu/pico-sdk/src/rp2_common/pico_standard_link/crt0.S.obj
                0x00000000100001e8                _entry_point
 .reset         0x0000000010000288       0x30 CMakeFiles/mpu6050.dir/home/ubuntu/pico-sdk/src/rp2_common/pico_standard_link/binary_info.c.obj
 *(.init)
 .init          0x00000000100002b8        0x4 /usr/lib/gcc/arm-none-eabi/10.3.1/thumb/v6-m/nofp/crti.o
                0x00000000100002b8                _init
 *(EXCLUDE_FILE(*libm.a: *libc.a:*lib_a-mem*.o *libgcc.a:) .text*)
 .text          0x00000000100002bc       0x98 /usr/lib/gcc/arm-none-eabi/10.3.1/thumb/v6-m/nofp/crtbegin.o
 .text.startup.main
                0x0000000010000354      0x354 CMakeFiles/mpu6050.dir/mpu6050.c.obj
                0x0000000010000354                main
 .text.gpio_set_function
                0x00000000100006a8       0x30 CMakeFiles/mpu6050.dir/home/ubuntu/pico-sdk/src/rp2_common/hardware_gpio/gpio.c.obj
                0x00000000100006a8                gpio_set_function
 .text.gpio_set_pulls
                0x00000000100006d8       0x30 CMakeFiles/mpu6050.dir/home/ubuntu/pico-sdk/src/rp2_common/hardware_gpio/gpio.c.obj
                0x00000000100006d8                gpio_set_pulls
 .text.running_on_fpga
                0x0000000010000708       0x10 CMakeFiles/mpu6050.dir/home/ubuntu/pico-sdk/src/rp2_common/pico_platform/platform.c.obj
                0x0000000010000708                running_on_fpga
 .text.hw_claim_or_assert
                0x0000000010000718       0x44 CMakeFiles/mpu6050.dir/home/ubuntu/pico-sdk/src/rp2_common/hardware_claim/claim.c.obj
                0x0000000010000718                hw_claim_or_assert
 .text.hw_claim_unused_from_range
                0x000000001000075c       0x9c CMakeFiles/mpu6050.dir/home/ubuntu/pico-sdk/src/rp2_common/hardware_claim/claim.c.obj
                0x000000001000075c                hw_claim_unused_from_range
 .text.spin_locks_reset
                0x00000000100007f8       0x1c CMakeFiles/mpu6050.dir/home/ubuntu/pico-sdk/src/rp2_common/hardware_sync/sync.c.obj
                0x00000000100007f8                spin_locks_reset
 .text.next_striped_spin_lock_num
                0x0000000010000814       0x18 CMakeFiles/mpu6050.dir/home/ubuntu/pico-sdk/src/rp2_common/hardware_sync/sync.c.obj
                0x0000000010000814                next_striped_spin_lock_num
 .text.spin_lock_claim_unused
                0x000000001000082c       0x20 CMakeFiles/mpu6050.dir/home/ubuntu/pico-sdk/src/rp2_common/hardware_sync/sync.c.obj
                0x000000001000082c                spin_lock_claim_unused
 .text.irq_set_enabled
                0x000000001000084c       0x24 CMakeFiles/mpu6050.dir/home/ubuntu/pico-sdk/src/rp2_common/hardware_irq/irq.c.obj
                0x000000001000084c                irq_set_enabled
 .text.irq_set_pending
                0x0000000010000870       0x10 CMakeFiles/mpu6050.dir/home/ubuntu/pico-sdk/src/rp2_common/hardware_irq/irq.c.obj
                0x0000000010000870                irq_set_pending
 .text.irq_has_shared_handler
                0x0000000010000880       0x2c CMakeFiles/mpu6050.dir/home/ubuntu/pico-sdk/src/rp2_common/hardware_irq/irq.c.obj
                0x0000000010000880                irq_has_shared_handler
 .text.irq_get_vtable_handler
                0x00000000100008ac       0x10 CMakeFiles/mpu6050.dir/home/ubuntu/pico-sdk/src/rp2_common/hardware_irq/irq.c.obj
                0x00000000100008ac                irq_get_vtable_handler
 .text.irq_set_exclusive_handler
                0x00000000100008bc       0x54 CMakeFiles/mpu6050.dir/home/ubuntu/pico-sdk/src/rp2_common/hardware_irq/irq.c.obj
                0x00000000100008bc                irq_set_exclusive_handler
 .text.irq_add_shared_handler
                0x0000000010000910      0x1e8 CMakeFiles/mpu6050.dir/home/ubuntu/pico-sdk/src/rp2_common/hardware_irq/irq.c.obj
                0x0000000010000910                irq_add_shared_handler
 .text.irq_remove_handler
                0x0000000010000af8      0x1b0 CMakeFiles/mpu6050.dir/home/ubuntu/pico-sdk/src/rp2_common/hardware_irq/irq.c.obj
                0x0000000010000af8                irq_remove_handler
 .text.irq_add_tail_to_free_list
                0x0000000010000ca8       0xb4 CMakeFiles/mpu6050.dir/home/ubuntu/pico-sdk/src/rp2_common/hardware_irq/irq.c.obj
                0x0000000010000ca8                irq_add_tail_to_free_list
 .text.irq_init_priorities
                0x0000000010000d5c       0x24 CMakeFiles/mpu6050.dir/home/ubuntu/pico-sdk/src/rp2_common/hardware_irq/irq.c.obj
                0x0000000010000d5c                irq_init_priorities
 .text.user_irq_claim_unused
                0x0000000010000d80       0x28 CMakeFiles/mpu6050.dir/home/ubuntu/pico-sdk/src/rp2_common/hardware_irq/irq.c.obj
                0x0000000010000d80                user_irq_claim_unused
 .text.lock_init
                0x0000000010000da8       0x10 CMakeFiles/mpu6050.dir/home/ubuntu/pico-sdk/src/common/pico_sync/lock_core.c.obj
                0x0000000010000da8                lock_init
 .text.mutex_init
                0x0000000010000db8       0x1c CMakeFiles/mpu6050.dir/home/ubuntu/pico-sdk/src/common/pico_sync/mutex.c.obj
                0x0000000010000db8                mutex_init
 .text.recursive_mutex_init
                0x0000000010000dd4       0x1c CMakeFiles/mpu6050.dir/home/ubuntu/pico-sdk/src/common/pico_sync/mutex.c.obj
                0x0000000010000dd4                recursive_mutex_init
 .text.critical_section_init
                0x0000000010000df0       0x20 CMakeFiles/mpu6050.dir/home/ubuntu/pico-sdk/src/common/pico_sync/critical_section.c.obj
                0x0000000010000df0                critical_section_init
 .text.critical_section_init_with_lock_num
                0x0000000010000e10       0x14 CMakeFiles/mpu6050.dir/home/ubuntu/pico-sdk/src/common/pico_sync/critical_section.c.obj
                0x0000000010000e10                critical_section_init_with_lock_num
 .text.timer_pool_entry_comparator
                0x0000000010000e24       0x34 CMakeFiles/mpu6050.dir/home/ubuntu/pico-sdk/src/common/pico_time/time.c.obj
                0x0000000010000e24                timer_pool_entry_comparator
 .text.sleep_until_callback
                0x0000000010000e58       0x30 CMakeFiles/mpu6050.dir/home/ubuntu/pico-sdk/src/common/pico_time/time.c.obj
 .text.add_alarm_under_lock.isra.0
                0x0000000010000e88      0x100 CMakeFiles/mpu6050.dir/home/ubuntu/pico-sdk/src/common/pico_time/time.c.obj
 .text.alarm_pool_alarm_callback
                0x0000000010000f88      0x1bc CMakeFiles/mpu6050.dir/home/ubuntu/pico-sdk/src/common/pico_time/time.c.obj
 .text.alarm_pool_init_default
                0x0000000010001144       0x6c CMakeFiles/mpu6050.dir/home/ubuntu/pico-sdk/src/common/pico_time/time.c.obj
                0x0000000010001144                alarm_pool_init_default
 .text.alarm_pool_get_default
                0x00000000100011b0        0x8 CMakeFiles/mpu6050.dir/home/ubuntu/pico-sdk/src/common/pico_time/time.c.obj
                0x00000000100011b0                alarm_pool_get_default
 .text.alarm_pool_add_alarm_at
                0x00000000100011b8      0x178 CMakeFiles/mpu6050.dir/home/ubuntu/pico-sdk/src/common/pico_time/time.c.obj
                0x00000000100011b8                alarm_pool_add_alarm_at
 .text.alarm_pool_core_num
                0x0000000010001330        0x4 CMakeFiles/mpu6050.dir/home/ubuntu/pico-sdk/src/common/pico_time/time.c.obj
                0x0000000010001330                alarm_pool_core_num
 .text.sleep_until
                0x0000000010001334       0xc4 CMakeFiles/mpu6050.dir/home/ubuntu/pico-sdk/src/common/pico_time/time.c.obj
                0x0000000010001334                sleep_until
 .text.sleep_ms
                0x00000000100013f8       0x34 CMakeFiles/mpu6050.dir/home/ubuntu/pico-sdk/src/common/pico_time/time.c.obj
                0x00000000100013f8                sleep_ms
 .text.best_effort_wfe_or_timeout
                0x000000001000142c       0xd4 CMakeFiles/mpu6050.dir/home/ubuntu/pico-sdk/src/common/pico_time/time.c.obj
                0x000000001000142c                best_effort_wfe_or_timeout
 .text.hardware_alarm_irq_handler
                0x0000000010001500       0xbc CMakeFiles/mpu6050.dir/home/ubuntu/pico-sdk/src/rp2_common/hardware_timer/timer.c.obj
 .text.hardware_alarm_claim
                0x00000000100015bc       0x18 CMakeFiles/mpu6050.dir/home/ubuntu/pico-sdk/src/rp2_common/hardware_timer/timer.c.obj
                0x00000000100015bc                hardware_alarm_claim
 .text.time_us_64
                0x00000000100015d4       0x14 CMakeFiles/mpu6050.dir/home/ubuntu/pico-sdk/src/rp2_common/hardware_timer/timer.c.obj
                0x00000000100015d4                time_us_64
 .text.busy_wait_until
                0x00000000100015e8       0x20 CMakeFiles/mpu6050.dir/home/ubuntu/pico-sdk/src/rp2_common/hardware_timer/timer.c.obj
                0x00000000100015e8                busy_wait_until
 .text.hardware_alarm_set_callback
                0x0000000010001608       0x8c CMakeFiles/mpu6050.dir/home/ubuntu/pico-sdk/src/rp2_common/hardware_timer/timer.c.obj
                0x0000000010001608                hardware_alarm_set_callback
 .text.hardware_alarm_set_target
                0x0000000010001694       0xd4 CMakeFiles/mpu6050.dir/home/ubuntu/pico-sdk/src/rp2_common/hardware_timer/timer.c.obj
                0x0000000010001694                hardware_alarm_set_target
 .text.hardware_alarm_cancel
                0x0000000010001768       0x3c CMakeFiles/mpu6050.dir/home/ubuntu/pico-sdk/src/rp2_common/hardware_timer/timer.c.obj
                0x0000000010001768                hardware_alarm_cancel
 .text.ph_merge_nodes
                0x00000000100017a4       0x68 CMakeFiles/mpu6050.dir/home/ubuntu/pico-sdk/src/common/pico_util/pheap.c.obj
 .text.ph_post_alloc_init
                0x000000001000180c       0x3c CMakeFiles/mpu6050.dir/home/ubuntu/pico-sdk/src/common/pico_util/pheap.c.obj
                0x000000001000180c                ph_post_alloc_init
 .text.ph_merge_two_pass
                0x0000000010001848       0x90 CMakeFiles/mpu6050.dir/home/ubuntu/pico-sdk/src/common/pico_util/pheap.c.obj
                0x0000000010001848                ph_merge_two_pass
 .text.ph_remove_any_head
                0x00000000100018d8      0x100 CMakeFiles/mpu6050.dir/home/ubuntu/pico-sdk/src/common/pico_util/pheap.c.obj
 .text.ph_remove_head
                0x00000000100019d8      0x104 CMakeFiles/mpu6050.dir/home/ubuntu/pico-sdk/src/common/pico_util/pheap.c.obj
                0x00000000100019d8                ph_remove_head
 .text.ph_remove_and_free_node
                0x0000000010001adc       0x7c CMakeFiles/mpu6050.dir/home/ubuntu/pico-sdk/src/common/pico_util/pheap.c.obj
                0x0000000010001adc                ph_remove_and_free_node
 .text.clocks_init
                0x0000000010001b58      0x2d0 CMakeFiles/mpu6050.dir/home/ubuntu/pico-sdk/src/rp2_common/hardware_clocks/clocks.c.obj
                0x0000000010001b58                clocks_init
 .text.clock_get_hz
                0x0000000010001e28        0xc CMakeFiles/mpu6050.dir/home/ubuntu/pico-sdk/src/rp2_common/hardware_clocks/clocks.c.obj
                0x0000000010001e28                clock_get_hz
 .text.pll_init
                0x0000000010001e34       0xa0 CMakeFiles/mpu6050.dir/home/ubuntu/pico-sdk/src/rp2_common/hardware_pll/pll.c.obj
                0x0000000010001e34                pll_init
 .text.watchdog_start_tick
                0x0000000010001ed4       0x10 CMakeFiles/mpu6050.dir/home/ubuntu/pico-sdk/src/rp2_common/hardware_watchdog/watchdog.c.obj
                0x0000000010001ed4                watchdog_start_tick
 .text.watchdog_reboot
                0x0000000010001ee4       0x98 CMakeFiles/mpu6050.dir/home/ubuntu/pico-sdk/src/rp2_common/hardware_watchdog/watchdog.c.obj
                0x0000000010001ee4                watchdog_reboot
 .text.xosc_init
                0x0000000010001f7c       0x28 CMakeFiles/mpu6050.dir/home/ubuntu/pico-sdk/src/rp2_common/hardware_xosc/xosc.c.obj
                0x0000000010001f7c                xosc_init
 .text.runtime_init
                0x0000000010001fa4       0xf0 CMakeFiles/mpu6050.dir/home/ubuntu/pico-sdk/src/rp2_common/pico_runtime/runtime.c.obj
                0x0000000010001fa4                runtime_init
 .text._exit    0x0000000010002094        0x4 CMakeFiles/mpu6050.dir/home/ubuntu/pico-sdk/src/rp2_common/pico_runtime/runtime.c.obj
                0x0000000010002094                _exit
 .text.exit     0x0000000010002098        0x8 CMakeFiles/mpu6050.dir/home/ubuntu/pico-sdk/src/rp2_common/pico_runtime/runtime.c.obj
                0x0000000010002098                exit
 .text.panic    0x00000000100020a0       0x30 CMakeFiles/mpu6050.dir/home/ubuntu/pico-sdk/src/rp2_common/pico_runtime/runtime.c.obj
                0x00000000100020a0                panic
 .text.hard_assertion_failure
                0x00000000100020d0        0xc CMakeFiles/mpu6050.dir/home/ubuntu/pico-sdk/src/rp2_common/pico_runtime/runtime.c.obj
                0x00000000100020d0                hard_assertion_failure
 .text._out_null
                0x00000000100020dc        0x4 CMakeFiles/mpu6050.dir/home/ubuntu/pico-sdk/src/rp2_common/pico_printf/printf.c.obj
 .text._out_rev
                0x00000000100020e0       0x9c CMakeFiles/mpu6050.dir/home/ubuntu/pico-sdk/src/rp2_common/pico_printf/printf.c.obj
 .text._ntoa_format
                0x000000001000217c      0x1cc CMakeFiles/mpu6050.dir/home/ubuntu/pico-sdk/src/rp2_common/pico_printf/printf.c.obj
 .text._out_char
                0x0000000010002348       0x10 CMakeFiles/mpu6050.dir/home/ubuntu/pico-sdk/src/rp2_common/pico_printf/printf.c.obj
 .text._out_fct
                0x0000000010002358       0x10 CMakeFiles/mpu6050.dir/home/ubuntu/pico-sdk/src/rp2_common/pico_printf/printf.c.obj
 .text._etoa    0x0000000010002368      0x44c CMakeFiles/mpu6050.dir/home/ubuntu/pico-sdk/src/rp2_common/pico_printf/printf.c.obj
 .text._ftoa    0x00000000100027b4      0x398 CMakeFiles/mpu6050.dir/home/ubuntu/pico-sdk/src/rp2_common/pico_printf/printf.c.obj
 .text._vsnprintf
                0x0000000010002b4c      0xb04 CMakeFiles/mpu6050.dir/home/ubuntu/pico-sdk/src/rp2_common/pico_printf/printf.c.obj
 .text.vfctprintf
                0x0000000010003650       0x20 CMakeFiles/mpu6050.dir/home/ubuntu/pico-sdk/src/rp2_common/pico_printf/printf.c.obj
                0x0000000010003650                vfctprintf
 .text.weak_raw_vprintf
                0x0000000010003670       0x30 CMakeFiles/mpu6050.dir/home/ubuntu/pico-sdk/src/rp2_common/pico_printf/printf.c.obj
                0x0000000010003670                weak_raw_vprintf
 .text          0x00000000100036a0       0x10 CMakeFiles/mpu6050.dir/home/ubuntu/pico-sdk/src/rp2_common/pico_bit_ops/bit_ops_aeabi.S.obj
 .text.rom_func_lookup
                0x00000000100036b0       0x10 CMakeFiles/mpu6050.dir/home/ubuntu/pico-sdk/src/rp2_common/pico_bootrom/bootrom.c.obj
                0x00000000100036b0                rom_func_lookup
 .text.rom_data_lookup
                0x00000000100036c0       0x10 CMakeFiles/mpu6050.dir/home/ubuntu/pico-sdk/src/rp2_common/pico_bootrom/bootrom.c.obj
                0x00000000100036c0                rom_data_lookup
 .text.rom_funcs_lookup
                0x00000000100036d0       0x44 CMakeFiles/mpu6050.dir/home/ubuntu/pico-sdk/src/rp2_common/pico_bootrom/bootrom.c.obj
                0x00000000100036d0                rom_funcs_lookup
 .text.__wrap___aeabi_idiv
                0x0000000010003714       0x50 CMakeFiles/mpu6050.dir/home/ubuntu/pico-sdk/src/rp2_common/pico_divider/divider.S.obj
                0x0000000010003714                __wrap___aeabi_idivmod
                0x0000000010003714                divmod_s32s32
                0x0000000010003714                div_s32s32
                0x0000000010003714                __wrap___aeabi_idiv
                0x000000001000371c                divmod_s32s32_unsafe
                0x0000000010003748                divmod_s32s32_savestate
 .text.__wrap___aeabi_uidiv
                0x0000000010003764       0x4c CMakeFiles/mpu6050.dir/home/ubuntu/pico-sdk/src/rp2_common/pico_divider/divider.S.obj
                0x0000000010003764                __wrap___aeabi_uidiv
                0x0000000010003764                __wrap___aeabi_uidivmod
                0x0000000010003764                div_u32u32
                0x0000000010003764                divmod_u32u32
                0x000000001000376c                divmod_u32u32_unsafe
                0x0000000010003794                divmod_u32u32_savestate
 .text.__wrap___aeabi_ldiv
                0x00000000100037b0      0x424 CMakeFiles/mpu6050.dir/home/ubuntu/pico-sdk/src/rp2_common/pico_divider/divider.S.obj
                0x00000000100037b0                div_s64s64
                0x00000000100037b0                divmod_s64s64
                0x00000000100037b0                __wrap___aeabi_ldivmod
                0x00000000100037e0                div_u64u64
                0x00000000100037e0                divmod_u64u64
                0x00000000100037e0                __wrap___aeabi_uldivmod
                0x00000000100037f0                divmod_u64u64_savestate
                0x0000000010003810                divmod_s64s64_unsafe
                0x0000000010003898                divmod_u64u64_unsafe
 .text.push_r8_r11
                0x0000000010003bd4        0xc CMakeFiles/mpu6050.dir/home/ubuntu/pico-sdk/src/rp2_common/pico_double/double_aeabi.S.obj
                0x0000000010003bd4                push_r8_r11
 .text.pop_r8_r11
                0x0000000010003be0        0xc CMakeFiles/mpu6050.dir/home/ubuntu/pico-sdk/src/rp2_common/pico_double/double_aeabi.S.obj
                0x0000000010003be0                pop_r8_r11
 .text.__wrap___aeabi_darithmetic
                0x0000000010003bec       0x80 CMakeFiles/mpu6050.dir/home/ubuntu/pico-sdk/src/rp2_common/pico_double/double_aeabi.S.obj
                0x0000000010003bec                __wrap___aeabi_drsub
                0x0000000010003bf2                __wrap___aeabi_dsub
                0x0000000010003c04                __wrap___aeabi_dadd
                0x0000000010003c16                __wrap___aeabi_ddiv
                0x0000000010003c52                __wrap___aeabi_dmul
 .text.__wrap___aeabi_cdcmple
                0x0000000010003c6c       0x6c CMakeFiles/mpu6050.dir/home/ubuntu/pico-sdk/src/rp2_common/pico_double/double_aeabi.S.obj
                0x0000000010003c6c                __wrap___aeabi_cdrcmple
                0x0000000010003c7c                __wrap___aeabi_cdcmple
                0x0000000010003c7c                __wrap___aeabi_cdcmpeq
 .text.__wrap___aeabi_dcmplt
                0x0000000010003cd8        0xc CMakeFiles/mpu6050.dir/home/ubuntu/pico-sdk/src/rp2_common/pico_double/double_aeabi.S.obj
                0x0000000010003cd8                __wrap___aeabi_dcmplt
 .text.__wrap___aeabi_dcmple
                0x0000000010003ce4       0x10 CMakeFiles/mpu6050.dir/home/ubuntu/pico-sdk/src/rp2_common/pico_double/double_aeabi.S.obj
                0x0000000010003ce4                __wrap___aeabi_dcmple
 .text.__wrap___aeabi_dcmpge
                0x0000000010003cf4       0x10 CMakeFiles/mpu6050.dir/home/ubuntu/pico-sdk/src/rp2_common/pico_double/double_aeabi.S.obj
                0x0000000010003cf4                __wrap___aeabi_dcmpge
 .text.__wrap___aeabi_dcmpgt
                0x0000000010003d04        0xa CMakeFiles/mpu6050.dir/home/ubuntu/pico-sdk/src/rp2_common/pico_double/double_aeabi.S.obj
                0x0000000010003d04                __wrap___aeabi_dcmpgt
 .text.__wrap___aeabi_dcmpun
                0x0000000010003d0e       0x1c CMakeFiles/mpu6050.dir/home/ubuntu/pico-sdk/src/rp2_common/pico_double/double_aeabi.S.obj
                0x0000000010003d0e                __wrap___aeabi_dcmpun
 *fill*         0x0000000010003d2a        0x2 
 .text.__wrap___aeabi_i2d
                0x0000000010003d2c       0x38 CMakeFiles/mpu6050.dir/home/ubuntu/pico-sdk/src/rp2_common/pico_double/double_aeabi.S.obj
                0x0000000010003d2c                __wrap___aeabi_ui2d
                0x0000000010003d34                __wrap___aeabi_i2d
 .text.__wrap___aeabi_d2iz
                0x0000000010003d64       0x48 CMakeFiles/mpu6050.dir/home/ubuntu/pico-sdk/src/rp2_common/pico_double/double_aeabi.S.obj
                0x0000000010003d64                __wrap___aeabi_d2iz
                0x0000000010003d64                double2int_z
 .text.__wrap___aeabi_d2uiz
                0x0000000010003dac       0x18 CMakeFiles/mpu6050.dir/home/ubuntu/pico-sdk/src/rp2_common/pico_double/double_aeabi.S.obj
                0x0000000010003dac                double2uint
                0x0000000010003dac                __wrap___aeabi_d2uiz
 .text.__wrap___aeabi_d2f
                0x0000000010003dc4       0x18 CMakeFiles/mpu6050.dir/home/ubuntu/pico-sdk/src/rp2_common/pico_double/double_aeabi.S.obj
                0x0000000010003dc4                __wrap___aeabi_d2f
 .text.__wrap_srqt
                0x0000000010003ddc       0x18 CMakeFiles/mpu6050.dir/home/ubuntu/pico-sdk/src/rp2_common/pico_double/double_aeabi.S.obj
                0x0000000010003ddc                __wrap_sqrt
 .text.__wrap_atan2
                0x0000000010003df4       0x18 CMakeFiles/mpu6050.dir/home/ubuntu/pico-sdk/src/rp2_common/pico_double/double_aeabi.S.obj
                0x0000000010003df4                __wrap_atan2
 .text.__aeabi_double_init
                0x0000000010003e0c       0x94 CMakeFiles/mpu6050.dir/home/ubuntu/pico-sdk/src/rp2_common/pico_double/double_init_rom.c.obj
                0x0000000010003e0c                __aeabi_double_init
 .text.double_table_shim_on_use_helper
                0x0000000010003ea0       0x2c CMakeFiles/mpu6050.dir/home/ubuntu/pico-sdk/src/rp2_common/pico_double/double_v1_rom_shim.S.obj
                0x0000000010003ea0                double_table_shim_on_use_helper
 .text.__wrap___aeabi_dsub
                0x0000000010003ecc       0x10 CMakeFiles/mpu6050.dir/home/ubuntu/pico-sdk/src/rp2_common/pico_double/double_v1_rom_shim.S.obj
                0x0000000010003ecc                drsub_shim
                0x0000000010003ed2                dsub_shim
 .text.dadd_shim
                0x0000000010003edc      0x15c CMakeFiles/mpu6050.dir/home/ubuntu/pico-sdk/src/rp2_common/pico_double/double_v1_rom_shim.S.obj
                0x0000000010003edc                dadd_shim
 .text.dmul_shim
                0x0000000010004038      0x15c CMakeFiles/mpu6050.dir/home/ubuntu/pico-sdk/src/rp2_common/pico_double/double_v1_rom_shim.S.obj
                0x0000000010004038                dmul_shim
 .text.ddiv_shim
                0x0000000010004194      0x1b0 CMakeFiles/mpu6050.dir/home/ubuntu/pico-sdk/src/rp2_common/pico_double/double_v1_rom_shim.S.obj
                0x0000000010004194                ddiv_shim
 .text.dsqrt_shim
                0x0000000010004344      0x1a8 CMakeFiles/mpu6050.dir/home/ubuntu/pico-sdk/src/rp2_common/pico_double/double_v1_rom_shim.S.obj
                0x0000000010004360                dsqrt_shim
 .text.dcordic_vec_step
                0x00000000100044ec        0xe CMakeFiles/mpu6050.dir/home/ubuntu/pico-sdk/src/rp2_common/pico_double/double_v1_rom_shim.S.obj
                0x00000000100044ec                dcordic_vec_step
 .text.dcordic_rot_step
                0x00000000100044fa       0x76 CMakeFiles/mpu6050.dir/home/ubuntu/pico-sdk/src/rp2_common/pico_double/double_v1_rom_shim.S.obj
                0x00000000100044fa                dcordic_rot_step
 .text.double2uint_shim
                0x0000000010004570        0xe CMakeFiles/mpu6050.dir/home/ubuntu/pico-sdk/src/rp2_common/pico_double/double_v1_rom_shim.S.obj
                0x0000000010004570                double2uint_shim
                0x0000000010004572                double2ufix_shim
 .text.double2int64_shim
                0x000000001000457e       0x1a CMakeFiles/mpu6050.dir/home/ubuntu/pico-sdk/src/rp2_common/pico_double/double_v1_rom_shim.S.obj
                0x000000001000457e                double2int64_shim
                0x0000000010004580                double2fix64_shim
 .text.double2uint64_shim
                0x0000000010004598       0x70 CMakeFiles/mpu6050.dir/home/ubuntu/pico-sdk/src/rp2_common/pico_double/double_v1_rom_shim.S.obj
                0x0000000010004598                double2uint64_shim
                0x000000001000459a                double2ufix64_shim
                0x00000000100045ba                d2fix_a
 .text.double2float_shim
                0x0000000010004608       0x5c CMakeFiles/mpu6050.dir/home/ubuntu/pico-sdk/src/rp2_common/pico_double/double_v1_rom_shim.S.obj
                0x0000000010004608                double2float_shim
 .text.x2double_shims
                0x0000000010004664       0x90 CMakeFiles/mpu6050.dir/home/ubuntu/pico-sdk/src/rp2_common/pico_double/double_v1_rom_shim.S.obj
                0x0000000010004664                uint2double_shim
                0x0000000010004666                ufix2double_shim
                0x000000001000466c                int2double_shim
                0x000000001000466e                fix2double_shim
                0x0000000010004674                uint642double_shim
                0x0000000010004676                ufix642double_shim
                0x000000001000467c                int642double_shim
                0x000000001000467e                fix642double_shim
 .text.dunpacks
                0x00000000100046f4       0x3c CMakeFiles/mpu6050.dir/home/ubuntu/pico-sdk/src/rp2_common/pico_double/double_v1_rom_shim.S.obj
                0x00000000100046f4                dunpacks
 .text.dreduce  0x0000000010004730       0x82 CMakeFiles/mpu6050.dir/home/ubuntu/pico-sdk/src/rp2_common/pico_double/double_v1_rom_shim.S.obj
                0x0000000010004730                dreduce
 *fill*         0x00000000100047b2        0x2 
 .text.dtrig_guts
                0x00000000100047b4      0x2ec CMakeFiles/mpu6050.dir/home/ubuntu/pico-sdk/src/rp2_common/pico_double/double_v1_rom_shim.S.obj
                0x000000001000488c                datan2_shim
 .text.__aeabi_lmul
                0x0000000010004aa0       0x32 CMakeFiles/mpu6050.dir/home/ubuntu/pico-sdk/src/rp2_common/pico_int64_ops/pico_int64_ops_aeabi.S.obj
                0x0000000010004aa0                __wrap___aeabi_lmul
 *fill*         0x0000000010004ad2        0x2 
 .text.__wrap___aeabi_farithmetic
                0x0000000010004ad4       0x48 CMakeFiles/mpu6050.dir/home/ubuntu/pico-sdk/src/rp2_common/pico_float/float_aeabi.S.obj
                0x0000000010004ad4                __wrap___aeabi_frsub
                0x0000000010004ada                __wrap___aeabi_fsub
                0x0000000010004ae0                __wrap___aeabi_fadd
                0x0000000010004ae6                __wrap___aeabi_fdiv
                0x0000000010004b0e                __wrap___aeabi_fmul
 .text.__wrap___aeabi_ui2f
                0x0000000010004b1c        0xa CMakeFiles/mpu6050.dir/home/ubuntu/pico-sdk/src/rp2_common/pico_float/float_aeabi.S.obj
                0x0000000010004b1c                __wrap___aeabi_ui2f
 *fill*         0x0000000010004b26        0x2 
 .text.__wrap___aeabi_i2f
                0x0000000010004b28       0x44 CMakeFiles/mpu6050.dir/home/ubuntu/pico-sdk/src/rp2_common/pico_float/float_aeabi.S.obj
                0x0000000010004b28                __wrap___aeabi_i2f
 .text.__wrap___aeabi_ul2f
                0x0000000010004b6c       0x20 CMakeFiles/mpu6050.dir/home/ubuntu/pico-sdk/src/rp2_common/pico_float/float_aeabi.S.obj
                0x0000000010004b70                __wrap___aeabi_ul2f
 .text.__wrap___aeabi_f2d
                0x0000000010004b8c       0x14 CMakeFiles/mpu6050.dir/home/ubuntu/pico-sdk/src/rp2_common/pico_float/float_aeabi.S.obj
                0x0000000010004b8c                __wrap___aeabi_f2d
 .text.__aeabi_float_init
                0x0000000010004ba0       0x64 CMakeFiles/mpu6050.dir/home/ubuntu/pico-sdk/src/rp2_common/pico_float/float_init_rom.c.obj
                0x0000000010004ba0                __aeabi_float_init
 .text.float_table_shim_on_use_helper
                0x0000000010004c04       0x2c CMakeFiles/mpu6050.dir/home/ubuntu/pico-sdk/src/rp2_common/pico_float/float_v1_rom_shim.S.obj
                0x0000000010004c04                float_table_shim_on_use_helper
 .text.642float_shims
                0x0000000010004c30       0x44 CMakeFiles/mpu6050.dir/home/ubuntu/pico-sdk/src/rp2_common/pico_float/float_v1_rom_shim.S.obj
                0x0000000010004c30                uint642float_shim
                0x0000000010004c32                ufix642float_shim
                0x0000000010004c42                int642float_shim
                0x0000000010004c44                fix642float_shim
 .text.float2double_shim
                0x0000000010004c74       0x30 CMakeFiles/mpu6050.dir/home/ubuntu/pico-sdk/src/rp2_common/pico_float/float_v1_rom_shim.S.obj
                0x0000000010004c74                float2double_shim
 .text          0x0000000010004ca4       0x10 CMakeFiles/mpu6050.dir/home/ubuntu/pico-sdk/src/rp2_common/pico_mem_ops/mem_ops_aeabi.S.obj
                0x0000000010004ca4                __aeabi_mem_init
 .text.memset   0x0000000010004cb4        0xc CMakeFiles/mpu6050.dir/home/ubuntu/pico-sdk/src/rp2_common/pico_mem_ops/mem_ops_aeabi.S.obj
                0x0000000010004cb4                __wrap_memset
 .text.memcpy   0x0000000010004cc0        0xc CMakeFiles/mpu6050.dir/home/ubuntu/pico-sdk/src/rp2_common/pico_mem_ops/mem_ops_aeabi.S.obj
                0x0000000010004cc0                __wrap___aeabi_memcpy
                0x0000000010004cc0                __wrap_memcpy
 .text.stdio_out_chars_no_crlf
                0x0000000010004ccc       0x10 CMakeFiles/mpu6050.dir/home/ubuntu/pico-sdk/src/rp2_common/pico_stdio/stdio.c.obj
 .text.stdio_out_chars_crlf
                0x0000000010004cdc       0xb4 CMakeFiles/mpu6050.dir/home/ubuntu/pico-sdk/src/rp2_common/pico_stdio/stdio.c.obj
 .text.stdio_buffered_printer
                0x0000000010004d90       0x64 CMakeFiles/mpu6050.dir/home/ubuntu/pico-sdk/src/rp2_common/pico_stdio/stdio.c.obj
 .text.stdio_put_string.isra.0
                0x0000000010004df4       0xfc CMakeFiles/mpu6050.dir/home/ubuntu/pico-sdk/src/rp2_common/pico_stdio/stdio.c.obj
 .text.__wrap_putchar
                0x0000000010004ef0       0x98 CMakeFiles/mpu6050.dir/home/ubuntu/pico-sdk/src/rp2_common/pico_stdio/stdio.c.obj
                0x0000000010004ef0                __wrap_putchar
 .text.__wrap_puts
                0x0000000010004f88       0x3c CMakeFiles/mpu6050.dir/home/ubuntu/pico-sdk/src/rp2_common/pico_stdio/stdio.c.obj
                0x0000000010004f88                __wrap_puts
 .text.stdio_set_driver_enabled
                0x0000000010004fc4       0x30 CMakeFiles/mpu6050.dir/home/ubuntu/pico-sdk/src/rp2_common/pico_stdio/stdio.c.obj
                0x0000000010004fc4                stdio_set_driver_enabled
 .text.__wrap_vprintf
                0x0000000010004ff4       0xd8 CMakeFiles/mpu6050.dir/home/ubuntu/pico-sdk/src/rp2_common/pico_stdio/stdio.c.obj
                0x0000000010004ff4                __wrap_vprintf
 .text.__wrap_printf
                0x00000000100050cc       0x18 CMakeFiles/mpu6050.dir/home/ubuntu/pico-sdk/src/rp2_common/pico_stdio/stdio.c.obj
                0x00000000100050cc                __wrap_printf
 .text.stdio_init_all
                0x00000000100050e4        0x8 CMakeFiles/mpu6050.dir/home/ubuntu/pico-sdk/src/rp2_common/pico_stdio/stdio.c.obj
                0x00000000100050e4                stdio_init_all
 .text.resetd_init
                0x00000000100050ec        0x4 CMakeFiles/mpu6050.dir/home/ubuntu/pico-sdk/src/rp2_common/pico_stdio_usb/reset_interface.c.obj
 .text.resetd_reset
                0x00000000100050f0        0xc CMakeFiles/mpu6050.dir/home/ubuntu/pico-sdk/src/rp2_common/pico_stdio_usb/reset_interface.c.obj
 .text.resetd_open
                0x00000000100050fc       0x28 CMakeFiles/mpu6050.dir/home/ubuntu/pico-sdk/src/rp2_common/pico_stdio_usb/reset_interface.c.obj
 .text.resetd_xfer_cb
                0x0000000010005124        0x4 CMakeFiles/mpu6050.dir/home/ubuntu/pico-sdk/src/rp2_common/pico_stdio_usb/reset_interface.c.obj
 .text.resetd_control_xfer_cb
                0x0000000010005128       0x64 CMakeFiles/mpu6050.dir/home/ubuntu/pico-sdk/src/rp2_common/pico_stdio_usb/reset_interface.c.obj
 .text.usbd_app_driver_get_cb
                0x000000001000518c        0xc CMakeFiles/mpu6050.dir/home/ubuntu/pico-sdk/src/rp2_common/pico_stdio_usb/reset_interface.c.obj
                0x000000001000518c                usbd_app_driver_get_cb
 .text.tud_cdc_line_coding_cb
                0x0000000010005198       0x34 CMakeFiles/mpu6050.dir/home/ubuntu/pico-sdk/src/rp2_common/pico_stdio_usb/reset_interface.c.obj
                0x0000000010005198                tud_cdc_line_coding_cb
 .text.stdio_usb_set_chars_available_callback
                0x00000000100051cc       0x14 CMakeFiles/mpu6050.dir/home/ubuntu/pico-sdk/src/rp2_common/pico_stdio_usb/stdio_usb.c.obj
                0x00000000100051cc                stdio_usb_set_chars_available_callback
 .text.usb_irq  0x00000000100051e0       0x10 CMakeFiles/mpu6050.dir/home/ubuntu/pico-sdk/src/rp2_common/pico_stdio_usb/stdio_usb.c.obj
 .text.timer_task
                0x00000000100051f0       0x54 CMakeFiles/mpu6050.dir/home/ubuntu/pico-sdk/src/rp2_common/pico_stdio_usb/stdio_usb.c.obj
 .text.stdio_usb_in_chars
                0x0000000010005244       0x90 CMakeFiles/mpu6050.dir/home/ubuntu/pico-sdk/src/rp2_common/pico_stdio_usb/stdio_usb.c.obj
                0x0000000010005244                stdio_usb_in_chars
 .text.stdio_usb_out_chars
                0x00000000100052d4      0x100 CMakeFiles/mpu6050.dir/home/ubuntu/pico-sdk/src/rp2_common/pico_stdio_usb/stdio_usb.c.obj
 .text.low_priority_worker_irq
                0x00000000100053d4       0xa8 CMakeFiles/mpu6050.dir/home/ubuntu/pico-sdk/src/rp2_common/pico_stdio_usb/stdio_usb.c.obj
 .text.tud_cdc_rx_cb
                0x000000001000547c       0x20 CMakeFiles/mpu6050.dir/home/ubuntu/pico-sdk/src/rp2_common/pico_stdio_usb/stdio_usb.c.obj
                0x000000001000547c                tud_cdc_rx_cb
 .text.stdio_usb_init
                0x000000001000549c       0xdc CMakeFiles/mpu6050.dir/home/ubuntu/pico-sdk/src/rp2_common/pico_stdio_usb/stdio_usb.c.obj
                0x000000001000549c                stdio_usb_init
 .text.tud_descriptor_device_cb
                0x0000000010005578        0x8 CMakeFiles/mpu6050.dir/home/ubuntu/pico-sdk/src/rp2_common/pico_stdio_usb/stdio_usb_descriptors.c.obj
                0x0000000010005578                tud_descriptor_device_cb
 .text.tud_descriptor_configuration_cb
                0x0000000010005580        0x8 CMakeFiles/mpu6050.dir/home/ubuntu/pico-sdk/src/rp2_common/pico_stdio_usb/stdio_usb_descriptors.c.obj
                0x0000000010005580                tud_descriptor_configuration_cb
 .text.tud_descriptor_string_cb
                0x0000000010005588       0x74 CMakeFiles/mpu6050.dir/home/ubuntu/pico-sdk/src/rp2_common/pico_stdio_usb/stdio_usb_descriptors.c.obj
                0x0000000010005588                tud_descriptor_string_cb
 .text.startup._retrieve_unique_id_on_boot
                0x00000000100055fc       0x10 CMakeFiles/mpu6050.dir/home/ubuntu/pico-sdk/src/rp2_common/pico_unique_id/unique_id.c.obj
 .text.pico_get_unique_board_id_string
                0x000000001000560c      0x1a8 CMakeFiles/mpu6050.dir/home/ubuntu/pico-sdk/src/rp2_common/pico_unique_id/unique_id.c.obj
                0x000000001000560c                pico_get_unique_board_id_string
 .text.flash_get_unique_id
                0x00000000100057b4       0x40 CMakeFiles/mpu6050.dir/home/ubuntu/pico-sdk/src/rp2_common/hardware_flash/flash.c.obj
                0x00000000100057b4                flash_get_unique_id
 .text.dcd_int_enable
                0x00000000100057f4        0xc CMakeFiles/mpu6050.dir/home/ubuntu/pico-sdk/lib/tinyusb/src/portable/raspberrypi/rp2040/dcd_rp2040.c.obj
                0x00000000100057f4                dcd_int_enable
 .text.dcd_set_address
                0x0000000010005800       0x14 CMakeFiles/mpu6050.dir/home/ubuntu/pico-sdk/lib/tinyusb/src/portable/raspberrypi/rp2040/dcd_rp2040.c.obj
                0x0000000010005800                dcd_set_address
 .text.dcd_connect
                0x0000000010005814       0x10 CMakeFiles/mpu6050.dir/home/ubuntu/pico-sdk/lib/tinyusb/src/portable/raspberrypi/rp2040/dcd_rp2040.c.obj
                0x0000000010005814                dcd_connect
 .text.dcd_init
                0x0000000010005824       0x98 CMakeFiles/mpu6050.dir/home/ubuntu/pico-sdk/lib/tinyusb/src/portable/raspberrypi/rp2040/dcd_rp2040.c.obj
                0x0000000010005824                dcd_init
 .text.dcd_edpt0_status_complete
                0x00000000100058bc       0x1c CMakeFiles/mpu6050.dir/home/ubuntu/pico-sdk/lib/tinyusb/src/portable/raspberrypi/rp2040/dcd_rp2040.c.obj
                0x00000000100058bc                dcd_edpt0_status_complete
 .text.dcd_edpt_open
                0x00000000100058d8      0x108 CMakeFiles/mpu6050.dir/home/ubuntu/pico-sdk/lib/tinyusb/src/portable/raspberrypi/rp2040/dcd_rp2040.c.obj
                0x00000000100058d8                dcd_edpt_open
 .text.dcd_edpt_close_all
                0x00000000100059e0        0x8 CMakeFiles/mpu6050.dir/home/ubuntu/pico-sdk/lib/tinyusb/src/portable/raspberrypi/rp2040/dcd_rp2040.c.obj
                0x00000000100059e0                dcd_edpt_close_all
 .text.dcd_edpt_xfer
                0x00000000100059e8       0x24 CMakeFiles/mpu6050.dir/home/ubuntu/pico-sdk/lib/tinyusb/src/portable/raspberrypi/rp2040/dcd_rp2040.c.obj
                0x00000000100059e8                dcd_edpt_xfer
 .text.dcd_edpt_stall
                0x0000000010005a0c       0x38 CMakeFiles/mpu6050.dir/home/ubuntu/pico-sdk/lib/tinyusb/src/portable/raspberrypi/rp2040/dcd_rp2040.c.obj
                0x0000000010005a0c                dcd_edpt_stall
 .text.dcd_edpt_clear_stall
                0x0000000010005a44       0x30 CMakeFiles/mpu6050.dir/home/ubuntu/pico-sdk/lib/tinyusb/src/portable/raspberrypi/rp2040/dcd_rp2040.c.obj
                0x0000000010005a44                dcd_edpt_clear_stall
 .text.rp2040_usb_init
                0x0000000010005a74       0x4c CMakeFiles/mpu6050.dir/home/ubuntu/pico-sdk/lib/tinyusb/src/portable/raspberrypi/rp2040/rp2040_usb.c.obj
                0x0000000010005a74                rp2040_usb_init
 .text.hw_endpoint_xfer_start
                0x0000000010005ac0       0x50 CMakeFiles/mpu6050.dir/home/ubuntu/pico-sdk/lib/tinyusb/src/portable/raspberrypi/rp2040/rp2040_usb.c.obj
                0x0000000010005ac0                hw_endpoint_xfer_start
 .text.tud_mounted
                0x0000000010005b10       0x10 CMakeFiles/mpu6050.dir/home/ubuntu/pico-sdk/lib/tinyusb/src/device/usbd.c.obj
                0x0000000010005b10                tud_mounted
 .text.tud_suspended
                0x0000000010005b20       0x10 CMakeFiles/mpu6050.dir/home/ubuntu/pico-sdk/lib/tinyusb/src/device/usbd.c.obj
                0x0000000010005b20                tud_suspended
 .text.tud_inited
                0x0000000010005b30       0x14 CMakeFiles/mpu6050.dir/home/ubuntu/pico-sdk/lib/tinyusb/src/device/usbd.c.obj
                0x0000000010005b30                tud_inited
 .text.tud_init
                0x0000000010005b44       0xe4 CMakeFiles/mpu6050.dir/home/ubuntu/pico-sdk/lib/tinyusb/src/device/usbd.c.obj
                0x0000000010005b44                tud_init
 .text.tud_task_ext
                0x0000000010005c28      0x854 CMakeFiles/mpu6050.dir/home/ubuntu/pico-sdk/lib/tinyusb/src/device/usbd.c.obj
                0x0000000010005c28                tud_task_ext
 .text.usbd_open_edpt_pair
                0x000000001000647c       0x9c CMakeFiles/mpu6050.dir/home/ubuntu/pico-sdk/lib/tinyusb/src/device/usbd.c.obj
                0x000000001000647c                usbd_open_edpt_pair
 .text.usbd_defer_func
                0x0000000010006518       0x48 CMakeFiles/mpu6050.dir/home/ubuntu/pico-sdk/lib/tinyusb/src/device/usbd.c.obj
                0x0000000010006518                usbd_defer_func
 .text.usbd_edpt_open
                0x0000000010006560       0x34 CMakeFiles/mpu6050.dir/home/ubuntu/pico-sdk/lib/tinyusb/src/device/usbd.c.obj
                0x0000000010006560                usbd_edpt_open
 .text.usbd_edpt_claim
                0x0000000010006594       0x28 CMakeFiles/mpu6050.dir/home/ubuntu/pico-sdk/lib/tinyusb/src/device/usbd.c.obj
                0x0000000010006594                usbd_edpt_claim
 .text.usbd_edpt_release
                0x00000000100065bc       0x28 CMakeFiles/mpu6050.dir/home/ubuntu/pico-sdk/lib/tinyusb/src/device/usbd.c.obj
                0x00000000100065bc                usbd_edpt_release
 .text.usbd_edpt_xfer
                0x00000000100065e4       0x4c CMakeFiles/mpu6050.dir/home/ubuntu/pico-sdk/lib/tinyusb/src/device/usbd.c.obj
                0x00000000100065e4                usbd_edpt_xfer
 .text.tud_control_status
                0x0000000010006630       0x30 CMakeFiles/mpu6050.dir/home/ubuntu/pico-sdk/lib/tinyusb/src/device/usbd_control.c.obj
                0x0000000010006630                tud_control_status
 .text.tud_control_xfer
                0x0000000010006660       0xbc CMakeFiles/mpu6050.dir/home/ubuntu/pico-sdk/lib/tinyusb/src/device/usbd_control.c.obj
                0x0000000010006660                tud_control_xfer
 .text.usbd_control_reset
                0x000000001000671c       0x14 CMakeFiles/mpu6050.dir/home/ubuntu/pico-sdk/lib/tinyusb/src/device/usbd_control.c.obj
                0x000000001000671c                usbd_control_reset
 .text.usbd_control_set_complete_callback
                0x0000000010006730        0xc CMakeFiles/mpu6050.dir/home/ubuntu/pico-sdk/lib/tinyusb/src/device/usbd_control.c.obj
                0x0000000010006730                usbd_control_set_complete_callback
 .text.usbd_control_set_request
                0x000000001000673c       0x1c CMakeFiles/mpu6050.dir/home/ubuntu/pico-sdk/lib/tinyusb/src/device/usbd_control.c.obj
                0x000000001000673c                usbd_control_set_request
 .text.usbd_control_xfer_cb
                0x0000000010006758       0xfc CMakeFiles/mpu6050.dir/home/ubuntu/pico-sdk/lib/tinyusb/src/device/usbd_control.c.obj
                0x0000000010006758                usbd_control_xfer_cb
 .text.tud_cdc_n_connected
                0x0000000010006854       0x30 CMakeFiles/mpu6050.dir/home/ubuntu/pico-sdk/lib/tinyusb/src/class/cdc/cdc_device.c.obj
                0x0000000010006854                tud_cdc_n_connected
 .text.tud_cdc_n_available
                0x0000000010006884       0x18 CMakeFiles/mpu6050.dir/home/ubuntu/pico-sdk/lib/tinyusb/src/class/cdc/cdc_device.c.obj
                0x0000000010006884                tud_cdc_n_available
 .text.tud_cdc_n_read
                0x000000001000689c       0x70 CMakeFiles/mpu6050.dir/home/ubuntu/pico-sdk/lib/tinyusb/src/class/cdc/cdc_device.c.obj
                0x000000001000689c                tud_cdc_n_read
 .text.tud_cdc_n_write_flush
                0x000000001000690c       0x78 CMakeFiles/mpu6050.dir/home/ubuntu/pico-sdk/lib/tinyusb/src/class/cdc/cdc_device.c.obj
                0x000000001000690c                tud_cdc_n_write_flush
 .text.tud_cdc_n_write
                0x0000000010006984       0x34 CMakeFiles/mpu6050.dir/home/ubuntu/pico-sdk/lib/tinyusb/src/class/cdc/cdc_device.c.obj
                0x0000000010006984                tud_cdc_n_write
 .text.tud_cdc_n_write_available
                0x00000000100069b8       0x18 CMakeFiles/mpu6050.dir/home/ubuntu/pico-sdk/lib/tinyusb/src/class/cdc/cdc_device.c.obj
                0x00000000100069b8                tud_cdc_n_write_available
 .text.cdcd_init
                0x00000000100069d0       0x7c CMakeFiles/mpu6050.dir/home/ubuntu/pico-sdk/lib/tinyusb/src/class/cdc/cdc_device.c.obj
                0x00000000100069d0                cdcd_init
 .text.cdcd_reset
                0x0000000010006a4c       0x2c CMakeFiles/mpu6050.dir/home/ubuntu/pico-sdk/lib/tinyusb/src/class/cdc/cdc_device.c.obj
                0x0000000010006a4c                cdcd_reset
 .text.cdcd_open
                0x0000000010006a78       0xe8 CMakeFiles/mpu6050.dir/home/ubuntu/pico-sdk/lib/tinyusb/src/class/cdc/cdc_device.c.obj
                0x0000000010006a78                cdcd_open
 .text.cdcd_control_xfer_cb
                0x0000000010006b60       0xe4 CMakeFiles/mpu6050.dir/home/ubuntu/pico-sdk/lib/tinyusb/src/class/cdc/cdc_device.c.obj
                0x0000000010006b60                cdcd_control_xfer_cb
 .text.cdcd_xfer_cb
                0x0000000010006c44      0x148 CMakeFiles/mpu6050.dir/home/ubuntu/pico-sdk/lib/tinyusb/src/class/cdc/cdc_device.c.obj
                0x0000000010006c44                cdcd_xfer_cb
 .text.tusb_init
                0x0000000010006d8c        0xc CMakeFiles/mpu6050.dir/home/ubuntu/pico-sdk/lib/tinyusb/src/tusb.c.obj
                0x0000000010006d8c                tusb_init
 .text.tusb_inited
                0x0000000010006d98        0x8 CMakeFiles/mpu6050.dir/home/ubuntu/pico-sdk/lib/tinyusb/src/tusb.c.obj
                0x0000000010006d98                tusb_inited
 .text.tu_edpt_claim
                0x0000000010006da0       0x50 CMakeFiles/mpu6050.dir/home/ubuntu/pico-sdk/lib/tinyusb/src/tusb.c.obj
                0x0000000010006da0                tu_edpt_claim
 .text.tu_edpt_release
                0x0000000010006df0       0x38 CMakeFiles/mpu6050.dir/home/ubuntu/pico-sdk/lib/tinyusb/src/tusb.c.obj
                0x0000000010006df0                tu_edpt_release
 .text.tu_edpt_validate
                0x0000000010006e28       0x78 CMakeFiles/mpu6050.dir/home/ubuntu/pico-sdk/lib/tinyusb/src/tusb.c.obj
                0x0000000010006e28                tu_edpt_validate
 .text.tu_edpt_bind_driver
                0x0000000010006ea0       0x34 CMakeFiles/mpu6050.dir/home/ubuntu/pico-sdk/lib/tinyusb/src/tusb.c.obj
                0x0000000010006ea0                tu_edpt_bind_driver
 .text.tu_fifo_config
                0x0000000010006ed4       0x70 CMakeFiles/mpu6050.dir/home/ubuntu/pico-sdk/lib/tinyusb/src/common/tusb_fifo.c.obj
                0x0000000010006ed4                tu_fifo_config
 .text.tu_fifo_count
                0x0000000010006f44       0x2c CMakeFiles/mpu6050.dir/home/ubuntu/pico-sdk/lib/tinyusb/src/common/tusb_fifo.c.obj
                0x0000000010006f44                tu_fifo_count
 .text.tu_fifo_empty
                0x0000000010006f70       0x10 CMakeFiles/mpu6050.dir/home/ubuntu/pico-sdk/lib/tinyusb/src/common/tusb_fifo.c.obj
                0x0000000010006f70                tu_fifo_empty
 .text.tu_fifo_remaining
                0x0000000010006f80       0x2c CMakeFiles/mpu6050.dir/home/ubuntu/pico-sdk/lib/tinyusb/src/common/tusb_fifo.c.obj
                0x0000000010006f80                tu_fifo_remaining
 .text.tu_fifo_read
                0x0000000010006fac       0xa0 CMakeFiles/mpu6050.dir/home/ubuntu/pico-sdk/lib/tinyusb/src/common/tusb_fifo.c.obj
                0x0000000010006fac                tu_fifo_read
 .text.tu_fifo_read_n
                0x000000001000704c       0xec CMakeFiles/mpu6050.dir/home/ubuntu/pico-sdk/lib/tinyusb/src/common/tusb_fifo.c.obj
                0x000000001000704c                tu_fifo_read_n
 .text.tu_fifo_write
                0x0000000010007138       0x88 CMakeFiles/mpu6050.dir/home/ubuntu/pico-sdk/lib/tinyusb/src/common/tusb_fifo.c.obj
                0x0000000010007138                tu_fifo_write
 .text.tu_fifo_write_n
                0x00000000100071c0      0x168 CMakeFiles/mpu6050.dir/home/ubuntu/pico-sdk/lib/tinyusb/src/common/tusb_fifo.c.obj
                0x00000000100071c0                tu_fifo_write_n
 .text.tu_fifo_clear
                0x0000000010007328       0x40 CMakeFiles/mpu6050.dir/home/ubuntu/pico-sdk/lib/tinyusb/src/common/tusb_fifo.c.obj
                0x0000000010007328                tu_fifo_clear
 .text.tu_fifo_set_overwritable
                0x0000000010007368       0x48 CMakeFiles/mpu6050.dir/home/ubuntu/pico-sdk/lib/tinyusb/src/common/tusb_fifo.c.obj
                0x0000000010007368                tu_fifo_set_overwritable
 .text.i2c_set_baudrate
                0x00000000100073b0       0xc4 CMakeFiles/mpu6050.dir/home/ubuntu/pico-sdk/src/rp2_common/hardware_i2c/i2c.c.obj
                0x00000000100073b0                i2c_set_baudrate
 .text.i2c_init
                0x0000000010007474       0x54 CMakeFiles/mpu6050.dir/home/ubuntu/pico-sdk/src/rp2_common/hardware_i2c/i2c.c.obj
                0x0000000010007474                i2c_init
 .text.i2c_write_blocking
                0x00000000100074c8       0xd0 CMakeFiles/mpu6050.dir/home/ubuntu/pico-sdk/src/rp2_common/hardware_i2c/i2c.c.obj
                0x00000000100074c8                i2c_write_blocking
 .text.i2c_read_blocking
                0x0000000010007598       0xac CMakeFiles/mpu6050.dir/home/ubuntu/pico-sdk/src/rp2_common/hardware_i2c/i2c.c.obj
                0x0000000010007598                i2c_read_blocking
 .text          0x0000000010007644       0x5c /usr/lib/gcc/arm-none-eabi/10.3.1/../../../arm-none-eabi/lib/thumb/v6-m/nofp/libc.a(lib_a-strlen-stub.o)
                0x0000000010007644                strlen
 *(.fini)
 .fini          0x00000000100076a0        0x4 /usr/lib/gcc/arm-none-eabi/10.3.1/thumb/v6-m/nofp/crti.o
                0x00000000100076a0                _fini
 *fill*         0x00000000100076a4        0x4 
 .fini.__stub   0x00000000100076a8       0xd0 linker stubs
 *crtbegin.o(.ctors)
 *crtbegin?.o(.ctors)
 *(EXCLUDE_FILE(*crtend.o *crtend?.o) .ctors)
 *(SORT_BY_NAME(.ctors.*))
 *(.ctors)
 *crtbegin.o(.dtors)
 *crtbegin?.o(.dtors)
 *(EXCLUDE_FILE(*crtend.o *crtend?.o) .dtors)
 *(SORT_BY_NAME(.dtors.*))
 *(.dtors)
 *(.eh_frame*)
 .eh_frame      0x0000000010007778        0x0 /usr/lib/gcc/arm-none-eabi/10.3.1/thumb/v6-m/nofp/crtbegin.o
                0x0000000010007778                . = ALIGN (0x4)

.glue_7         0x0000000010007778        0x0
 .glue_7        0x0000000010007778        0x0 linker stubs

.glue_7t        0x0000000010007778        0x0
 .glue_7t       0x0000000010007778        0x0 linker stubs

.vfp11_veneer   0x0000000010007778        0x0
 .vfp11_veneer  0x0000000010007778        0x0 linker stubs

.v4_bx          0x0000000010007778        0x0
 .v4_bx         0x0000000010007778        0x0 linker stubs

.iplt           0x0000000010007778        0x0
 .iplt          0x0000000010007778        0x0 /usr/lib/gcc/arm-none-eabi/10.3.1/thumb/v6-m/nofp/crtbegin.o

.rodata         0x0000000010007778      0x544
 *(EXCLUDE_FILE(*libm.a: *libc.a:*lib_a-mem*.o *libgcc.a:) .rodata*)
 .rodata.main.str1.4
                0x0000000010007778       0x2a CMakeFiles/mpu6050.dir/mpu6050.c.obj
 *fill*         0x00000000100077a2        0x2 
 .rodata.spin_lock_claim_unused.str1.4
                0x00000000100077a4       0x1b CMakeFiles/mpu6050.dir/home/ubuntu/pico-sdk/src/rp2_common/hardware_sync/sync.c.obj
 *fill*         0x00000000100077bf        0x1 
 .rodata.user_irq_claim_unused.str1.4
                0x00000000100077c0       0x1b CMakeFiles/mpu6050.dir/home/ubuntu/pico-sdk/src/rp2_common/hardware_irq/irq.c.obj
 *fill*         0x00000000100077db        0x1 
 .rodata.hardware_alarm_claim.str1.4
                0x00000000100077dc       0x22 CMakeFiles/mpu6050.dir/home/ubuntu/pico-sdk/src/rp2_common/hardware_timer/timer.c.obj
 *fill*         0x00000000100077fe        0x2 
 .rodata.panic.str1.4
                0x0000000010007800       0x10 CMakeFiles/mpu6050.dir/home/ubuntu/pico-sdk/src/rp2_common/pico_runtime/runtime.c.obj
                                         0x12 (size before relaxing)
 .rodata.hard_assertion_failure.str1.4
                0x0000000010007810        0xc CMakeFiles/mpu6050.dir/home/ubuntu/pico-sdk/src/rp2_common/pico_runtime/runtime.c.obj
 .rodata._ftoa.str1.4
                0x000000001000781c       0x15 CMakeFiles/mpu6050.dir/home/ubuntu/pico-sdk/src/rp2_common/pico_printf/printf.c.obj
 *fill*         0x0000000010007831        0x3 
 .rodata._vsnprintf
                0x0000000010007834      0x1e0 CMakeFiles/mpu6050.dir/home/ubuntu/pico-sdk/src/rp2_common/pico_printf/printf.c.obj
 *fill*         0x0000000010007a14        0x4 
 .rodata.pow10.0
                0x0000000010007a18       0x50 CMakeFiles/mpu6050.dir/home/ubuntu/pico-sdk/src/rp2_common/pico_printf/printf.c.obj
 .rodata.str1.4
                0x0000000010007a68       0x3c CMakeFiles/mpu6050.dir/home/ubuntu/pico-sdk/src/rp2_common/pico_standard_link/binary_info.c.obj
 .rodata.__bi_44
                0x0000000010007aa4        0xc CMakeFiles/mpu6050.dir/home/ubuntu/pico-sdk/src/rp2_common/pico_standard_link/binary_info.c.obj
 .rodata.__bi_75
                0x0000000010007ab0        0xc CMakeFiles/mpu6050.dir/home/ubuntu/pico-sdk/src/rp2_common/pico_standard_link/binary_info.c.obj
 .rodata.__bi_81
                0x0000000010007abc        0xc CMakeFiles/mpu6050.dir/home/ubuntu/pico-sdk/src/rp2_common/pico_standard_link/binary_info.c.obj
 .rodata.crlf_str.0
                0x0000000010007ac8        0x2 CMakeFiles/mpu6050.dir/home/ubuntu/pico-sdk/src/rp2_common/pico_stdio/stdio.c.obj
 *fill*         0x0000000010007aca        0x2 
 .rodata._resetd_driver
                0x0000000010007acc       0x18 CMakeFiles/mpu6050.dir/home/ubuntu/pico-sdk/src/rp2_common/pico_stdio_usb/reset_interface.c.obj
 .rodata.str1.4
                0x0000000010007ae4       0x13 CMakeFiles/mpu6050.dir/home/ubuntu/pico-sdk/src/rp2_common/pico_stdio_usb/stdio_usb.c.obj
 *fill*         0x0000000010007af7        0x1 
 .rodata.__bi_182.0
                0x0000000010007af8        0xc CMakeFiles/mpu6050.dir/home/ubuntu/pico-sdk/src/rp2_common/pico_stdio_usb/stdio_usb.c.obj
 .rodata.str1.4
                0x0000000010007b04       0x2a CMakeFiles/mpu6050.dir/home/ubuntu/pico-sdk/src/rp2_common/pico_stdio_usb/stdio_usb_descriptors.c.obj
 *fill*         0x0000000010007b2e        0x2 
 .rodata.usbd_desc_cfg
                0x0000000010007b30       0x54 CMakeFiles/mpu6050.dir/home/ubuntu/pico-sdk/src/rp2_common/pico_stdio_usb/stdio_usb_descriptors.c.obj
 .rodata.usbd_desc_device
                0x0000000010007b84       0x12 CMakeFiles/mpu6050.dir/home/ubuntu/pico-sdk/src/rp2_common/pico_stdio_usb/stdio_usb_descriptors.c.obj
 *fill*         0x0000000010007b96        0x2 
 .rodata.usbd_desc_str
                0x0000000010007b98       0x18 CMakeFiles/mpu6050.dir/home/ubuntu/pico-sdk/src/rp2_common/pico_stdio_usb/stdio_usb_descriptors.c.obj
 .rodata.str1.4
                0x0000000010007bb0       0x14 CMakeFiles/mpu6050.dir/home/ubuntu/pico-sdk/lib/tinyusb/src/portable/raspberrypi/rp2040/dcd_rp2040.c.obj
 .rodata.str1.4
                0x0000000010007bc4       0x53 CMakeFiles/mpu6050.dir/home/ubuntu/pico-sdk/lib/tinyusb/src/portable/raspberrypi/rp2040/rp2040_usb.c.obj
 *fill*         0x0000000010007c17        0x1 
 .rodata.tud_task_ext
                0x0000000010007c18       0x8c CMakeFiles/mpu6050.dir/home/ubuntu/pico-sdk/lib/tinyusb/src/device/usbd.c.obj
 .rodata._usbd_driver
                0x0000000010007ca4       0x18 CMakeFiles/mpu6050.dir/home/ubuntu/pico-sdk/lib/tinyusb/src/device/usbd.c.obj
                0x0000000010007cbc                . = ALIGN (0x4)
 *(SORT_BY_ALIGNMENT(SORT_BY_NAME(.flashdata*)))
                0x0000000010007cbc                . = ALIGN (0x4)

.ARM.extab
 *(.ARM.extab* .gnu.linkonce.armextab.*)
                0x0000000010007cbc                __exidx_start = .

.ARM.exidx
 *(.ARM.exidx* .gnu.linkonce.armexidx.*)
                0x0000000010007cbc                __exidx_end = .
                0x0000000010007cbc                . = ALIGN (0x4)
                0x0000000010007cbc                __binary_info_start = .

.binary_info    0x0000000010007cbc       0x20
 *(.binary_info.keep.*)
 .binary_info.keep.__bi_ptr22
                0x0000000010007cbc        0x4 CMakeFiles/mpu6050.dir/home/ubuntu/pico-sdk/src/rp2_common/pico_standard_link/binary_info.c.obj
 .binary_info.keep.__bi_ptr30
                0x0000000010007cc0        0x4 CMakeFiles/mpu6050.dir/home/ubuntu/pico-sdk/src/rp2_common/pico_standard_link/binary_info.c.obj
 .binary_info.keep.__bi_ptr38
                0x0000000010007cc4        0x4 CMakeFiles/mpu6050.dir/home/ubuntu/pico-sdk/src/rp2_common/pico_standard_link/binary_info.c.obj
 .binary_info.keep.__bi_ptr44
                0x0000000010007cc8        0x4 CMakeFiles/mpu6050.dir/home/ubuntu/pico-sdk/src/rp2_common/pico_standard_link/binary_info.c.obj
 .binary_info.keep.__bi_ptr50
                0x0000000010007ccc        0x4 CMakeFiles/mpu6050.dir/home/ubuntu/pico-sdk/src/rp2_common/pico_standard_link/binary_info.c.obj
 .binary_info.keep.__bi_ptr75
                0x0000000010007cd0        0x4 CMakeFiles/mpu6050.dir/home/ubuntu/pico-sdk/src/rp2_common/pico_standard_link/binary_info.c.obj
 .binary_info.keep.__bi_ptr81
                0x0000000010007cd4        0x4 CMakeFiles/mpu6050.dir/home/ubuntu/pico-sdk/src/rp2_common/pico_standard_link/binary_info.c.obj
 *(.binary_info.*)
 .binary_info.__bi_ptr182
                0x0000000010007cd8        0x4 CMakeFiles/mpu6050.dir/home/ubuntu/pico-sdk/src/rp2_common/pico_stdio_usb/stdio_usb.c.obj
                0x0000000010007cdc                __binary_info_end = .

.rel.dyn        0x0000000010007cdc        0x0
 .rel.iplt      0x0000000010007cdc        0x0 /usr/lib/gcc/arm-none-eabi/10.3.1/thumb/v6-m/nofp/crtbegin.o
                0x0000000010007cdc                . = ALIGN (0x4)

.ram_vector_table
                0x0000000020000000       0xc0
 *(.ram_vector_table)
 .ram_vector_table
                0x0000000020000000       0xc0 CMakeFiles/mpu6050.dir/home/ubuntu/pico-sdk/src/rp2_common/pico_runtime/runtime.c.obj
                0x0000000020000000                ram_vector_table

.data           0x00000000200000c0      0xe58 load address 0x0000000010007cdc
                0x00000000200000c0                __data_start__ = .
 *(vtable)
 *(.time_critical*)
 .time_critical.mutex_try_enter
                0x00000000200000c0       0x44 CMakeFiles/mpu6050.dir/home/ubuntu/pico-sdk/src/common/pico_sync/mutex.c.obj
                0x00000000200000c0                mutex_try_enter
 .time_critical.mutex_try_enter_block_until
                0x0000000020000104       0x9c CMakeFiles/mpu6050.dir/home/ubuntu/pico-sdk/src/common/pico_sync/mutex.c.obj
                0x0000000020000104                mutex_try_enter_block_until
 .time_critical.mutex_enter_timeout_ms
                0x00000000200001a0       0x90 CMakeFiles/mpu6050.dir/home/ubuntu/pico-sdk/src/common/pico_sync/mutex.c.obj
                0x00000000200001a0                mutex_enter_timeout_ms
 .time_critical.mutex_exit
                0x0000000020000230       0x28 CMakeFiles/mpu6050.dir/home/ubuntu/pico-sdk/src/common/pico_sync/mutex.c.obj
                0x0000000020000230                mutex_exit
 .time_critical.flash_init_boot2_copyout
                0x0000000020000258       0x30 CMakeFiles/mpu6050.dir/home/ubuntu/pico-sdk/src/rp2_common/hardware_flash/flash.c.obj
 .time_critical.flash_enable_xip_via_boot2
                0x0000000020000288       0x10 CMakeFiles/mpu6050.dir/home/ubuntu/pico-sdk/src/rp2_common/hardware_flash/flash.c.obj
 .time_critical.flash_cs_force
                0x0000000020000298       0x38 CMakeFiles/mpu6050.dir/home/ubuntu/pico-sdk/src/rp2_common/hardware_flash/flash.c.obj
 .time_critical.flash_do_cmd
                0x00000000200002d0       0xc4 CMakeFiles/mpu6050.dir/home/ubuntu/pico-sdk/src/rp2_common/hardware_flash/flash.c.obj
                0x00000000200002d0                flash_do_cmd
 .time_critical.reset_non_control_endpoints
                0x0000000020000394       0xbc CMakeFiles/mpu6050.dir/home/ubuntu/pico-sdk/lib/tinyusb/src/portable/raspberrypi/rp2040/dcd_rp2040.c.obj
 .time_critical.hw_handle_buff_status
                0x0000000020000450       0xa8 CMakeFiles/mpu6050.dir/home/ubuntu/pico-sdk/lib/tinyusb/src/portable/raspberrypi/rp2040/dcd_rp2040.c.obj
 .time_critical.dcd_rp2040_irq
                0x00000000200004f8      0x4d8 CMakeFiles/mpu6050.dir/home/ubuntu/pico-sdk/lib/tinyusb/src/portable/raspberrypi/rp2040/dcd_rp2040.c.obj
 .time_critical.e15_is_bulkin_ep
                0x00000000200009d0       0x28 CMakeFiles/mpu6050.dir/home/ubuntu/pico-sdk/lib/tinyusb/src/portable/raspberrypi/rp2040/rp2040_usb.c.obj
 .time_critical.e15_is_critical_frame_period
                0x00000000200009f8       0x34 CMakeFiles/mpu6050.dir/home/ubuntu/pico-sdk/lib/tinyusb/src/portable/raspberrypi/rp2040/rp2040_usb.c.obj
 .time_critical.prepare_ep_buffer
                0x0000000020000a2c       0x70 CMakeFiles/mpu6050.dir/home/ubuntu/pico-sdk/lib/tinyusb/src/portable/raspberrypi/rp2040/rp2040_usb.c.obj
 .time_critical.sync_ep_buffer
                0x0000000020000a9c       0x4c CMakeFiles/mpu6050.dir/home/ubuntu/pico-sdk/lib/tinyusb/src/portable/raspberrypi/rp2040/rp2040_usb.c.obj
 .time_critical._hw_endpoint_xfer_sync
                0x0000000020000ae8       0x28 CMakeFiles/mpu6050.dir/home/ubuntu/pico-sdk/lib/tinyusb/src/portable/raspberrypi/rp2040/rp2040_usb.c.obj
 .time_critical.hw_endpoint_reset_transfer
                0x0000000020000b10        0xc CMakeFiles/mpu6050.dir/home/ubuntu/pico-sdk/lib/tinyusb/src/portable/raspberrypi/rp2040/rp2040_usb.c.obj
                0x0000000020000b10                hw_endpoint_reset_transfer
 .time_critical._hw_endpoint_buffer_control_update32
                0x0000000020000b1c       0x58 CMakeFiles/mpu6050.dir/home/ubuntu/pico-sdk/lib/tinyusb/src/portable/raspberrypi/rp2040/rp2040_usb.c.obj
                0x0000000020000b1c                _hw_endpoint_buffer_control_update32
 .time_critical.hw_endpoint_start_next_buffer
                0x0000000020000b74       0x6c CMakeFiles/mpu6050.dir/home/ubuntu/pico-sdk/lib/tinyusb/src/portable/raspberrypi/rp2040/rp2040_usb.c.obj
                0x0000000020000b74                hw_endpoint_start_next_buffer
 .time_critical.hw_endpoint_xfer_continue
                0x0000000020000be0       0x50 CMakeFiles/mpu6050.dir/home/ubuntu/pico-sdk/lib/tinyusb/src/portable/raspberrypi/rp2040/rp2040_usb.c.obj
                0x0000000020000be0                hw_endpoint_xfer_continue
 .time_critical.tinyusb
                0x0000000020000c30      0x170 CMakeFiles/mpu6050.dir/home/ubuntu/pico-sdk/lib/tinyusb/src/device/usbd.c.obj
                0x0000000020000c30                dcd_event_handler
 *(.text*)
 .text          0x0000000020000da0        0x4 /usr/lib/gcc/arm-none-eabi/10.3.1/thumb/v6-m/nofp/libgcc.a(_dvmd_tls.o)
                0x0000000020000da0                __aeabi_ldiv0
                0x0000000020000da0                __aeabi_idiv0
 *fill*         0x0000000020000da4        0x4 
 .text.__stub   0x0000000020000da8       0x70 linker stubs
                0x0000000020000e18                . = ALIGN (0x4)
 *(.rodata*)
                0x0000000020000e18                . = ALIGN (0x4)
 *(.data*)
 .data.striped_spin_lock_num
                0x0000000020000e18        0x1 CMakeFiles/mpu6050.dir/home/ubuntu/pico-sdk/src/rp2_common/hardware_sync/sync.c.obj
 *fill*         0x0000000020000e19        0x3 
 .data          0x0000000020000e1c       0x48 CMakeFiles/mpu6050.dir/home/ubuntu/pico-sdk/src/rp2_common/hardware_irq/irq_handler_chain.S.obj
                0x0000000020000e1c                irq_handler_chain_slots
                0x0000000020000e4c                irq_handler_chain_first_slot
                0x0000000020000e56                irq_handler_chain_remove_tail
 .data.default_alarm_pool
                0x0000000020000e64       0x18 CMakeFiles/mpu6050.dir/home/ubuntu/pico-sdk/src/common/pico_time/time.c.obj
 .data.default_alarm_pool_heap
                0x0000000020000e7c       0x10 CMakeFiles/mpu6050.dir/home/ubuntu/pico-sdk/src/common/pico_time/time.c.obj
 *fill*         0x0000000020000e8c        0x4 
 .data.aeabi_bits_funcs
                0x0000000020000e90       0x10 CMakeFiles/mpu6050.dir/home/ubuntu/pico-sdk/src/rp2_common/pico_bit_ops/bit_ops_aeabi.S.obj
                0x0000000020000e90                aeabi_bits_funcs
                0x0000000020000ea0                aeabi_bits_funcs_end
 .data.aeabi_mem_funcs
                0x0000000020000ea0       0x10 CMakeFiles/mpu6050.dir/home/ubuntu/pico-sdk/src/rp2_common/pico_mem_ops/mem_ops_aeabi.S.obj
                0x0000000020000ea0                aeabi_mem_funcs
                0x0000000020000eb0                aeabi_mem_funcs_end
 .data.stdio_usb
                0x0000000020000eb0       0x18 CMakeFiles/mpu6050.dir/home/ubuntu/pico-sdk/src/rp2_common/pico_stdio_usb/stdio_usb.c.obj
                0x0000000020000eb0                stdio_usb
 .data.ep_dir_string
                0x0000000020000ec8        0x8 CMakeFiles/mpu6050.dir/home/ubuntu/pico-sdk/lib/tinyusb/src/portable/raspberrypi/rp2040/rp2040_usb.c.obj
                0x0000000020000ec8                ep_dir_string
 .data._usbd_qdef
                0x0000000020000ed0       0x1c CMakeFiles/mpu6050.dir/home/ubuntu/pico-sdk/lib/tinyusb/src/device/usbd.c.obj
                0x0000000020000ed0                _usbd_qdef
 .data._usbd_rhport
                0x0000000020000eec        0x1 CMakeFiles/mpu6050.dir/home/ubuntu/pico-sdk/lib/tinyusb/src/device/usbd.c.obj
 *fill*         0x0000000020000eed        0x3 
 .data.i2c0_inst
                0x0000000020000ef0        0x8 CMakeFiles/mpu6050.dir/home/ubuntu/pico-sdk/src/rp2_common/hardware_i2c/i2c.c.obj
                0x0000000020000ef0                i2c0_inst
                0x0000000020000ef8                . = ALIGN (0x4)
 *(.after_data.*)
                0x0000000020000ef8                . = ALIGN (0x4)
                0x0000000020000ef8                PROVIDE (__mutex_array_start = .)
 *(SORT_BY_NAME(.mutex_array.*))
 *(.mutex_array)
 .mutex_array   0x0000000020000ef8        0x8 CMakeFiles/mpu6050.dir/home/ubuntu/pico-sdk/src/rp2_common/pico_stdio/stdio.c.obj
                0x0000000020000f00                PROVIDE (__mutex_array_end = .)
                0x0000000020000f00                . = ALIGN (0x4)
                0x0000000020000f00                PROVIDE (__preinit_array_start = .)
 *(SORT_BY_NAME(.preinit_array.*))
 .preinit_array.00001
                0x0000000020000f00        0x4 CMakeFiles/mpu6050.dir/home/ubuntu/pico-sdk/src/rp2_common/pico_mem_ops/mem_ops_aeabi.S.obj
 .preinit_array.00010
                0x0000000020000f04        0x4 CMakeFiles/mpu6050.dir/home/ubuntu/pico-sdk/src/rp2_common/pico_bit_ops/bit_ops_aeabi.S.obj
 .preinit_array.00020
                0x0000000020000f08        0x4 CMakeFiles/mpu6050.dir/home/ubuntu/pico-sdk/src/rp2_common/pico_double/double_aeabi.S.obj
 .preinit_array.00020
                0x0000000020000f0c        0x4 CMakeFiles/mpu6050.dir/home/ubuntu/pico-sdk/src/rp2_common/pico_float/float_aeabi.S.obj
 *(.preinit_array)
                0x0000000020000f10                PROVIDE (__preinit_array_end = .)
                0x0000000020000f10                . = ALIGN (0x4)
                0x0000000020000f10                PROVIDE (__init_array_start = .)
 *(SORT_BY_NAME(.init_array.*))
 *(.init_array)
 .init_array    0x0000000020000f10        0x4 /usr/lib/gcc/arm-none-eabi/10.3.1/thumb/v6-m/nofp/crtbegin.o
 .init_array    0x0000000020000f14        0x4 CMakeFiles/mpu6050.dir/home/ubuntu/pico-sdk/src/rp2_common/pico_unique_id/unique_id.c.obj
                0x0000000020000f18                PROVIDE (__init_array_end = .)
                0x0000000020000f18                . = ALIGN (0x4)
                0x0000000020000f18                PROVIDE (__fini_array_start = .)
 *(SORT_BY_NAME(.fini_array.*))
 *(.fini_array)
                0x0000000020000f18                PROVIDE (__fini_array_end = .)
 *(.jcr)
                0x0000000020000f18                . = ALIGN (0x4)
                0x0000000020000f18                __data_end__ = .
                0x0000000010007cdc                __etext = LOADADDR (.data)

.tm_clone_table
                0x0000000020000f18        0x0 load address 0x0000000010008b34
 .tm_clone_table
                0x0000000020000f18        0x0 /usr/lib/gcc/arm-none-eabi/10.3.1/thumb/v6-m/nofp/crtbegin.o
 .tm_clone_table
                0x0000000020000f18        0x0 /usr/lib/gcc/arm-none-eabi/10.3.1/thumb/v6-m/nofp/crtend.o

.igot.plt       0x0000000020000f18        0x0 load address 0x0000000010008b34
 .igot.plt      0x0000000020000f18        0x0 /usr/lib/gcc/arm-none-eabi/10.3.1/thumb/v6-m/nofp/crtbegin.o

.uninitialized_data
                0x0000000020000f18        0x0 load address 0x0000000010008b34
                0x0000000020000f18                . = ALIGN (0x4)
 *(.uninitialized_data*)

.scratch_x      0x0000000020040000        0x0 load address 0x0000000010008b34
                0x0000000020040000                __scratch_x_start__ = .
 *(.scratch_x.*)
                0x0000000020040000                . = ALIGN (0x4)
                0x0000000020040000                __scratch_x_end__ = .
                0x0000000010008b34                __scratch_x_source__ = LOADADDR (.scratch_x)

.scratch_y      0x0000000020041000        0x0 load address 0x0000000010008b34
                0x0000000020041000                __scratch_y_start__ = .
 *(.scratch_y.*)
                0x0000000020041000                . = ALIGN (0x4)
                0x0000000020041000                __scratch_y_end__ = .
                0x0000000010008b34                __scratch_y_source__ = LOADADDR (.scratch_y)

.bss            0x0000000020000f18      0xd88
                0x0000000020000f18                . = ALIGN (0x4)
                0x0000000020000f18                __bss_start__ = .
 *(SORT_BY_ALIGNMENT(SORT_BY_NAME(.bss*)))
 .bss.default_alarm_pool_entries
                0x0000000020000f18      0x100 CMakeFiles/mpu6050.dir/home/ubuntu/pico-sdk/src/common/pico_time/time.c.obj
 .bss.last_avail_time.1
                0x0000000020001018        0x8 CMakeFiles/mpu6050.dir/home/ubuntu/pico-sdk/src/rp2_common/pico_stdio_usb/stdio_usb.c.obj
 .bss.sd_table  0x0000000020001020      0x100 CMakeFiles/mpu6050.dir/home/ubuntu/pico-sdk/src/rp2_common/pico_double/double_init_rom.c.obj
                0x0000000020001020                sd_table
 .bss.sf_table  0x0000000020001120      0x100 CMakeFiles/mpu6050.dir/home/ubuntu/pico-sdk/src/rp2_common/pico_float/float_init_rom.c.obj
                0x0000000020001120                sf_table
 .bss           0x0000000020001220       0x1c /usr/lib/gcc/arm-none-eabi/10.3.1/thumb/v6-m/nofp/crtbegin.o
 .bss._app_driver
                0x000000002000123c        0x4 CMakeFiles/mpu6050.dir/home/ubuntu/pico-sdk/lib/tinyusb/src/device/usbd.c.obj
 .bss._cdcd_itf
                0x0000000020001240      0x2c8 CMakeFiles/mpu6050.dir/home/ubuntu/pico-sdk/lib/tinyusb/src/class/cdc/cdc_device.c.obj
 .bss._ctrl_xfer
                0x0000000020001508       0x14 CMakeFiles/mpu6050.dir/home/ubuntu/pico-sdk/lib/tinyusb/src/device/usbd_control.c.obj
 .bss._ubsd_mutexdef
                0x000000002000151c        0x8 CMakeFiles/mpu6050.dir/home/ubuntu/pico-sdk/lib/tinyusb/src/device/usbd.c.obj
 .bss._usbd_ctrl_buf
                0x0000000020001524       0x40 CMakeFiles/mpu6050.dir/home/ubuntu/pico-sdk/lib/tinyusb/src/device/usbd_control.c.obj
 .bss._usbd_dev
                0x0000000020001564       0x53 CMakeFiles/mpu6050.dir/home/ubuntu/pico-sdk/lib/tinyusb/src/device/usbd.c.obj
 *fill*         0x00000000200015b7        0x1 
 .bss._usbd_mutex
                0x00000000200015b8        0x4 CMakeFiles/mpu6050.dir/home/ubuntu/pico-sdk/lib/tinyusb/src/device/usbd.c.obj
 .bss._usbd_q   0x00000000200015bc        0x4 CMakeFiles/mpu6050.dir/home/ubuntu/pico-sdk/lib/tinyusb/src/device/usbd.c.obj
 .bss._usbd_qdef_buf
                0x00000000200015c0       0xc0 CMakeFiles/mpu6050.dir/home/ubuntu/pico-sdk/lib/tinyusb/src/device/usbd.c.obj
                0x00000000200015c0                _usbd_qdef_buf
 .bss.alarm_callbacks
                0x0000000020001680       0x10 CMakeFiles/mpu6050.dir/home/ubuntu/pico-sdk/src/rp2_common/hardware_timer/timer.c.obj
 .bss.boot2_copyout
                0x0000000020001690      0x100 CMakeFiles/mpu6050.dir/home/ubuntu/pico-sdk/src/rp2_common/hardware_flash/flash.c.obj
 .bss.chars_available_callback
                0x0000000020001790        0x4 CMakeFiles/mpu6050.dir/home/ubuntu/pico-sdk/src/rp2_common/pico_stdio_usb/stdio_usb.c.obj
 .bss.chars_available_param
                0x0000000020001794        0x4 CMakeFiles/mpu6050.dir/home/ubuntu/pico-sdk/src/rp2_common/pico_stdio_usb/stdio_usb.c.obj
 .bss.claimed   0x0000000020001798        0x4 CMakeFiles/mpu6050.dir/home/ubuntu/pico-sdk/src/rp2_common/hardware_sync/sync.c.obj
 .bss.configured_freq
                0x000000002000179c       0x28 CMakeFiles/mpu6050.dir/home/ubuntu/pico-sdk/src/rp2_common/hardware_clocks/clocks.c.obj
 .bss.default_alarm_pool_entry_ids_high
                0x00000000200017c4       0x10 CMakeFiles/mpu6050.dir/home/ubuntu/pico-sdk/src/common/pico_time/time.c.obj
 .bss.default_alarm_pool_heap_nodes
                0x00000000200017d4       0x30 CMakeFiles/mpu6050.dir/home/ubuntu/pico-sdk/src/common/pico_time/time.c.obj
 .bss.desc_str.0
                0x0000000020001804       0x28 CMakeFiles/mpu6050.dir/home/ubuntu/pico-sdk/src/rp2_common/pico_stdio_usb/stdio_usb_descriptors.c.obj
 .bss.drivers   0x000000002000182c        0x4 CMakeFiles/mpu6050.dir/home/ubuntu/pico-sdk/src/rp2_common/pico_stdio/stdio.c.obj
 .bss.e15_last_sof
                0x0000000020001830        0x4 CMakeFiles/mpu6050.dir/home/ubuntu/pico-sdk/lib/tinyusb/src/portable/raspberrypi/rp2040/rp2040_usb.c.obj
                0x0000000020001830                e15_last_sof
 .bss.filter    0x0000000020001834        0x4 CMakeFiles/mpu6050.dir/home/ubuntu/pico-sdk/src/rp2_common/pico_stdio/stdio.c.obj
 .bss.hw_endpoints
                0x0000000020001838      0x400 CMakeFiles/mpu6050.dir/home/ubuntu/pico-sdk/lib/tinyusb/src/portable/raspberrypi/rp2040/dcd_rp2040.c.obj
 .bss.lazy_vsnprintf
                0x0000000020001c38        0x4 CMakeFiles/mpu6050.dir/home/ubuntu/pico-sdk/src/rp2_common/pico_printf/printf.c.obj
 .bss.load_value
                0x0000000020001c3c        0x4 CMakeFiles/mpu6050.dir/home/ubuntu/pico-sdk/src/rp2_common/hardware_watchdog/watchdog.c.obj
 .bss.next_buffer_ptr
                0x0000000020001c40        0x4 CMakeFiles/mpu6050.dir/home/ubuntu/pico-sdk/lib/tinyusb/src/portable/raspberrypi/rp2040/dcd_rp2040.c.obj
 .bss.one_shot_timer_crit_sec
                0x0000000020001c44        0x8 CMakeFiles/mpu6050.dir/home/ubuntu/pico-sdk/src/rp2_common/pico_stdio_usb/stdio_usb.c.obj
 .bss.pools     0x0000000020001c4c       0x10 CMakeFiles/mpu6050.dir/home/ubuntu/pico-sdk/src/common/pico_time/time.c.obj
 .bss.retrieved_id
                0x0000000020001c5c        0x8 CMakeFiles/mpu6050.dir/home/ubuntu/pico-sdk/src/rp2_common/pico_unique_id/unique_id.c.obj
 .bss.sf_clz_func
                0x0000000020001c64        0x4 CMakeFiles/mpu6050.dir/home/ubuntu/pico-sdk/src/rp2_common/pico_double/double_init_rom.c.obj
                0x0000000020001c64                sf_clz_func
 .bss.sleep_notifier
                0x0000000020001c68        0x4 CMakeFiles/mpu6050.dir/home/ubuntu/pico-sdk/src/common/pico_time/time.c.obj
 .bss.stdio_usb_mutex
                0x0000000020001c6c        0x8 CMakeFiles/mpu6050.dir/home/ubuntu/pico-sdk/src/rp2_common/pico_stdio_usb/stdio_usb.c.obj
 .bss.target_hi
                0x0000000020001c74       0x10 CMakeFiles/mpu6050.dir/home/ubuntu/pico-sdk/src/rp2_common/hardware_timer/timer.c.obj
 .bss.usbd_serial_str
                0x0000000020001c84       0x11 CMakeFiles/mpu6050.dir/home/ubuntu/pico-sdk/src/rp2_common/pico_stdio_usb/stdio_usb_descriptors.c.obj
 .bss._app_driver_count
                0x0000000020001c95        0x1 CMakeFiles/mpu6050.dir/home/ubuntu/pico-sdk/lib/tinyusb/src/device/usbd.c.obj
 .bss._sof_enable
                0x0000000020001c96        0x1 CMakeFiles/mpu6050.dir/home/ubuntu/pico-sdk/lib/tinyusb/src/portable/raspberrypi/rp2040/dcd_rp2040.c.obj
 .bss.boot2_copyout_valid
                0x0000000020001c97        0x1 CMakeFiles/mpu6050.dir/home/ubuntu/pico-sdk/src/rp2_common/hardware_flash/flash.c.obj
 .bss.claimed   0x0000000020001c98        0x1 CMakeFiles/mpu6050.dir/home/ubuntu/pico-sdk/src/rp2_common/hardware_timer/timer.c.obj
 .bss.irq_hander_chain_free_slot_head
                0x0000000020001c99        0x1 CMakeFiles/mpu6050.dir/home/ubuntu/pico-sdk/src/rp2_common/hardware_irq/irq.c.obj
 .bss.itf_num   0x0000000020001c9a        0x1 CMakeFiles/mpu6050.dir/home/ubuntu/pico-sdk/src/rp2_common/pico_stdio_usb/reset_interface.c.obj
 .bss.low_priority_irq_num
                0x0000000020001c9b        0x1 CMakeFiles/mpu6050.dir/home/ubuntu/pico-sdk/src/rp2_common/pico_stdio_usb/stdio_usb.c.obj
 .bss.one_shot_timer_pending
                0x0000000020001c9c        0x1 CMakeFiles/mpu6050.dir/home/ubuntu/pico-sdk/src/rp2_common/pico_stdio_usb/stdio_usb.c.obj
 .bss.timer_callbacks_pending
                0x0000000020001c9d        0x1 CMakeFiles/mpu6050.dir/home/ubuntu/pico-sdk/src/rp2_common/hardware_timer/timer.c.obj
 .bss.user_irq_claimed
                0x0000000020001c9e        0x1 CMakeFiles/mpu6050.dir/home/ubuntu/pico-sdk/src/rp2_common/hardware_irq/irq.c.obj
 *(COMMON)
                0x0000000020001ca0                . = ALIGN (0x4)
 *fill*         0x0000000020001c9f        0x1 
                0x0000000020001ca0                __bss_end__ = .

.heap           0x0000000020001ca0      0x800
                0x0000000020001ca0                __end__ = .
                0x0000000020001ca0                end = __end__
 *(.heap*)
 .heap          0x0000000020001ca0      0x800 CMakeFiles/mpu6050.dir/home/ubuntu/pico-sdk/src/rp2_common/pico_standard_link/crt0.S.obj
                0x00000000200024a0                __HeapLimit = .

.stack1_dummy   0x0000000020040000        0x0
 *(.stack1*)

.stack_dummy    0x0000000020041000      0x800
 *(.stack*)
 .stack         0x0000000020041000      0x800 CMakeFiles/mpu6050.dir/home/ubuntu/pico-sdk/src/rp2_common/pico_standard_link/crt0.S.obj

.flash_end      0x0000000010008b34        0x0
                0x0000000010008b34                PROVIDE (__flash_binary_end = .)
                0x0000000020040000                __StackLimit = (ORIGIN (RAM) + LENGTH (RAM))
                0x0000000020041000                __StackOneTop = (ORIGIN (SCRATCH_X) + LENGTH (SCRATCH_X))
                0x0000000020042000                __StackTop = (ORIGIN (SCRATCH_Y) + LENGTH (SCRATCH_Y))
                0x0000000020041000                __StackOneBottom = (__StackOneTop - SIZEOF (.stack1_dummy))
                0x0000000020041800                __StackBottom = (__StackTop - SIZEOF (.stack_dummy))
                0x0000000020042000                PROVIDE (__stack = __StackTop)
                0x0000000000000001                ASSERT ((__StackLimit >= __HeapLimit), region RAM overflowed)
                0x0000000000000001                ASSERT (((__binary_info_header_end - __logical_binary_start) <= 0x100), Binary info must be in first 256 bytes of the binary)
LOAD CMakeFiles/mpu6050.dir/mpu6050.c.obj
LOAD CMakeFiles/mpu6050.dir/home/ubuntu/pico-sdk/src/rp2_common/pico_stdlib/stdlib.c.obj
LOAD CMakeFiles/mpu6050.dir/home/ubuntu/pico-sdk/src/rp2_common/hardware_gpio/gpio.c.obj
LOAD CMakeFiles/mpu6050.dir/home/ubuntu/pico-sdk/src/rp2_common/pico_platform/platform.c.obj
LOAD CMakeFiles/mpu6050.dir/home/ubuntu/pico-sdk/src/rp2_common/hardware_claim/claim.c.obj
LOAD CMakeFiles/mpu6050.dir/home/ubuntu/pico-sdk/src/rp2_common/hardware_sync/sync.c.obj
LOAD CMakeFiles/mpu6050.dir/home/ubuntu/pico-sdk/src/rp2_common/hardware_irq/irq.c.obj
LOAD CMakeFiles/mpu6050.dir/home/ubuntu/pico-sdk/src/rp2_common/hardware_irq/irq_handler_chain.S.obj
LOAD CMakeFiles/mpu6050.dir/home/ubuntu/pico-sdk/src/common/pico_sync/sem.c.obj
LOAD CMakeFiles/mpu6050.dir/home/ubuntu/pico-sdk/src/common/pico_sync/lock_core.c.obj
LOAD CMakeFiles/mpu6050.dir/home/ubuntu/pico-sdk/src/common/pico_sync/mutex.c.obj
LOAD CMakeFiles/mpu6050.dir/home/ubuntu/pico-sdk/src/common/pico_sync/critical_section.c.obj
LOAD CMakeFiles/mpu6050.dir/home/ubuntu/pico-sdk/src/common/pico_time/time.c.obj
LOAD CMakeFiles/mpu6050.dir/home/ubuntu/pico-sdk/src/common/pico_time/timeout_helper.c.obj
LOAD CMakeFiles/mpu6050.dir/home/ubuntu/pico-sdk/src/rp2_common/hardware_timer/timer.c.obj
LOAD CMakeFiles/mpu6050.dir/home/ubuntu/pico-sdk/src/common/pico_util/datetime.c.obj
LOAD CMakeFiles/mpu6050.dir/home/ubuntu/pico-sdk/src/common/pico_util/pheap.c.obj
LOAD CMakeFiles/mpu6050.dir/home/ubuntu/pico-sdk/src/common/pico_util/queue.c.obj
LOAD CMakeFiles/mpu6050.dir/home/ubuntu/pico-sdk/src/rp2_common/hardware_uart/uart.c.obj
LOAD CMakeFiles/mpu6050.dir/home/ubuntu/pico-sdk/src/rp2_common/hardware_clocks/clocks.c.obj
LOAD CMakeFiles/mpu6050.dir/home/ubuntu/pico-sdk/src/rp2_common/hardware_pll/pll.c.obj
LOAD CMakeFiles/mpu6050.dir/home/ubuntu/pico-sdk/src/rp2_common/hardware_vreg/vreg.c.obj
LOAD CMakeFiles/mpu6050.dir/home/ubuntu/pico-sdk/src/rp2_common/hardware_watchdog/watchdog.c.obj
LOAD CMakeFiles/mpu6050.dir/home/ubuntu/pico-sdk/src/rp2_common/hardware_xosc/xosc.c.obj
LOAD CMakeFiles/mpu6050.dir/home/ubuntu/pico-sdk/src/rp2_common/hardware_divider/divider.S.obj
LOAD CMakeFiles/mpu6050.dir/home/ubuntu/pico-sdk/src/rp2_common/pico_runtime/runtime.c.obj
LOAD CMakeFiles/mpu6050.dir/home/ubuntu/pico-sdk/src/rp2_common/pico_printf/printf.c.obj
LOAD CMakeFiles/mpu6050.dir/home/ubuntu/pico-sdk/src/rp2_common/pico_bit_ops/bit_ops_aeabi.S.obj
LOAD CMakeFiles/mpu6050.dir/home/ubuntu/pico-sdk/src/rp2_common/pico_bootrom/bootrom.c.obj
LOAD CMakeFiles/mpu6050.dir/home/ubuntu/pico-sdk/src/rp2_common/pico_divider/divider.S.obj
LOAD CMakeFiles/mpu6050.dir/home/ubuntu/pico-sdk/src/rp2_common/pico_double/double_aeabi.S.obj
LOAD CMakeFiles/mpu6050.dir/home/ubuntu/pico-sdk/src/rp2_common/pico_double/double_init_rom.c.obj
LOAD CMakeFiles/mpu6050.dir/home/ubuntu/pico-sdk/src/rp2_common/pico_double/double_math.c.obj
LOAD CMakeFiles/mpu6050.dir/home/ubuntu/pico-sdk/src/rp2_common/pico_double/double_v1_rom_shim.S.obj
LOAD CMakeFiles/mpu6050.dir/home/ubuntu/pico-sdk/src/rp2_common/pico_int64_ops/pico_int64_ops_aeabi.S.obj
LOAD CMakeFiles/mpu6050.dir/home/ubuntu/pico-sdk/src/rp2_common/pico_float/float_aeabi.S.obj
LOAD CMakeFiles/mpu6050.dir/home/ubuntu/pico-sdk/src/rp2_common/pico_float/float_init_rom.c.obj
LOAD CMakeFiles/mpu6050.dir/home/ubuntu/pico-sdk/src/rp2_common/pico_float/float_math.c.obj
LOAD CMakeFiles/mpu6050.dir/home/ubuntu/pico-sdk/src/rp2_common/pico_float/float_v1_rom_shim.S.obj
LOAD CMakeFiles/mpu6050.dir/home/ubuntu/pico-sdk/src/rp2_common/pico_malloc/pico_malloc.c.obj
LOAD CMakeFiles/mpu6050.dir/home/ubuntu/pico-sdk/src/rp2_common/pico_mem_ops/mem_ops_aeabi.S.obj
LOAD CMakeFiles/mpu6050.dir/home/ubuntu/pico-sdk/src/rp2_common/pico_standard_link/crt0.S.obj
LOAD CMakeFiles/mpu6050.dir/home/ubuntu/pico-sdk/src/rp2_common/pico_standard_link/new_delete.cpp.obj
LOAD CMakeFiles/mpu6050.dir/home/ubuntu/pico-sdk/src/rp2_common/pico_standard_link/binary_info.c.obj
LOAD CMakeFiles/mpu6050.dir/home/ubuntu/pico-sdk/src/rp2_common/pico_stdio/stdio.c.obj
LOAD CMakeFiles/mpu6050.dir/home/ubuntu/pico-sdk/src/rp2_common/pico_stdio_usb/reset_interface.c.obj
LOAD CMakeFiles/mpu6050.dir/home/ubuntu/pico-sdk/src/rp2_common/pico_stdio_usb/stdio_usb.c.obj
LOAD CMakeFiles/mpu6050.dir/home/ubuntu/pico-sdk/src/rp2_common/pico_stdio_usb/stdio_usb_descriptors.c.obj
LOAD CMakeFiles/mpu6050.dir/home/ubuntu/pico-sdk/src/rp2_common/pico_unique_id/unique_id.c.obj
LOAD CMakeFiles/mpu6050.dir/home/ubuntu/pico-sdk/src/rp2_common/hardware_flash/flash.c.obj
LOAD CMakeFiles/mpu6050.dir/home/ubuntu/pico-sdk/lib/tinyusb/src/portable/raspberrypi/rp2040/dcd_rp2040.c.obj
LOAD CMakeFiles/mpu6050.dir/home/ubuntu/pico-sdk/lib/tinyusb/src/portable/raspberrypi/rp2040/rp2040_usb.c.obj
LOAD CMakeFiles/mpu6050.dir/home/ubuntu/pico-sdk/lib/tinyusb/src/device/usbd.c.obj
LOAD CMakeFiles/mpu6050.dir/home/ubuntu/pico-sdk/lib/tinyusb/src/device/usbd_control.c.obj
LOAD CMakeFiles/mpu6050.dir/home/ubuntu/pico-sdk/lib/tinyusb/src/class/audio/audio_device.c.obj
LOAD CMakeFiles/mpu6050.dir/home/ubuntu/pico-sdk/lib/tinyusb/src/class/cdc/cdc_device.c.obj
LOAD CMakeFiles/mpu6050.dir/home/ubuntu/pico-sdk/lib/tinyusb/src/class/dfu/dfu_device.c.obj
LOAD CMakeFiles/mpu6050.dir/home/ubuntu/pico-sdk/lib/tinyusb/src/class/dfu/dfu_rt_device.c.obj
LOAD CMakeFiles/mpu6050.dir/home/ubuntu/pico-sdk/lib/tinyusb/src/class/hid/hid_device.c.obj
LOAD CMakeFiles/mpu6050.dir/home/ubuntu/pico-sdk/lib/tinyusb/src/class/midi/midi_device.c.obj
LOAD CMakeFiles/mpu6050.dir/home/ubuntu/pico-sdk/lib/tinyusb/src/class/msc/msc_device.c.obj
LOAD CMakeFiles/mpu6050.dir/home/ubuntu/pico-sdk/lib/tinyusb/src/class/net/ecm_rndis_device.c.obj
LOAD CMakeFiles/mpu6050.dir/home/ubuntu/pico-sdk/lib/tinyusb/src/class/net/ncm_device.c.obj
LOAD CMakeFiles/mpu6050.dir/home/ubuntu/pico-sdk/lib/tinyusb/src/class/usbtmc/usbtmc_device.c.obj
LOAD CMakeFiles/mpu6050.dir/home/ubuntu/pico-sdk/lib/tinyusb/src/class/vendor/vendor_device.c.obj
LOAD CMakeFiles/mpu6050.dir/home/ubuntu/pico-sdk/lib/tinyusb/src/class/video/video_device.c.obj
LOAD CMakeFiles/mpu6050.dir/home/ubuntu/pico-sdk/lib/tinyusb/src/tusb.c.obj
LOAD CMakeFiles/mpu6050.dir/home/ubuntu/pico-sdk/lib/tinyusb/src/common/tusb_fifo.c.obj
LOAD CMakeFiles/mpu6050.dir/home/ubuntu/pico-sdk/src/rp2_common/pico_fix/rp2040_usb_device_enumeration/rp2040_usb_device_enumeration.c.obj
LOAD CMakeFiles/mpu6050.dir/home/ubuntu/pico-sdk/src/rp2_common/hardware_i2c/i2c.c.obj
LOAD /tmp/ccOovNPY.o
LOAD /usr/lib/gcc/arm-none-eabi/10.3.1/../../../arm-none-eabi/lib/thumb/v6-m/nofp/libstdc++.a
LOAD /usr/lib/gcc/arm-none-eabi/10.3.1/../../../arm-none-eabi/lib/thumb/v6-m/nofp/libm.a
START GROUP
LOAD /usr/lib/gcc/arm-none-eabi/10.3.1/thumb/v6-m/nofp/libgcc.a
LOAD /usr/lib/gcc/arm-none-eabi/10.3.1/../../../arm-none-eabi/lib/thumb/v6-m/nofp/libc.a
END GROUP
START GROUP
LOAD /usr/lib/gcc/arm-none-eabi/10.3.1/thumb/v6-m/nofp/libgcc.a
LOAD /usr/lib/gcc/arm-none-eabi/10.3.1/../../../arm-none-eabi/lib/thumb/v6-m/nofp/libc.a
LOAD /usr/lib/gcc/arm-none-eabi/10.3.1/../../../arm-none-eabi/lib/thumb/v6-m/nofp/libnosys.a
END GROUP
LOAD /usr/lib/gcc/arm-none-eabi/10.3.1/thumb/v6-m/nofp/crtend.o
LOAD /usr/lib/gcc/arm-none-eabi/10.3.1/thumb/v6-m/nofp/crtn.o
OUTPUT(mpu6050.elf elf32-littlearm)
LOAD linker stubs

.ARM.attributes
                0x0000000000000000       0x28
 .ARM.attributes
                0x0000000000000000       0x1e /usr/lib/gcc/arm-none-eabi/10.3.1/thumb/v6-m/nofp/crti.o
 .ARM.attributes
                0x000000000000001e       0x2c /usr/lib/gcc/arm-none-eabi/10.3.1/thumb/v6-m/nofp/crtbegin.o
 .ARM.attributes
                0x000000000000004a       0x2c CMakeFiles/mpu6050.dir/mpu6050.c.obj
 .ARM.attributes
                0x0000000000000076       0x2c CMakeFiles/mpu6050.dir/home/ubuntu/pico-sdk/src/rp2_common/hardware_gpio/gpio.c.obj
 .ARM.attributes
                0x00000000000000a2       0x2c CMakeFiles/mpu6050.dir/home/ubuntu/pico-sdk/src/rp2_common/pico_platform/platform.c.obj
 .ARM.attributes
                0x00000000000000ce       0x2c CMakeFiles/mpu6050.dir/home/ubuntu/pico-sdk/src/rp2_common/hardware_claim/claim.c.obj
 .ARM.attributes
                0x00000000000000fa       0x2c CMakeFiles/mpu6050.dir/home/ubuntu/pico-sdk/src/rp2_common/hardware_sync/sync.c.obj
 .ARM.attributes
                0x0000000000000126       0x2c CMakeFiles/mpu6050.dir/home/ubuntu/pico-sdk/src/rp2_common/hardware_irq/irq.c.obj
 .ARM.attributes
                0x0000000000000152       0x22 CMakeFiles/mpu6050.dir/home/ubuntu/pico-sdk/src/rp2_common/hardware_irq/irq_handler_chain.S.obj
 .ARM.attributes
                0x0000000000000174       0x2c CMakeFiles/mpu6050.dir/home/ubuntu/pico-sdk/src/common/pico_sync/lock_core.c.obj
 .ARM.attributes
                0x00000000000001a0       0x2c CMakeFiles/mpu6050.dir/home/ubuntu/pico-sdk/src/common/pico_sync/mutex.c.obj
 .ARM.attributes
                0x00000000000001cc       0x2c CMakeFiles/mpu6050.dir/home/ubuntu/pico-sdk/src/common/pico_sync/critical_section.c.obj
 .ARM.attributes
                0x00000000000001f8       0x2c CMakeFiles/mpu6050.dir/home/ubuntu/pico-sdk/src/common/pico_time/time.c.obj
 .ARM.attributes
                0x0000000000000224       0x2c CMakeFiles/mpu6050.dir/home/ubuntu/pico-sdk/src/rp2_common/hardware_timer/timer.c.obj
 .ARM.attributes
                0x0000000000000250       0x2c CMakeFiles/mpu6050.dir/home/ubuntu/pico-sdk/src/common/pico_util/pheap.c.obj
 .ARM.attributes
                0x000000000000027c       0x2c CMakeFiles/mpu6050.dir/home/ubuntu/pico-sdk/src/rp2_common/hardware_clocks/clocks.c.obj
 .ARM.attributes
                0x00000000000002a8       0x2c CMakeFiles/mpu6050.dir/home/ubuntu/pico-sdk/src/rp2_common/hardware_pll/pll.c.obj
 .ARM.attributes
                0x00000000000002d4       0x2c CMakeFiles/mpu6050.dir/home/ubuntu/pico-sdk/src/rp2_common/hardware_watchdog/watchdog.c.obj
 .ARM.attributes
                0x0000000000000300       0x2c CMakeFiles/mpu6050.dir/home/ubuntu/pico-sdk/src/rp2_common/hardware_xosc/xosc.c.obj
 .ARM.attributes
                0x000000000000032c       0x2c CMakeFiles/mpu6050.dir/home/ubuntu/pico-sdk/src/rp2_common/pico_runtime/runtime.c.obj
 .ARM.attributes
                0x0000000000000358       0x2c CMakeFiles/mpu6050.dir/home/ubuntu/pico-sdk/src/rp2_common/pico_printf/printf.c.obj
 .ARM.attributes
                0x0000000000000384       0x22 CMakeFiles/mpu6050.dir/home/ubuntu/pico-sdk/src/rp2_common/pico_bit_ops/bit_ops_aeabi.S.obj
 .ARM.attributes
                0x00000000000003a6       0x2c CMakeFiles/mpu6050.dir/home/ubuntu/pico-sdk/src/rp2_common/pico_bootrom/bootrom.c.obj
 .ARM.attributes